$ turbo run typecheck
• turbo 2.10.7

   • Packages in scope: @guestportal/admin-web, @guestportal/ai-tools, @guestportal/analytics, @guestportal/api, @guestportal/auth, @guestportal/config, @guestportal/contracts, @guestportal/db, @guestportal/embedding-service, @guestportal/eslint-config, @guestportal/guest-web, @guestportal/observability, @guestportal/rag, @guestportal/staff-web, @guestportal/storage, @guestportal/tenancy, @guestportal/test-kit, @guestportal/typescript-config, @guestportal/ui, @guestportal/worker
   • Running typecheck in 20 packages
   • Remote caching disabled

@guestportal/embedding-service:typecheck: cache hit, replaying logs 0a7d01e5abacd86c
@guestportal/embedding-service:typecheck: $ python3 -m compileall app
@guestportal/embedding-service:typecheck: Listing 'app'...
@guestportal/observability:build: cache hit, replaying logs 0d7b55e37cc93295
@guestportal/observability:build: $ tsc -p tsconfig.json
@guestportal/test-kit:typecheck: cache hit, replaying logs 511dcaac6f55f1ec
@guestportal/contracts:typecheck: cache hit, replaying logs f4216567c9ef6140
@guestportal/test-kit:typecheck: $ tsc -p tsconfig.json --noEmit
@guestportal/contracts:typecheck: $ tsc -p tsconfig.json --noEmit
@guestportal/config:typecheck: cache miss, executing 307714ed6cf91df6
@guestportal/contracts:build: cache hit, replaying logs eb9099df2ada4263
@guestportal/contracts:build: $ tsc -p tsconfig.json
@guestportal/config:build: cache miss, executing 869f39729b1a8b1b
@guestportal/storage:build: cache hit, replaying logs a1b68005047fd1c7
@guestportal/storage:build: $ tsc -p tsconfig.json
@guestportal/observability:typecheck: cache hit, replaying logs a0c4bc471e57b407
@guestportal/observability:typecheck: $ tsc -p tsconfig.json --noEmit
@guestportal/storage:typecheck: cache hit, replaying logs c1181dd83878c563
@guestportal/storage:typecheck: $ tsc -p tsconfig.json --noEmit
@guestportal/ai-tools:build: cache hit, replaying logs af13861d8b50b242
@guestportal/ai-tools:build: $ tsc -p tsconfig.json
@guestportal/ui:typecheck: cache hit, replaying logs 53fe4fb267134109
@guestportal/analytics:build: cache hit, replaying logs f21cda56911d365e
@guestportal/ui:typecheck: $ tsc -p tsconfig.json --noEmit
@guestportal/analytics:build: $ tsc -p tsconfig.json
@guestportal/db:typecheck: cache miss, executing 615a5ff9af5bf21c
@guestportal/rag:build: cache hit, replaying logs 25bd400252082ba2
@guestportal/rag:build: $ tsc -p tsconfig.json
@guestportal/analytics:typecheck: cache hit, replaying logs 68a28d8859657fac
@guestportal/rag:typecheck: cache hit, replaying logs 77263ab5bb0fc121
@guestportal/analytics:typecheck: $ tsc -p tsconfig.json --noEmit
@guestportal/rag:typecheck: $ tsc -p tsconfig.json --noEmit
@guestportal/ai-tools:typecheck: cache hit, replaying logs a0f2280b5c843901
@guestportal/ai-tools:typecheck: $ tsc -p tsconfig.json --noEmit
@guestportal/db:build: cache miss, executing 6a019095a862602c
@guestportal/worker:typecheck: cache hit, replaying logs 1fc342a6a6e0b498
@guestportal/worker:typecheck: $ tsc -p tsconfig.json --noEmit
@guestportal/ui:build: cache hit, replaying logs d0c4bbfafb3fd0ad
@guestportal/ui:build: $ tsc -p tsconfig.json
@guestportal/admin-web:typecheck: cache miss, executing 5b5984398a6f2637
@guestportal/guest-web:typecheck: cache miss, executing 694a56e20811f493
@guestportal/staff-web:typecheck: cache miss, executing 6df6f64a5656f60a
@guestportal/config:typecheck: $ tsc -p tsconfig.json --noEmit
@guestportal/db:typecheck: $ tsc -p tsconfig.json --noEmit
@guestportal/db:build: $ tsc -p tsconfig.json
@guestportal/guest-web:typecheck: $ tsc -p tsconfig.json --noEmit
@guestportal/admin-web:typecheck: $ tsc -p tsconfig.json --noEmit
@guestportal/staff-web:typecheck: $ tsc -p tsconfig.json --noEmit
@guestportal/config:build: $ tsc -p tsconfig.json
@guestportal/auth:build: cache miss, executing 7a1b3cd4d0c077ca
@guestportal/auth:typecheck: cache miss, executing 581a977069a896af
@guestportal/auth:typecheck: $ tsc -p tsconfig.json --noEmit
@guestportal/auth:build: $ tsc -p tsconfig.json
@guestportal/tenancy:build: cache miss, executing ade225d226c7a230
@guestportal/tenancy:typecheck: cache miss, executing 7b41ac51d5a97ec6
@guestportal/tenancy:build: $ tsc -p tsconfig.json
@guestportal/tenancy:typecheck: $ tsc -p tsconfig.json --noEmit
@guestportal/api:typecheck: cache miss, executing 87a12e41569cfc9b
@guestportal/api:typecheck: $ tsc -p tsconfig.json --noEmit

 Tasks:    29 successful, 29 total
Cached:    17 cached, 29 total
  Time:    9.328s 

