$ turbo run lint
• turbo 2.10.7

   • Packages in scope: @guestportal/admin-web, @guestportal/ai-tools, @guestportal/analytics, @guestportal/api, @guestportal/auth, @guestportal/config, @guestportal/contracts, @guestportal/db, @guestportal/embedding-service, @guestportal/eslint-config, @guestportal/guest-web, @guestportal/observability, @guestportal/rag, @guestportal/staff-web, @guestportal/storage, @guestportal/tenancy, @guestportal/test-kit, @guestportal/typescript-config, @guestportal/ui, @guestportal/worker
   • Running lint in 20 packages
   • Remote caching disabled

@guestportal/observability:build: cache hit, replaying logs 0d7b55e37cc93295
@guestportal/config:build: cache miss, executing 869f39729b1a8b1b
@guestportal/contracts:lint: cache hit, replaying logs 6115b17912801ce0
@guestportal/config:lint: cache miss, executing bd5b85afa4c4f359
@guestportal/observability:build: $ tsc -p tsconfig.json
@guestportal/embedding-service:lint: cache hit, replaying logs 94706ddf71569211
@guestportal/contracts:lint: $ eslint .
@guestportal/observability:lint: cache hit, replaying logs 08e65e0b3e8f2e2a
@guestportal/embedding-service:lint: $ python3 -m compileall app
@guestportal/embedding-service:lint: Listing 'app'...
@guestportal/storage:build: cache hit, replaying logs a1b68005047fd1c7
@guestportal/test-kit:lint: cache hit, replaying logs 8ba3e6c6010e9bd2
@guestportal/observability:lint: $ eslint .
@guestportal/storage:build: $ tsc -p tsconfig.json
@guestportal/test-kit:lint: $ eslint .
@guestportal/contracts:build: cache hit, replaying logs eb9099df2ada4263
@guestportal/contracts:build: $ tsc -p tsconfig.json
@guestportal/storage:lint: cache hit, replaying logs 1ecc22d7803fdd1b
@guestportal/storage:lint: $ eslint .
@guestportal/rag:lint: cache hit, replaying logs 20c54f43f1d45cf1
@guestportal/rag:lint: $ eslint .
@guestportal/db:lint: cache miss, executing bca9467e1aed0d6a
@guestportal/ai-tools:lint: cache hit, replaying logs d25e67ba97b0d096
@guestportal/ai-tools:lint: $ eslint .
@guestportal/db:build: cache miss, executing 6a019095a862602c
@guestportal/ai-tools:build: cache hit, replaying logs af13861d8b50b242
@guestportal/ai-tools:build: $ tsc -p tsconfig.json
@guestportal/rag:build: cache hit, replaying logs 25bd400252082ba2
@guestportal/rag:build: $ tsc -p tsconfig.json
@guestportal/analytics:build: cache hit, replaying logs f21cda56911d365e
@guestportal/analytics:build: $ tsc -p tsconfig.json
@guestportal/ui:build: cache hit, replaying logs d0c4bbfafb3fd0ad
@guestportal/ui:build: $ tsc -p tsconfig.json
@guestportal/ui:lint: cache hit, replaying logs 5ff43dc2dabfad8e
@guestportal/analytics:lint: cache hit, replaying logs 76189a3f5775591a
@guestportal/analytics:lint: $ eslint .
@guestportal/worker:lint: cache hit, replaying logs 2d5b6eee6a418914
@guestportal/ui:lint: $ eslint .
@guestportal/worker:lint: $ eslint .
@guestportal/staff-web:lint: cache miss, executing aec51c6607aa04a2
@guestportal/admin-web:lint: cache miss, executing 2a9a0980542298d6
@guestportal/guest-web:lint: cache miss, executing 5995c5e189e120fd
@guestportal/config:lint: $ eslint .
@guestportal/db:build: $ tsc -p tsconfig.json
@guestportal/db:lint: $ eslint .
@guestportal/guest-web:lint: $ eslint .
@guestportal/staff-web:lint: $ eslint .
@guestportal/config:build: $ tsc -p tsconfig.json
@guestportal/admin-web:lint: $ eslint .
@guestportal/auth:build: cache miss, executing 7a1b3cd4d0c077ca
@guestportal/auth:lint: cache miss, executing a4a8290a318b917f
@guestportal/auth:build: $ tsc -p tsconfig.json
@guestportal/auth:lint: $ eslint .
@guestportal/tenancy:build: cache miss, executing ade225d226c7a230
@guestportal/tenancy:lint: cache miss, executing ea43fb6e2f19079d
@guestportal/tenancy:lint: $ eslint .
@guestportal/tenancy:build: $ tsc -p tsconfig.json
@guestportal/api:lint: cache miss, executing 4683bcf0c7a12f0c
@guestportal/api:lint: $ eslint .

 Tasks:    29 successful, 29 total
Cached:    17 cached, 29 total
  Time:    8.997s 

