   ▲ Next.js 15.5.21

   Creating an optimized production build ...
 ✓ Compiled successfully in 674ms
   Linting and checking validity of types ...
   Collecting page data ...
   Generating static pages (0/4) ...
   Generating static pages (1/4) 
   Generating static pages (2/4) 
   Generating static pages (3/4) 
 ✓ Generating static pages (4/4)
   Finalizing page optimization ...
   Collecting build traces ...

Route (app)                                 Size  First Load JS
┌ ○ /                                      123 B         102 kB
├ ○ /_not-found                            991 B         103 kB
├ ƒ /g/[qrToken]                           128 B         117 kB
├ ƒ /g/[qrToken]/chat                      128 B         117 kB
├ ƒ /g/[qrToken]/explore                   128 B         117 kB
├ ƒ /g/[qrToken]/guide                     128 B         117 kB
└ ƒ /g/[qrToken]/status                    127 B         117 kB
+ First Load JS shared by all             102 kB
  ├ chunks/127-4d40aa6cc03772b2.js       45.9 kB
  ├ chunks/efc7ba85-aa36d849d6c3c3e2.js  54.2 kB
  └ other shared chunks (total)          1.88 kB


○  (Static)   prerendered as static content
ƒ  (Dynamic)  server-rendered on demand

$ next build

 ⚠ The Next.js plugin was not detected in your ESLint configuration. See https://nextjs.org/docs/app/api-reference/config/eslint#migrating-existing-config
