$ next start --port 3101
$ node dist/server.js
   ▲ Next.js 15.5.21
   - Local:        http://localhost:3101
   - Network:      http://192.168.1.184:3101

 ✓ Starting...
 ✓ Ready in 470ms
{"level":"info","time":"2026-07-28T08:20:54.729Z","service":"api","msg":"api.started","port":4000}
{"level":"info","time":"2026-07-28T08:20:55.695Z","service":"api","msg":"request.completed","method":"GET","url":"/health","statusCode":200,"requestId":"382601ca-dd72-4931-ad30-4a26706e2efa"}

Running 39 tests using 1 worker

  ✓   1 [chromium] › e2e/admin-analytics.spec.ts:132:1 › owner views real analytics dashboard with evidence (1.9s)
  ✓   2 [chromium] › e2e/admin-analytics.spec.ts:177:1 › content manager sees analytics permission error (486ms)
  ✓   3 [chromium] › e2e/admin-audit.spec.ts:106:1 › owner exports operations and reviews audit log with evidence (2.1s)
  ✓   4 [chromium] › e2e/admin-audit.spec.ts:162:1 › content manager sees audit permission error (419ms)
  ✓   5 [chromium] › e2e/admin-management.spec.ts:62:1 › admin manages team, settings and security controls with evidence (1.6s)
  ✓   6 [chromium] › e2e/admin-management.spec.ts:123:1 › knowledge operations filter and delete a source with confirmation (447ms)
  ✓   7 [chromium] › e2e/admin-management.spec.ts:153:1 › viewer sees permission errors for team management (336ms)
  ✓   8 [chromium] › e2e/admin-operations.spec.ts:175:1 › admin operations filters and opens request/order deep links with evidence (2.5s)
  ✓   9 [chromium] › e2e/admin-operations.spec.ts:230:1 › admin operations paginates large request lists (1.1s)
  ✓  10 [chromium] › e2e/admin-operations.spec.ts:252:1 › content manager cannot open admin operations queues (623ms)
  ✓  11 [chromium] › e2e/admin-shell.spec.ts:14:1 › owner can navigate the shell and use the keyboard collapse control (997ms)
  ✓  12 [chromium] › e2e/admin-shell.spec.ts:27:1 › viewer sees only permitted navigation (942ms)
  ✓  13 [chromium] › e2e/admin-shell.spec.ts:36:3 › shell has no horizontal overflow at 1024px (1.0s)
  ✓  14 [chromium] › e2e/admin-shell.spec.ts:36:3 › shell has no horizontal overflow at 1280px (1.1s)
  ✓  15 [chromium] › e2e/admin-shell.spec.ts:36:3 › shell has no horizontal overflow at 1440px (1.0s)
  ✓  16 [chromium] › e2e/admin-shell.spec.ts:49:1 › Vietnamese labels remain usable (1.0s)
  ✓  17 [chromium] › e2e/asset-upload.spec.ts:31:1 › branding upload UI shows controls and rejects invalid files (2.3s)
  ✓  18 [chromium] › e2e/auth.spec.ts:11:1 › login logout and locale switch with screenshots (1.2s)
  ✓  19 [chromium] › e2e/auth.spec.ts:32:1 › property manager cannot see unassigned properties (924ms)
  ✓  20 [chromium] › e2e/auth.spec.ts:43:1 › access denied path shows forbidden messaging when forced (972ms)
  ✓  21 [chromium] › e2e/i18n.spec.ts:14:1 › admin locale switch persists cookie and route (1.1s)
  ✓  22 [chromium] › e2e/i18n.spec.ts:27:5 › admin long translation has no overflow at 360px (en) (971ms)
  ✓  23 [chromium] › e2e/i18n.spec.ts:27:5 › admin long translation has no overflow at 360px (vi) (973ms)
  ✓  24 [chromium] › e2e/i18n.spec.ts:27:5 › admin long translation has no overflow at 1024px (en) (1.0s)
  ✓  25 [chromium] › e2e/i18n.spec.ts:27:5 › admin long translation has no overflow at 1024px (vi) (991ms)
  ✓  26 [chromium] › e2e/i18n.spec.ts:27:5 › admin long translation has no overflow at 1440px (en) (991ms)
  ✓  27 [chromium] › e2e/i18n.spec.ts:27:5 › admin long translation has no overflow at 1440px (vi) (1.0s)
  ✓  28 [chromium] › e2e/knowledge-search.spec.ts:88:1 › admin can upload, process and search knowledge with citations (3.2s)
  ✓  29 [chromium] › e2e/knowledge-search.spec.ts:178:1 › knowledge search has Vietnamese copy and no serious axe violations (1.9s)
  ✓  30 [chromium] › e2e/knowledge-search.spec.ts:207:1 › knowledge search renders no-result and blocked-query states (1.3s)
  ✓  31 [chromium] › e2e/knowledge-sources.spec.ts:15:1 › knowledge sources panel shows upload failure for unsupported mime (1.2s)
  ✓  32 [chromium] › e2e/portal-builder.spec.ts:23:1 › builder supports selection, reorder, inspector and keyboard smoke (1.2s)
  ✓  33 [chromium] › e2e/portal-builder.spec.ts:48:1 › builder autosave failure is recoverable via retry (1.9s)
  ✓  34 [chromium] › e2e/portal-builder.spec.ts:75:1 › builder visual snapshots at 1280 and 1440 (1.8s)
  ✓  35 [chromium] › e2e/portal-preview.spec.ts:23:1 › preview switches locale/device and uses draft source (1.4s)
  ✓  36 [chromium] › e2e/portal-preview.spec.ts:34:1 › navigation editor persists primary href (1.2s)
  ✓  37 [chromium] › e2e/portal-preview.spec.ts:45:1 › preview responsive snapshots (1.9s)
  ✓  38 [chromium] › e2e/portal-publish.spec.ts:11:1 › publish and rollback create auditable versions (1.2s)
  ✓  39 [chromium] › e2e/property-branding.spec.ts:28:1 › property settings and branding forms validate and persist (1.5s)

  39 passed (50.6s)
$ playwright test
(node:73809) Warning: The 'NO_COLOR' env is ignored due to the 'FORCE_COLOR' env being set.
(Use `node --trace-warnings ...` to show where the warning was created)
{"level":"info","time":"2026-07-28T08:20:58.303Z","service":"api","msg":"request.completed","method":"POST","url":"/v1/auth/login","statusCode":200,"requestId":"73834e7f-9055-484e-9363-0182695c04ba"}
{"level":"info","time":"2026-07-28T08:20:58.326Z","service":"api","msg":"request.completed","method":"GET","url":"/v1/properties?organizationId=d215a186-f84d-4c7c-b75a-3189969999c2","statusCode":200,"requestId":"1b4a9532-62c8-410a-b9e9-ec54aeb238e9"}
{"level":"info","time":"2026-07-28T08:20:58.333Z","service":"api","msg":"request.completed","method":"GET","url":"/v1/properties/3ab87d2a-0c78-4fac-aa15-515a733cc3ae/locations","statusCode":200,"requestId":"74db63a4-9354-416e-9fa0-dfb7a8e7dd6b"}
{"level":"info","time":"2026-07-28T08:20:58.342Z","service":"api","msg":"request.completed","method":"POST","url":"/v1/properties/3ab87d2a-0c78-4fac-aa15-515a733cc3ae/qr-codes","statusCode":200,"requestId":"64dca240-458f-4e33-b53b-c6ec4c56b299"}
{"level":"info","time":"2026-07-28T08:20:58.352Z","service":"api","msg":"request.completed","method":"POST","url":"/v1/guest/sessions","statusCode":200,"requestId":"c8cba76e-b3d0-4387-81a6-4bb1b4471eb4"}
{"level":"info","time":"2026-07-28T08:20:58.359Z","service":"api","msg":"request.completed","method":"POST","url":"/v1/guest/conversations","statusCode":200,"requestId":"71da0003-2edb-49a2-a620-1508b077efb5"}
{"level":"info","time":"2026-07-28T08:20:58.365Z","service":"api","msg":"request.completed","method":"POST","url":"/v1/guest/request-drafts","statusCode":200,"requestId":"a23092bb-eb9d-4095-9995-743a87476b6c"}
{"level":"info","time":"2026-07-28T08:20:58.380Z","service":"api","msg":"request.completed","method":"POST","url":"/v1/guest/request-drafts/a7f6a5b9-81d0-43fe-bf6c-66f89fe17b55/confirm","statusCode":200,"requestId":"f3854e1c-1bc3-4f74-aec4-e58e5ecec928"}
{"level":"info","time":"2026-07-28T08:20:58.385Z","service":"api","msg":"request.completed","method":"POST","url":"/v1/guest/order-drafts","statusCode":200,"requestId":"be3d0806-f04b-4278-8b8e-9df160cf224e"}
{"level":"info","time":"2026-07-28T08:20:58.395Z","service":"api","msg":"request.completed","method":"POST","url":"/v1/guest/order-drafts/77f54c25-123a-46e2-a73c-ed7723d9fd17/confirm","statusCode":200,"requestId":"ef49891d-0d7e-42ca-a6b4-feb0e401d0bb"}
{"level":"info","time":"2026-07-28T08:20:58.584Z","service":"api","msg":"request.completed","method":"GET","url":"/v1/me","statusCode":200,"requestId":"6c592dd5-988c-451b-9b1e-f660545d092d"}
{"level":"info","time":"2026-07-28T08:20:58.594Z","service":"api","msg":"request.completed","method":"GET","url":"/v1/organizations","statusCode":200,"requestId":"5622a732-ea6e-44b0-bc85-761afe2e6bf3"}
{"level":"info","time":"2026-07-28T08:20:58.652Z","service":"api","msg":"request.completed","method":"GET","url":"/v1/admin/properties/3ab87d2a-0c78-4fac-aa15-515a733cc3ae/analytics?dateFrom=2026-07-13T17%3A00%3A00.000Z&dateTo=2026-07-28T16%3A59%3A59.999Z","statusCode":200,"requestId":"f23e79e6-6e8a-4803-adbc-c53015715f60"}
{"level":"info","time":"2026-07-28T08:20:58.662Z","service":"api","msg":"request.completed","method":"GET","url":"/v1/properties?organizationId=d215a186-f84d-4c7c-b75a-3189969999c2","statusCode":200,"requestId":"3012a3df-90fd-4679-b936-a61f3631c1b0"}
{"level":"info","time":"2026-07-28T08:20:59.340Z","service":"api","msg":"request.completed","method":"GET","url":"/v1/me","statusCode":200,"requestId":"d9808851-0e3e-45b5-a07e-5c9c5612fe4a"}
{"level":"info","time":"2026-07-28T08:20:59.345Z","service":"api","msg":"request.completed","method":"GET","url":"/v1/organizations","statusCode":200,"requestId":"58fceb6c-2733-432c-a17a-bd8767c4c25b"}
{"level":"info","time":"2026-07-28T08:20:59.353Z","service":"api","msg":"request.completed","method":"GET","url":"/v1/properties?organizationId=d215a186-f84d-4c7c-b75a-3189969999c2","statusCode":200,"requestId":"87252412-a1ff-4986-922b-29c27c75241b"}
{"level":"info","time":"2026-07-28T08:20:59.355Z","service":"api","msg":"request.completed","method":"GET","url":"/v1/admin/properties/3ab87d2a-0c78-4fac-aa15-515a733cc3ae/analytics?dateFrom=2026-07-13T17%3A00%3A00.000Z&dateTo=2026-07-28T16%3A59%3A59.999Z","statusCode":200,"requestId":"2dc20c0d-3edc-48bd-ac6f-6e18834baf58"}
{"level":"info","time":"2026-07-28T08:20:59.754Z","service":"api","msg":"request.completed","method":"POST","url":"/v1/auth/login","statusCode":200,"requestId":"09e8dbfe-3251-4ea6-9b62-b82d703cc9b1"}
{"level":"info","time":"2026-07-28T08:20:59.766Z","service":"api","msg":"request.completed","method":"GET","url":"/v1/properties?organizationId=d215a186-f84d-4c7c-b75a-3189969999c2","statusCode":200,"requestId":"8668975c-46e6-412f-865e-ae547f00d956"}
{"level":"info","time":"2026-07-28T08:20:59.849Z","service":"api","msg":"request.completed","method":"GET","url":"/v1/me","statusCode":200,"requestId":"2c46fb65-5a75-4a33-8345-d02cf35b23b6"}
{"level":"info","time":"2026-07-28T08:20:59.857Z","service":"api","msg":"request.completed","method":"GET","url":"/v1/organizations","statusCode":200,"requestId":"97ef3fbc-ef3e-4bd2-b5ce-7ee66d0613ff"}
{"level":"info","time":"2026-07-28T08:20:59.889Z","service":"api","msg":"request.completed","method":"GET","url":"/v1/admin/properties/3ab87d2a-0c78-4fac-aa15-515a733cc3ae/analytics?dateFrom=2026-07-13T17%3A00%3A00.000Z&dateTo=2026-07-28T16%3A59%3A59.999Z","statusCode":403,"requestId":"21aa67a0-9d20-4b4a-8203-1612b96855a2"}
{"level":"info","time":"2026-07-28T08:20:59.894Z","service":"api","msg":"request.completed","method":"GET","url":"/v1/properties?organizationId=d215a186-f84d-4c7c-b75a-3189969999c2","statusCode":200,"requestId":"df1555ff-2244-4dc6-9263-a20dc310ff49"}
{"level":"info","time":"2026-07-28T08:21:00.660Z","service":"api","msg":"request.completed","method":"POST","url":"/v1/auth/login","statusCode":200,"requestId":"c8614c6d-ed0b-4eb7-b805-d7c1ac5eedd2"}
{"level":"info","time":"2026-07-28T08:21:00.698Z","service":"api","msg":"request.completed","method":"GET","url":"/v1/properties?organizationId=d215a186-f84d-4c7c-b75a-3189969999c2","statusCode":200,"requestId":"5b906955-1053-42a0-8f52-0bc8da046827"}
{"level":"info","time":"2026-07-28T08:21:00.724Z","service":"api","msg":"request.completed","method":"GET","url":"/v1/properties/3ab87d2a-0c78-4fac-aa15-515a733cc3ae/locations","statusCode":200,"requestId":"3e92e691-861a-49fd-b87c-d989e9409135"}
{"level":"info","time":"2026-07-28T08:21:00.755Z","service":"api","msg":"request.completed","method":"POST","url":"/v1/properties/3ab87d2a-0c78-4fac-aa15-515a733cc3ae/qr-codes","statusCode":200,"requestId":"25b7f5b8-f8f2-4e00-ba7e-d9e641940aee"}
{"level":"info","time":"2026-07-28T08:21:00.773Z","service":"api","msg":"request.completed","method":"POST","url":"/v1/guest/sessions","statusCode":200,"requestId":"cd3d271c-fef0-4454-b652-0b4de1c8c051"}
{"level":"info","time":"2026-07-28T08:21:00.816Z","service":"api","msg":"request.completed","method":"POST","url":"/v1/guest/conversations","statusCode":200,"requestId":"e51338c6-5d3d-4e67-89e2-1ed095eaa7ab"}
{"level":"info","time":"2026-07-28T08:21:00.825Z","service":"api","msg":"request.completed","method":"POST","url":"/v1/guest/request-drafts","statusCode":200,"requestId":"270d0130-dd2b-4417-a5f9-5f468e2c9b51"}
{"level":"info","time":"2026-07-28T08:21:00.844Z","service":"api","msg":"request.completed","method":"POST","url":"/v1/guest/request-drafts/ddf0d1f3-0235-469b-91d9-9e4c23f90031/confirm","statusCode":200,"requestId":"4c0a41de-c840-45dd-ab66-9dddab980d4a"}
{"level":"info","time":"2026-07-28T08:21:01.101Z","service":"api","msg":"request.completed","method":"GET","url":"/v1/me","statusCode":200,"requestId":"43b56b4f-8660-4264-bd2c-47d0d67f37d1"}
{"level":"info","time":"2026-07-28T08:21:01.114Z","service":"api","msg":"request.completed","method":"GET","url":"/v1/organizations","statusCode":200,"requestId":"f2073973-e1da-47b1-9c5e-b98726a2e42d"}
{"level":"info","time":"2026-07-28T08:21:01.134Z","service":"api","msg":"request.completed","method":"GET","url":"/v1/admin/properties/3ab87d2a-0c78-4fac-aa15-515a733cc3ae/operations/requests?limit=20&status=all","statusCode":200,"requestId":"0e65f6f9-cb18-4157-9322-d9b3456f6c98"}
{"level":"info","time":"2026-07-28T08:21:01.138Z","service":"api","msg":"request.completed","method":"GET","url":"/v1/properties?organizationId=d215a186-f84d-4c7c-b75a-3189969999c2","statusCode":200,"requestId":"76373f87-35a3-4f74-90fe-d1221424c14d"}
{"level":"info","time":"2026-07-28T08:21:01.147Z","service":"api","msg":"request.completed","method":"GET","url":"/v1/admin/properties/3ab87d2a-0c78-4fac-aa15-515a733cc3ae/operations/requests?limit=20&status=submitted","statusCode":200,"requestId":"74b983c6-7a2c-4caa-8cee-6b4de0157d29"}
{"level":"info","time":"2026-07-28T08:21:01.204Z","service":"api","msg":"request.completed","method":"GET","url":"/v1/admin/properties/3ab87d2a-0c78-4fac-aa15-515a733cc3ae/operations/requests/export?status=submitted&limit=1000","statusCode":200,"requestId":"e7f83c8b-b8c5-45a9-9020-8ea29a860e36"}
{"level":"info","time":"2026-07-28T08:21:01.244Z","service":"api","msg":"request.completed","method":"GET","url":"/v1/admin/properties/3ab87d2a-0c78-4fac-aa15-515a733cc3ae/operations/requests/export?status=submitted&limit=1000","statusCode":200,"requestId":"e38784c9-f2ba-478a-892c-b2c8c3f8cb41"}
{"level":"info","time":"2026-07-28T08:21:01.272Z","service":"api","msg":"request.completed","method":"GET","url":"/v1/me","statusCode":200,"requestId":"786ba9a7-a6bd-4f6b-afd1-df728e4fb5e1"}
{"level":"info","time":"2026-07-28T08:21:01.276Z","service":"api","msg":"request.completed","method":"GET","url":"/v1/organizations","statusCode":200,"requestId":"e59a8a4a-9235-497a-bfc5-a4219002ac43"}
{"level":"info","time":"2026-07-28T08:21:01.291Z","service":"api","msg":"request.completed","method":"GET","url":"/v1/properties?organizationId=d215a186-f84d-4c7c-b75a-3189969999c2","statusCode":200,"requestId":"1d9417b0-4396-49d8-881b-2e225044bd91"}
{"level":"info","time":"2026-07-28T08:21:01.306Z","service":"api","msg":"request.completed","method":"GET","url":"/v1/admin/organizations/d215a186-f84d-4c7c-b75a-3189969999c2/audit-logs?limit=30&action=operations.export","statusCode":200,"requestId":"be6c4cb3-c102-4ff9-92ff-5a75bbfa7306"}
{"level":"info","time":"2026-07-28T08:21:01.307Z","service":"api","msg":"request.completed","method":"GET","url":"/v1/admin/organizations/d215a186-f84d-4c7c-b75a-3189969999c2/audit-logs?limit=30","statusCode":200,"requestId":"584639e8-de94-4d8d-a1be-deb63d7add3f"}
{"level":"info","time":"2026-07-28T08:21:01.313Z","service":"api","msg":"request.completed","method":"GET","url":"/v1/admin/organizations/d215a186-f84d-4c7c-b75a-3189969999c2/audit-logs?limit=30&action=operations.export&q=3ab87d2a-0c78-4fac-aa15-515a733cc3ae","statusCode":200,"requestId":"f76bd59c-e3a9-48e6-bd64-67e4f8297c80"}
{"level":"info","time":"2026-07-28T08:21:01.993Z","service":"api","msg":"request.completed","method":"GET","url":"/v1/me","statusCode":200,"requestId":"dd063dc9-c75b-4570-9254-4753afa3fd4c"}
{"level":"info","time":"2026-07-28T08:21:01.998Z","service":"api","msg":"request.completed","method":"GET","url":"/v1/organizations","statusCode":200,"requestId":"2fa5d63c-002a-441f-9a15-0905a123696f"}
{"level":"info","time":"2026-07-28T08:21:02.003Z","service":"api","msg":"request.completed","method":"GET","url":"/v1/properties?organizationId=d215a186-f84d-4c7c-b75a-3189969999c2","statusCode":200,"requestId":"6cd1c853-03ac-4da9-81d7-85ae195308a4"}
{"level":"info","time":"2026-07-28T08:21:02.012Z","service":"api","msg":"request.completed","method":"GET","url":"/v1/admin/organizations/d215a186-f84d-4c7c-b75a-3189969999c2/audit-logs?limit=30","statusCode":200,"requestId":"d6820804-bd7a-462a-a784-37d6eeda9a5b"}
{"level":"info","time":"2026-07-28T08:21:02.393Z","service":"api","msg":"request.completed","method":"POST","url":"/v1/auth/login","statusCode":200,"requestId":"a21a87c4-4c6d-46f9-9694-36c072001b92"}
{"level":"info","time":"2026-07-28T08:21:02.459Z","service":"api","msg":"request.completed","method":"GET","url":"/v1/me","statusCode":200,"requestId":"b49f6a77-6b8f-444a-9526-638f66428e9c"}
{"level":"info","time":"2026-07-28T08:21:02.466Z","service":"api","msg":"request.completed","method":"GET","url":"/v1/organizations","statusCode":200,"requestId":"cdd1eef0-8b4b-432c-b4fb-8ed2098c0114"}
{"level":"info","time":"2026-07-28T08:21:02.482Z","service":"api","msg":"request.completed","method":"GET","url":"/v1/properties?organizationId=d215a186-f84d-4c7c-b75a-3189969999c2","statusCode":200,"requestId":"207159a4-b1bb-4a47-9263-0e39b2298c40"}
{"level":"info","time":"2026-07-28T08:21:02.484Z","service":"api","msg":"request.completed","method":"GET","url":"/v1/admin/organizations/d215a186-f84d-4c7c-b75a-3189969999c2/audit-logs?limit=30","statusCode":403,"requestId":"9a227c80-4eaf-43c4-b384-247127d0909b"}
{"level":"info","time":"2026-07-28T08:21:02.776Z","service":"api","msg":"request.completed","method":"POST","url":"/v1/auth/login","statusCode":200,"requestId":"2f08e051-5e45-4950-a2f4-34a93ee3f09e"}
{"level":"info","time":"2026-07-28T08:21:02.843Z","service":"api","msg":"request.completed","method":"GET","url":"/v1/me","statusCode":200,"requestId":"2c701ed6-aec8-4745-8888-d1741aaa868e"}
{"level":"info","time":"2026-07-28T08:21:02.848Z","service":"api","msg":"request.completed","method":"GET","url":"/v1/organizations","statusCode":200,"requestId":"a3e0ee6d-52a8-4437-9c32-b06beb461647"}
{"level":"info","time":"2026-07-28T08:21:02.862Z","service":"api","msg":"request.completed","method":"GET","url":"/v1/properties?organizationId=d215a186-f84d-4c7c-b75a-3189969999c2","statusCode":200,"requestId":"80791fee-4337-4fec-a5f4-8ca9a1409dd9"}
{"level":"info","time":"2026-07-28T08:21:02.883Z","service":"api","msg":"request.completed","method":"GET","url":"/v1/organizations/d215a186-f84d-4c7c-b75a-3189969999c2/team/members","statusCode":200,"requestId":"c084a786-7e76-410a-ae31-9e143926a76b"}
{"level":"info","time":"2026-07-28T08:21:02.966Z","service":"api","msg":"request.completed","method":"OPTIONS","url":"/v1/organizations/d215a186-f84d-4c7c-b75a-3189969999c2/team/members/399cea8c-e5e2-4230-9332-a2ad163f7120","statusCode":204,"requestId":"78710e32-0196-421f-b018-39e54f9cde14"}
{"level":"info","time":"2026-07-28T08:21:02.971Z","service":"api","msg":"request.completed","method":"PATCH","url":"/v1/organizations/d215a186-f84d-4c7c-b75a-3189969999c2/team/members/399cea8c-e5e2-4230-9332-a2ad163f7120","statusCode":400,"requestId":"d35bd9c9-9392-43c8-887c-cd58854d174c"}
{"level":"info","time":"2026-07-28T08:21:03.022Z","service":"api","msg":"request.completed","method":"OPTIONS","url":"/v1/organizations/d215a186-f84d-4c7c-b75a-3189969999c2/team/members/213cffce-2982-468c-aeea-4ab7890c98df","statusCode":204,"requestId":"07c62c4e-1941-4a68-ad33-f60afab3c267"}
{"level":"info","time":"2026-07-28T08:21:03.050Z","service":"api","msg":"request.completed","method":"PATCH","url":"/v1/organizations/d215a186-f84d-4c7c-b75a-3189969999c2/team/members/213cffce-2982-468c-aeea-4ab7890c98df","statusCode":200,"requestId":"7bdce553-44d0-4e76-809e-a5fed04bcc52"}
{"level":"info","time":"2026-07-28T08:21:03.083Z","service":"api","msg":"request.completed","method":"GET","url":"/v1/organizations/d215a186-f84d-4c7c-b75a-3189969999c2/team/members","statusCode":200,"requestId":"1d87f1a2-e05c-4342-83ad-3f86dd71bf9d"}
{"level":"info","time":"2026-07-28T08:21:03.115Z","service":"api","msg":"request.completed","method":"PATCH","url":"/v1/organizations/d215a186-f84d-4c7c-b75a-3189969999c2/team/members/213cffce-2982-468c-aeea-4ab7890c98df","statusCode":200,"requestId":"ac58a7b7-1813-4368-b1db-f442196d937c"}
{"level":"info","time":"2026-07-28T08:21:03.139Z","service":"api","msg":"request.completed","method":"GET","url":"/v1/organizations/d215a186-f84d-4c7c-b75a-3189969999c2/team/members","statusCode":200,"requestId":"e4b7ba5a-547a-4eb8-9aa9-7599bce0fc8a"}
{"level":"info","time":"2026-07-28T08:21:03.852Z","service":"api","msg":"request.completed","method":"GET","url":"/v1/me","statusCode":200,"requestId":"b480683a-890e-405e-ba55-09b00efa46af"}
{"level":"info","time":"2026-07-28T08:21:03.856Z","service":"api","msg":"request.completed","method":"GET","url":"/v1/organizations","statusCode":200,"requestId":"41eec340-9425-4c36-be07-05b55fc1c953"}
{"level":"info","time":"2026-07-28T08:21:03.864Z","service":"api","msg":"request.completed","method":"GET","url":"/v1/organizations/d215a186-f84d-4c7c-b75a-3189969999c2","statusCode":200,"requestId":"dfa0b2fa-51c3-4d5d-8c5c-44ff055b09fa"}
{"level":"info","time":"2026-07-28T08:21:03.864Z","service":"api","msg":"request.completed","method":"GET","url":"/v1/properties?organizationId=d215a186-f84d-4c7c-b75a-3189969999c2","statusCode":200,"requestId":"1dc047ea-7aad-49da-9be1-cc029439939b"}
{"level":"info","time":"2026-07-28T08:21:03.932Z","service":"api","msg":"request.completed","method":"OPTIONS","url":"/v1/organizations/d215a186-f84d-4c7c-b75a-3189969999c2","statusCode":204,"requestId":"bed34341-ae7c-4cdb-9dd5-5ed701873cec"}
{"level":"info","time":"2026-07-28T08:21:03.936Z","service":"api","msg":"request.completed","method":"PATCH","url":"/v1/organizations/d215a186-f84d-4c7c-b75a-3189969999c2","statusCode":200,"requestId":"3f9aadc3-8785-4a8c-a124-f9aece5585c2"}
{"level":"info","time":"2026-07-28T08:21:03.983Z","service":"api","msg":"request.completed","method":"GET","url":"/v1/me","statusCode":200,"requestId":"1810e2b6-b94c-4525-ab48-597410fed39e"}
{"level":"info","time":"2026-07-28T08:21:03.987Z","service":"api","msg":"request.completed","method":"GET","url":"/v1/organizations","statusCode":200,"requestId":"881802ae-8164-471b-87fe-23c5988b493e"}
{"level":"info","time":"2026-07-28T08:21:04.000Z","service":"api","msg":"request.completed","method":"GET","url":"/v1/organizations/d215a186-f84d-4c7c-b75a-3189969999c2/security-settings","statusCode":200,"requestId":"e16f31cf-5e68-4000-9611-d48e9e7f5aa0"}
{"level":"info","time":"2026-07-28T08:21:04.001Z","service":"api","msg":"request.completed","method":"GET","url":"/v1/properties?organizationId=d215a186-f84d-4c7c-b75a-3189969999c2","statusCode":200,"requestId":"be8c8f53-7e09-4890-9eb4-8e449533ca8d"}
{"level":"info","time":"2026-07-28T08:21:04.053Z","service":"api","msg":"request.completed","method":"GET","url":"/v1/me","statusCode":200,"requestId":"917cd9af-3741-4436-a844-941957790b49"}
{"level":"info","time":"2026-07-28T08:21:04.058Z","service":"api","msg":"request.completed","method":"GET","url":"/v1/organizations","statusCode":200,"requestId":"f039d058-b133-4c6c-ab21-928c22a85a9f"}
{"level":"info","time":"2026-07-28T08:21:04.067Z","service":"api","msg":"request.completed","method":"GET","url":"/v1/properties?organizationId=d215a186-f84d-4c7c-b75a-3189969999c2","statusCode":200,"requestId":"e63a3812-d4e4-4e63-b24e-f1f7345d3be5"}
{"level":"info","time":"2026-07-28T08:21:04.083Z","service":"api","msg":"request.completed","method":"GET","url":"/v1/organizations/d215a186-f84d-4c7c-b75a-3189969999c2/team/members","statusCode":200,"requestId":"78f2b49d-1c18-4fcc-b7cb-a0e31eb0da20"}
{"level":"info","time":"2026-07-28T08:21:04.358Z","service":"api","msg":"request.completed","method":"POST","url":"/v1/auth/login","statusCode":200,"requestId":"0471feaa-0dbe-49a6-8626-6fd2e1431b97"}
{"level":"info","time":"2026-07-28T08:21:04.363Z","service":"api","msg":"request.completed","method":"GET","url":"/v1/properties?organizationId=d215a186-f84d-4c7c-b75a-3189969999c2","statusCode":200,"requestId":"f8397a3e-396e-4db7-9d58-86cf713f3a38"}
{"level":"info","time":"2026-07-28T08:21:04.368Z","service":"api","msg":"request.completed","method":"POST","url":"/v1/properties/8d283b2a-6ccd-4ab9-99be-79604deac640/knowledge-sources","statusCode":200,"requestId":"956d569b-94e8-4075-b0ef-b0478b3efd16"}
{"level":"info","time":"2026-07-28T08:21:04.435Z","service":"api","msg":"request.completed","method":"GET","url":"/v1/me","statusCode":200,"requestId":"c4ad3fb2-9999-4e2c-9559-28e37217cc1e"}
{"level":"info","time":"2026-07-28T08:21:04.440Z","service":"api","msg":"request.completed","method":"GET","url":"/v1/organizations","statusCode":200,"requestId":"29b47133-bc56-41e6-b463-53a80fbaea6c"}
{"level":"info","time":"2026-07-28T08:21:04.453Z","service":"api","msg":"request.completed","method":"GET","url":"/v1/me","statusCode":200,"requestId":"ede4d6d2-d5c5-4c20-b419-315461bf1980"}
{"level":"info","time":"2026-07-28T08:21:04.455Z","service":"api","msg":"request.completed","method":"GET","url":"/v1/properties?organizationId=d215a186-f84d-4c7c-b75a-3189969999c2","statusCode":200,"requestId":"1f7c9733-3586-454f-8c2f-85efaff0e6e4"}
{"level":"info","time":"2026-07-28T08:21:04.464Z","service":"api","msg":"request.completed","method":"GET","url":"/v1/properties/8d283b2a-6ccd-4ab9-99be-79604deac640/knowledge-sources","statusCode":200,"requestId":"10027c74-79b0-442c-b85e-53ded1fda844"}
{"level":"info","time":"2026-07-28T08:21:04.496Z","service":"api","msg":"request.completed","method":"OPTIONS","url":"/v1/properties/8d283b2a-6ccd-4ab9-99be-79604deac640/knowledge-sources/8ea27442-6971-4378-8190-c163cf76f95e","statusCode":204,"requestId":"2fdc5172-2cfc-4fb9-b172-bdf18c4c5b6f"}
{"level":"info","time":"2026-07-28T08:21:04.508Z","service":"api","msg":"request.completed","method":"DELETE","url":"/v1/properties/8d283b2a-6ccd-4ab9-99be-79604deac640/knowledge-sources/8ea27442-6971-4378-8190-c163cf76f95e","statusCode":200,"requestId":"7a8d5235-977e-4700-931e-8f1dc6cbe01f"}
{"level":"info","time":"2026-07-28T08:21:04.525Z","service":"api","msg":"request.completed","method":"GET","url":"/v1/properties/8d283b2a-6ccd-4ab9-99be-79604deac640/knowledge-sources","statusCode":200,"requestId":"36e5e14c-6c20-4f5e-a754-ed7b5d9f9d38"}
{"level":"info","time":"2026-07-28T08:21:04.800Z","service":"api","msg":"request.completed","method":"POST","url":"/v1/auth/login","statusCode":200,"requestId":"4d831671-c49e-4468-827d-86447afda2da"}
{"level":"info","time":"2026-07-28T08:21:04.854Z","service":"api","msg":"request.completed","method":"GET","url":"/v1/me","statusCode":200,"requestId":"aeac3ed9-d37f-42e5-a09b-8e9a437dd381"}
{"level":"info","time":"2026-07-28T08:21:04.859Z","service":"api","msg":"request.completed","method":"GET","url":"/v1/organizations","statusCode":200,"requestId":"3a78cbfd-66b9-4354-b840-53c945393c01"}
{"level":"info","time":"2026-07-28T08:21:04.870Z","service":"api","msg":"request.completed","method":"GET","url":"/v1/organizations/d215a186-f84d-4c7c-b75a-3189969999c2/team/members","statusCode":403,"requestId":"fdb8f12d-93b1-426b-b377-20ed7d86ca1e"}
{"level":"info","time":"2026-07-28T08:21:04.870Z","service":"api","msg":"request.completed","method":"GET","url":"/v1/properties?organizationId=d215a186-f84d-4c7c-b75a-3189969999c2","statusCode":200,"requestId":"711292a2-e5e5-4abb-a9ba-d3cf94553069"}
{"level":"info","time":"2026-07-28T08:21:05.252Z","service":"api","msg":"request.completed","method":"POST","url":"/v1/auth/login","statusCode":200,"requestId":"396ed954-791a-4a20-83cc-28ffe65dc52b"}
{"level":"info","time":"2026-07-28T08:21:05.323Z","service":"api","msg":"request.completed","method":"GET","url":"/v1/properties?organizationId=d215a186-f84d-4c7c-b75a-3189969999c2","statusCode":200,"requestId":"12003d58-c453-4331-8b52-df89f7ed4769"}
{"level":"info","time":"2026-07-28T08:21:05.562Z","service":"api","msg":"request.completed","method":"GET","url":"/v1/properties/3ab87d2a-0c78-4fac-aa15-515a733cc3ae/locations","statusCode":200,"requestId":"ef026fb7-db4b-4fb5-a6cd-5da0a79f1ae7"}
{"level":"info","time":"2026-07-28T08:21:05.594Z","service":"api","msg":"request.completed","method":"POST","url":"/v1/properties/3ab87d2a-0c78-4fac-aa15-515a733cc3ae/qr-codes","statusCode":200,"requestId":"8b6bfe41-fc99-45c0-94ce-205075d5961a"}
{"level":"info","time":"2026-07-28T08:21:05.610Z","service":"api","msg":"request.completed","method":"POST","url":"/v1/guest/sessions","statusCode":200,"requestId":"a7e3edd1-d81b-4bb3-97ad-0f2105bf2dc9"}
{"level":"info","time":"2026-07-28T08:21:05.620Z","service":"api","msg":"request.completed","method":"POST","url":"/v1/guest/conversations","statusCode":200,"requestId":"63c2dcbf-b831-4e93-81bd-bdc96789fb27"}
{"level":"info","time":"2026-07-28T08:21:05.653Z","service":"api","msg":"request.completed","method":"POST","url":"/v1/guest/conversations/f2b69564-e960-4a51-903a-88d5d59b83d2/messages","statusCode":200,"requestId":"c2d72b54-a56a-4658-b962-0f5a4a5242fe"}
{"level":"info","time":"2026-07-28T08:21:05.664Z","service":"api","msg":"request.completed","method":"POST","url":"/v1/guest/request-drafts","statusCode":200,"requestId":"7989e7b2-19be-4087-b26b-91d8a0a491f6"}
{"level":"info","time":"2026-07-28T08:21:05.681Z","service":"api","msg":"request.completed","method":"POST","url":"/v1/guest/request-drafts/5b22c3d9-3a83-44b4-a734-2cd48088583a/confirm","statusCode":200,"requestId":"22c91dbf-b869-40b0-9902-7e8145330769"}
{"level":"info","time":"2026-07-28T08:21:05.692Z","service":"api","msg":"request.completed","method":"POST","url":"/v1/guest/order-drafts","statusCode":200,"requestId":"22c89d8d-c0d7-46bb-8537-2dd38e387c57"}
{"level":"info","time":"2026-07-28T08:21:05.710Z","service":"api","msg":"request.completed","method":"POST","url":"/v1/guest/order-drafts/3468ed28-bdaa-48ea-bc62-ef7ca6ce5f63/confirm","statusCode":200,"requestId":"99367f41-4b96-4179-accb-1a9e85762ba5"}
{"level":"info","time":"2026-07-28T08:21:06.076Z","service":"api","msg":"request.completed","method":"POST","url":"/v1/auth/login","statusCode":200,"requestId":"095b5918-b813-48d4-b6bf-6c8a1e01ed12"}
{"level":"info","time":"2026-07-28T08:21:06.303Z","service":"api","msg":"request.completed","method":"GET","url":"/v1/me","statusCode":200,"requestId":"56e3bb66-3928-424d-9e7d-4003a94a6134"}
{"level":"info","time":"2026-07-28T08:21:06.314Z","service":"api","msg":"request.completed","method":"GET","url":"/v1/organizations","statusCode":200,"requestId":"b5891fb3-2939-4657-b4d5-521cd98346e4"}
{"level":"info","time":"2026-07-28T08:21:06.330Z","service":"api","msg":"request.completed","method":"GET","url":"/v1/admin/properties/3ab87d2a-0c78-4fac-aa15-515a733cc3ae/operations/requests?limit=20&status=all","statusCode":200,"requestId":"8bb21f4f-af27-4e48-8340-d3f78a66d6fe"}
{"level":"info","time":"2026-07-28T08:21:06.331Z","service":"api","msg":"request.completed","method":"GET","url":"/v1/properties?organizationId=d215a186-f84d-4c7c-b75a-3189969999c2","statusCode":200,"requestId":"2fd510f5-f02a-4132-a438-7f731e478098"}
{"level":"info","time":"2026-07-28T08:21:06.395Z","service":"api","msg":"request.completed","method":"GET","url":"/v1/admin/properties/3ab87d2a-0c78-4fac-aa15-515a733cc3ae/operations/requests?limit=20&status=submitted","statusCode":200,"requestId":"c53db514-0233-4505-953c-d1e8c6b0325e"}
{"level":"info","time":"2026-07-28T08:21:06.503Z","service":"api","msg":"request.completed","method":"GET","url":"/v1/me","statusCode":200,"requestId":"ab19047d-6528-4cc8-8ffb-8535ccfcfb89"}
{"level":"info","time":"2026-07-28T08:21:06.520Z","service":"api","msg":"request.completed","method":"GET","url":"/v1/organizations","statusCode":200,"requestId":"13a3e770-219f-44ad-9340-3110e42c15be"}
{"level":"info","time":"2026-07-28T08:21:06.538Z","service":"api","msg":"request.completed","method":"GET","url":"/v1/properties?organizationId=d215a186-f84d-4c7c-b75a-3189969999c2","statusCode":200,"requestId":"4c21e788-5455-4f35-b67c-7979fcccc09f"}
{"level":"info","time":"2026-07-28T08:21:06.540Z","service":"api","msg":"request.completed","method":"GET","url":"/v1/admin/properties/3ab87d2a-0c78-4fac-aa15-515a733cc3ae/operations/requests?limit=20&status=all","statusCode":200,"requestId":"a26d2f9e-9f58-47a6-b849-b27c1d778354"}
{"level":"info","time":"2026-07-28T08:21:06.545Z","service":"api","msg":"request.completed","method":"GET","url":"/v1/admin/properties/3ab87d2a-0c78-4fac-aa15-515a733cc3ae/operations/requests/31b9c5db-60b1-40f6-bb07-303080548c25","statusCode":200,"requestId":"1e64ca4f-0109-489a-a5c2-1bd98968b2d1"}
{"level":"info","time":"2026-07-28T08:21:07.304Z","service":"api","msg":"request.completed","method":"GET","url":"/v1/me","statusCode":200,"requestId":"1305fc0b-2175-43a4-b8c5-9ec62165cb92"}
{"level":"info","time":"2026-07-28T08:21:07.309Z","service":"api","msg":"request.completed","method":"GET","url":"/v1/organizations","statusCode":200,"requestId":"00e65edf-359b-4e01-a425-52e49f977d95"}
{"level":"info","time":"2026-07-28T08:21:07.321Z","service":"api","msg":"request.completed","method":"GET","url":"/v1/properties?organizationId=d215a186-f84d-4c7c-b75a-3189969999c2","statusCode":200,"requestId":"42a1dc33-c745-42cd-a99c-0715f74dbcd8"}
{"level":"info","time":"2026-07-28T08:21:07.321Z","service":"api","msg":"request.completed","method":"GET","url":"/v1/admin/properties/3ab87d2a-0c78-4fac-aa15-515a733cc3ae/operations/orders?limit=20&status=all","statusCode":200,"requestId":"0d23a268-efc4-4a95-a5c6-27bd58e7ce1a"}
{"level":"info","time":"2026-07-28T08:21:07.323Z","service":"api","msg":"request.completed","method":"GET","url":"/v1/admin/properties/3ab87d2a-0c78-4fac-aa15-515a733cc3ae/operations/orders/9f61838d-2777-4dc1-b411-67ed401cbb0f","statusCode":200,"requestId":"6bd89fdf-5c47-440f-bd0a-89fac778222b"}
{"level":"info","time":"2026-07-28T08:21:07.689Z","service":"api","msg":"request.completed","method":"POST","url":"/v1/auth/login","statusCode":200,"requestId":"f531bf5b-0624-4e7a-9cb0-ff6b3f061745"}
{"level":"info","time":"2026-07-28T08:21:07.705Z","service":"api","msg":"request.completed","method":"GET","url":"/v1/properties?organizationId=d215a186-f84d-4c7c-b75a-3189969999c2","statusCode":200,"requestId":"57caa1f4-7965-4d0c-8def-03184aad5121"}
{"level":"info","time":"2026-07-28T08:21:07.711Z","service":"api","msg":"request.completed","method":"GET","url":"/v1/properties/3ab87d2a-0c78-4fac-aa15-515a733cc3ae/locations","statusCode":200,"requestId":"1490e4ee-b720-4694-bdd9-79a3cd315304"}
{"level":"info","time":"2026-07-28T08:21:07.717Z","service":"api","msg":"request.completed","method":"POST","url":"/v1/properties/3ab87d2a-0c78-4fac-aa15-515a733cc3ae/qr-codes","statusCode":200,"requestId":"373b00f3-6e06-4342-90d1-0bd1391daacb"}
{"level":"info","time":"2026-07-28T08:21:07.722Z","service":"api","msg":"request.completed","method":"POST","url":"/v1/guest/sessions","statusCode":200,"requestId":"065d08d0-8d63-48ee-a936-b08ba79d6ee9"}
{"level":"info","time":"2026-07-28T08:21:07.727Z","service":"api","msg":"request.completed","method":"POST","url":"/v1/guest/conversations","statusCode":200,"requestId":"9f6c1951-47f5-4c89-887e-457e642599d1"}
{"level":"info","time":"2026-07-28T08:21:07.736Z","service":"api","msg":"request.completed","method":"POST","url":"/v1/guest/conversations/d4a35571-4628-4b66-a7e2-675d79c1d9a6/messages","statusCode":200,"requestId":"9b000e7c-6c2f-4303-9794-f4ba861a2340"}
{"level":"info","time":"2026-07-28T08:21:07.745Z","service":"api","msg":"request.completed","method":"POST","url":"/v1/guest/request-drafts","statusCode":200,"requestId":"a2358d76-2415-4757-adb0-dd52423008fd"}
{"level":"info","time":"2026-07-28T08:21:07.767Z","service":"api","msg":"request.completed","method":"POST","url":"/v1/guest/request-drafts/e0a67d69-36a3-4230-bfe5-2b5772606faf/confirm","statusCode":200,"requestId":"920be4c6-83e6-4e3b-b50f-c773459da684"}
{"level":"info","time":"2026-07-28T08:21:07.779Z","service":"api","msg":"request.completed","method":"POST","url":"/v1/guest/conversations/d4a35571-4628-4b66-a7e2-675d79c1d9a6/messages","statusCode":200,"requestId":"f6c4fb99-d88e-42c6-97e5-afd743374d3c"}
{"level":"info","time":"2026-07-28T08:21:07.784Z","service":"api","msg":"request.completed","method":"POST","url":"/v1/guest/request-drafts","statusCode":200,"requestId":"be80a59a-f575-4d6d-81cf-2c4122cdcade"}
{"level":"info","time":"2026-07-28T08:21:07.807Z","service":"api","msg":"request.completed","method":"POST","url":"/v1/guest/request-drafts/def9e850-109a-437c-81ef-691445d55dd8/confirm","statusCode":200,"requestId":"8bbe521d-119c-4899-a5ca-b1f8cf879a2b"}
{"level":"info","time":"2026-07-28T08:21:07.820Z","service":"api","msg":"request.completed","method":"POST","url":"/v1/guest/conversations/d4a35571-4628-4b66-a7e2-675d79c1d9a6/messages","statusCode":200,"requestId":"7b05b73d-45f9-4b2f-99b2-61b580ac6cdf"}
{"level":"info","time":"2026-07-28T08:21:07.826Z","service":"api","msg":"request.completed","method":"POST","url":"/v1/guest/request-drafts","statusCode":200,"requestId":"cc3f425c-33d2-4b18-bd96-5ab6836259b2"}
{"level":"info","time":"2026-07-28T08:21:07.838Z","service":"api","msg":"request.completed","method":"POST","url":"/v1/guest/request-drafts/91f95d2d-be25-4366-ab4c-0d9bdd3f6040/confirm","statusCode":200,"requestId":"a7b5ba6b-11bf-4261-a0c3-da10d0b6bb54"}
{"level":"info","time":"2026-07-28T08:21:07.860Z","service":"api","msg":"request.completed","method":"POST","url":"/v1/guest/conversations/d4a35571-4628-4b66-a7e2-675d79c1d9a6/messages","statusCode":200,"requestId":"ff5861bb-804e-46ce-8c56-b8327e1d4a25"}
{"level":"info","time":"2026-07-28T08:21:07.887Z","service":"api","msg":"request.completed","method":"POST","url":"/v1/guest/request-drafts","statusCode":200,"requestId":"1faf7199-969a-4688-a070-41754e0952c6"}
{"level":"info","time":"2026-07-28T08:21:07.910Z","service":"api","msg":"request.completed","method":"POST","url":"/v1/guest/request-drafts/07047355-8f49-4f70-addd-bfc2dc733fef/confirm","statusCode":200,"requestId":"4b01e52e-4b3b-48db-9d54-83834b01a224"}
{"level":"info","time":"2026-07-28T08:21:07.922Z","service":"api","msg":"request.completed","method":"POST","url":"/v1/guest/conversations/d4a35571-4628-4b66-a7e2-675d79c1d9a6/messages","statusCode":200,"requestId":"a7ad140b-1c5c-4d32-9d30-d35dbb54a583"}
{"level":"info","time":"2026-07-28T08:21:07.932Z","service":"api","msg":"request.completed","method":"POST","url":"/v1/guest/request-drafts","statusCode":200,"requestId":"9d499e9e-cbd1-456c-998f-3fa38571735c"}
{"level":"info","time":"2026-07-28T08:21:07.940Z","service":"api","msg":"request.completed","method":"POST","url":"/v1/guest/request-drafts/43aae9d2-72f5-44a8-9443-1bb592d581a3/confirm","statusCode":200,"requestId":"5cf65868-5b5e-495e-9c43-a6a6adb8f822"}
{"level":"info","time":"2026-07-28T08:21:07.946Z","service":"api","msg":"request.completed","method":"POST","url":"/v1/guest/conversations/d4a35571-4628-4b66-a7e2-675d79c1d9a6/messages","statusCode":200,"requestId":"1d4119ae-21a3-4ed3-9d86-6f8fae82a572"}
{"level":"info","time":"2026-07-28T08:21:07.951Z","service":"api","msg":"request.completed","method":"POST","url":"/v1/guest/request-drafts","statusCode":200,"requestId":"cf399591-dc75-44e6-8feb-0ce8bad4202c"}
{"level":"info","time":"2026-07-28T08:21:07.956Z","service":"api","msg":"request.completed","method":"POST","url":"/v1/guest/request-drafts/f0e6e642-d36f-4e4a-8a21-d5cb9b129e4c/confirm","statusCode":200,"requestId":"fb5ba44c-fa32-48eb-b47b-2305144600dc"}
{"level":"info","time":"2026-07-28T08:21:07.962Z","service":"api","msg":"request.completed","method":"POST","url":"/v1/guest/conversations/d4a35571-4628-4b66-a7e2-675d79c1d9a6/messages","statusCode":200,"requestId":"6248643b-4a0e-4b23-9e3d-05bb1e4615c1"}
{"level":"info","time":"2026-07-28T08:21:07.966Z","service":"api","msg":"request.completed","method":"POST","url":"/v1/guest/request-drafts","statusCode":200,"requestId":"c45353de-a1ec-4172-ab67-2e414b059a66"}
{"level":"info","time":"2026-07-28T08:21:07.971Z","service":"api","msg":"request.completed","method":"POST","url":"/v1/guest/request-drafts/f328eea2-e2d3-448f-a304-770e23597254/confirm","statusCode":200,"requestId":"a96ef969-bd9c-436e-a01c-af605d489577"}
{"level":"info","time":"2026-07-28T08:21:07.977Z","service":"api","msg":"request.completed","method":"POST","url":"/v1/guest/conversations/d4a35571-4628-4b66-a7e2-675d79c1d9a6/messages","statusCode":200,"requestId":"b13fb743-aff9-4236-ac81-d64b6e5b92b9"}
{"level":"info","time":"2026-07-28T08:21:07.980Z","service":"api","msg":"request.completed","method":"POST","url":"/v1/guest/request-drafts","statusCode":200,"requestId":"0ee7d796-d098-4506-8c3f-47ee95c95e59"}
{"level":"info","time":"2026-07-28T08:21:07.986Z","service":"api","msg":"request.completed","method":"POST","url":"/v1/guest/request-drafts/d5b8c2d7-9995-4949-b255-bca85297e5db/confirm","statusCode":200,"requestId":"d23a8360-b6fa-4047-b92e-e840eac7ac1a"}
{"level":"info","time":"2026-07-28T08:21:07.992Z","service":"api","msg":"request.completed","method":"POST","url":"/v1/guest/conversations/d4a35571-4628-4b66-a7e2-675d79c1d9a6/messages","statusCode":200,"requestId":"a135676e-e554-49b7-9db7-ae6a7b58eea0"}
{"level":"info","time":"2026-07-28T08:21:07.995Z","service":"api","msg":"request.completed","method":"POST","url":"/v1/guest/request-drafts","statusCode":200,"requestId":"b1dcdea3-e165-4d79-b2e0-3b8f9c6a21fa"}
{"level":"info","time":"2026-07-28T08:21:08.001Z","service":"api","msg":"request.completed","method":"POST","url":"/v1/guest/request-drafts/d26a7f91-3aec-4c4e-9827-091a85825619/confirm","statusCode":200,"requestId":"ff27914b-d5a9-4cb1-b719-e42a964086d8"}
{"level":"info","time":"2026-07-28T08:21:08.005Z","service":"api","msg":"request.completed","method":"POST","url":"/v1/guest/conversations/d4a35571-4628-4b66-a7e2-675d79c1d9a6/messages","statusCode":200,"requestId":"5df664ba-a968-4889-ba0d-2ec40aa8803d"}
{"level":"info","time":"2026-07-28T08:21:08.008Z","service":"api","msg":"request.completed","method":"POST","url":"/v1/guest/request-drafts","statusCode":200,"requestId":"df146980-81f2-4cf3-a18b-e11e5c844f27"}
{"level":"info","time":"2026-07-28T08:21:08.013Z","service":"api","msg":"request.completed","method":"POST","url":"/v1/guest/request-drafts/4709e896-e899-4203-b7d3-3b290398403a/confirm","statusCode":200,"requestId":"b35af2d5-9535-4b22-8ce6-542923f8288a"}
{"level":"info","time":"2026-07-28T08:21:08.019Z","service":"api","msg":"request.completed","method":"POST","url":"/v1/guest/conversations/d4a35571-4628-4b66-a7e2-675d79c1d9a6/messages","statusCode":200,"requestId":"9fbe752a-4c64-4090-a64c-8f5481d21ed0"}
{"level":"info","time":"2026-07-28T08:21:08.022Z","service":"api","msg":"request.completed","method":"POST","url":"/v1/guest/request-drafts","statusCode":200,"requestId":"24544c62-29a2-41e1-b3fc-dc8d9609fb5c"}
{"level":"info","time":"2026-07-28T08:21:08.027Z","service":"api","msg":"request.completed","method":"POST","url":"/v1/guest/request-drafts/6abf5174-fb12-4a8d-af34-11d8a9d3863b/confirm","statusCode":200,"requestId":"b67cf914-d35c-43a9-a533-e389291c1fb6"}
{"level":"info","time":"2026-07-28T08:21:08.031Z","service":"api","msg":"request.completed","method":"POST","url":"/v1/guest/conversations/d4a35571-4628-4b66-a7e2-675d79c1d9a6/messages","statusCode":200,"requestId":"a5d0e13c-695e-4494-b9d7-135293025439"}
{"level":"info","time":"2026-07-28T08:21:08.035Z","service":"api","msg":"request.completed","method":"POST","url":"/v1/guest/request-drafts","statusCode":200,"requestId":"2a5c5f80-e215-4c97-a589-2fcaa25dc010"}
{"level":"info","time":"2026-07-28T08:21:08.040Z","service":"api","msg":"request.completed","method":"POST","url":"/v1/guest/request-drafts/60c063ec-4117-4622-885d-e6005c9e27d0/confirm","statusCode":200,"requestId":"15ed7718-9c46-4a3d-9218-f1c198edb4c6"}
{"level":"info","time":"2026-07-28T08:21:08.044Z","service":"api","msg":"request.completed","method":"POST","url":"/v1/guest/conversations/d4a35571-4628-4b66-a7e2-675d79c1d9a6/messages","statusCode":200,"requestId":"2cff3d10-08b0-4769-ad8c-89938b7c3368"}
{"level":"info","time":"2026-07-28T08:21:08.047Z","service":"api","msg":"request.completed","method":"POST","url":"/v1/guest/request-drafts","statusCode":200,"requestId":"af48a032-4c37-4c14-9467-f0ddd8cb64cc"}
{"level":"info","time":"2026-07-28T08:21:08.052Z","service":"api","msg":"request.completed","method":"POST","url":"/v1/guest/request-drafts/1cdf5803-f31e-455b-bfc6-d541f5a31607/confirm","statusCode":200,"requestId":"81ff414a-1ffb-4e35-bcde-1af27c28e0b2"}
{"level":"info","time":"2026-07-28T08:21:08.056Z","service":"api","msg":"request.completed","method":"POST","url":"/v1/guest/conversations/d4a35571-4628-4b66-a7e2-675d79c1d9a6/messages","statusCode":200,"requestId":"bef35a9c-815d-43c6-9c62-0553bff997a6"}
{"level":"info","time":"2026-07-28T08:21:08.072Z","service":"api","msg":"request.completed","method":"POST","url":"/v1/guest/request-drafts","statusCode":200,"requestId":"50bfb696-9b71-41c1-b8b0-00d50aa0077e"}
{"level":"info","time":"2026-07-28T08:21:08.083Z","service":"api","msg":"request.completed","method":"POST","url":"/v1/guest/request-drafts/9edd683d-d48d-4f92-8e1e-ff051b84bd11/confirm","statusCode":200,"requestId":"583a9a60-4616-4dac-8a1c-52582deaf50f"}
{"level":"info","time":"2026-07-28T08:21:08.089Z","service":"api","msg":"request.completed","method":"POST","url":"/v1/guest/conversations/d4a35571-4628-4b66-a7e2-675d79c1d9a6/messages","statusCode":200,"requestId":"d6caf42c-a4e4-446e-9436-98b917a39641"}
{"level":"info","time":"2026-07-28T08:21:08.093Z","service":"api","msg":"request.completed","method":"POST","url":"/v1/guest/request-drafts","statusCode":200,"requestId":"71ee3395-6829-450d-95b6-ab374fc79c83"}
{"level":"info","time":"2026-07-28T08:21:08.099Z","service":"api","msg":"request.completed","method":"POST","url":"/v1/guest/request-drafts/6d798540-bbc9-4083-96c5-f61d742fbc72/confirm","statusCode":200,"requestId":"f4d1b793-7291-45d3-91c2-4059adb3c480"}
{"level":"info","time":"2026-07-28T08:21:08.104Z","service":"api","msg":"request.completed","method":"POST","url":"/v1/guest/conversations/d4a35571-4628-4b66-a7e2-675d79c1d9a6/messages","statusCode":200,"requestId":"96e02afb-d3b0-4d94-9796-9f01857c24d4"}
{"level":"info","time":"2026-07-28T08:21:08.108Z","service":"api","msg":"request.completed","method":"POST","url":"/v1/guest/request-drafts","statusCode":200,"requestId":"457bc922-f4fb-435a-ac91-0e00077c3f9b"}
{"level":"info","time":"2026-07-28T08:21:08.113Z","service":"api","msg":"request.completed","method":"POST","url":"/v1/guest/request-drafts/996bd86d-1fff-44a8-ae2d-e9fcd508fa01/confirm","statusCode":200,"requestId":"6b52975c-a071-4f84-9d8b-6ee1d44a2a1a"}
{"level":"info","time":"2026-07-28T08:21:08.118Z","service":"api","msg":"request.completed","method":"POST","url":"/v1/guest/conversations/d4a35571-4628-4b66-a7e2-675d79c1d9a6/messages","statusCode":200,"requestId":"8063f278-e8c0-4425-b8df-22df7103edb5"}
{"level":"info","time":"2026-07-28T08:21:08.120Z","service":"api","msg":"request.completed","method":"POST","url":"/v1/guest/request-drafts","statusCode":200,"requestId":"59c2cf30-0420-4944-9116-5f0f4a553aef"}
{"level":"info","time":"2026-07-28T08:21:08.125Z","service":"api","msg":"request.completed","method":"POST","url":"/v1/guest/request-drafts/3e9a8060-2ac8-4726-93e8-bd8c12a639bd/confirm","statusCode":200,"requestId":"cc1360d2-95f6-4d49-bf23-88af7b051379"}
{"level":"info","time":"2026-07-28T08:21:08.128Z","service":"api","msg":"request.completed","method":"POST","url":"/v1/guest/conversations/d4a35571-4628-4b66-a7e2-675d79c1d9a6/messages","statusCode":200,"requestId":"4a79dcc2-6338-492a-85db-3208b2b73aaf"}
{"level":"info","time":"2026-07-28T08:21:08.130Z","service":"api","msg":"request.completed","method":"POST","url":"/v1/guest/request-drafts","statusCode":200,"requestId":"37833960-b4a0-4609-843e-da8d6c726227"}
{"level":"info","time":"2026-07-28T08:21:08.135Z","service":"api","msg":"request.completed","method":"POST","url":"/v1/guest/request-drafts/442cd0dc-ee37-4c05-a4a7-a9b1cd2b4403/confirm","statusCode":200,"requestId":"1a18df3a-392a-4789-a681-3a0e3361c2d5"}
{"level":"info","time":"2026-07-28T08:21:08.138Z","service":"api","msg":"request.completed","method":"POST","url":"/v1/guest/conversations/d4a35571-4628-4b66-a7e2-675d79c1d9a6/messages","statusCode":200,"requestId":"9f234a18-fb22-438d-a283-12f88f300bef"}
{"level":"info","time":"2026-07-28T08:21:08.141Z","service":"api","msg":"request.completed","method":"POST","url":"/v1/guest/request-drafts","statusCode":200,"requestId":"727f176b-3d4d-4a55-84a4-00b20e5e4048"}
{"level":"info","time":"2026-07-28T08:21:08.145Z","service":"api","msg":"request.completed","method":"POST","url":"/v1/guest/request-drafts/db53c96a-4067-4196-b730-fa36a86f98ae/confirm","statusCode":200,"requestId":"f378cbec-4057-40e1-84f5-3de4cf019dcf"}
{"level":"info","time":"2026-07-28T08:21:08.150Z","service":"api","msg":"request.completed","method":"POST","url":"/v1/guest/conversations/d4a35571-4628-4b66-a7e2-675d79c1d9a6/messages","statusCode":200,"requestId":"d8abb9e5-c2e8-452e-a392-e525909b5f19"}
{"level":"info","time":"2026-07-28T08:21:08.153Z","service":"api","msg":"request.completed","method":"POST","url":"/v1/guest/request-drafts","statusCode":200,"requestId":"9e045dc7-39c7-4ef2-b8a3-0f734f343623"}
{"level":"info","time":"2026-07-28T08:21:08.158Z","service":"api","msg":"request.completed","method":"POST","url":"/v1/guest/request-drafts/882cb00d-640d-4332-8d58-5e39c1c85773/confirm","statusCode":200,"requestId":"aa994615-9eb4-4805-b18f-a5fe89184806"}
{"level":"info","time":"2026-07-28T08:21:08.161Z","service":"api","msg":"request.completed","method":"POST","url":"/v1/guest/conversations/d4a35571-4628-4b66-a7e2-675d79c1d9a6/messages","statusCode":200,"requestId":"fbcf1a6f-b947-43a3-bc07-a81755487fef"}
{"level":"info","time":"2026-07-28T08:21:08.163Z","service":"api","msg":"request.completed","method":"POST","url":"/v1/guest/request-drafts","statusCode":200,"requestId":"9cad8985-46e1-4b9d-aca6-a337a5feefab"}
{"level":"info","time":"2026-07-28T08:21:08.168Z","service":"api","msg":"request.completed","method":"POST","url":"/v1/guest/request-drafts/7c89a36b-ed81-451a-b324-5045806357d9/confirm","statusCode":200,"requestId":"2f177cc8-4caf-4c99-ab77-1446a2e7213d"}
{"level":"info","time":"2026-07-28T08:21:08.390Z","service":"api","msg":"request.completed","method":"POST","url":"/v1/auth/login","statusCode":200,"requestId":"8293b945-9aeb-40d8-a875-ef9382bf14df"}
{"level":"info","time":"2026-07-28T08:21:08.444Z","service":"api","msg":"request.completed","method":"GET","url":"/v1/me","statusCode":200,"requestId":"ae6f728a-9524-4246-b81d-3bd4b4317ace"}
{"level":"info","time":"2026-07-28T08:21:08.449Z","service":"api","msg":"request.completed","method":"GET","url":"/v1/organizations","statusCode":200,"requestId":"8a897022-f776-48dd-a8fe-e328a4c1cd91"}
{"level":"info","time":"2026-07-28T08:21:08.460Z","service":"api","msg":"request.completed","method":"GET","url":"/v1/properties?organizationId=d215a186-f84d-4c7c-b75a-3189969999c2","statusCode":200,"requestId":"dab179cc-db28-48af-9497-7f319499b267"}
{"level":"info","time":"2026-07-28T08:21:08.464Z","service":"api","msg":"request.completed","method":"GET","url":"/v1/admin/properties/3ab87d2a-0c78-4fac-aa15-515a733cc3ae/operations/requests?limit=20&status=all","statusCode":200,"requestId":"03bc386f-d596-44f1-b584-a77491337896"}
{"level":"info","time":"2026-07-28T08:21:08.485Z","service":"api","msg":"request.completed","method":"GET","url":"/v1/admin/properties/3ab87d2a-0c78-4fac-aa15-515a733cc3ae/operations/requests?limit=20&status=submitted","statusCode":200,"requestId":"f52003fd-16f7-4d3f-9eb3-c3adc6d3ddae"}
{"level":"info","time":"2026-07-28T08:21:08.509Z","service":"api","msg":"request.completed","method":"GET","url":"/v1/admin/properties/3ab87d2a-0c78-4fac-aa15-515a733cc3ae/operations/requests?limit=20&status=submitted&cursor=eyJzdWJtaXR0ZWRBdCI6IjIwMjYtMDctMjhUMDg6MjE6MDguMDc3WiIsImlkIjoiYTkwYzRjODktZDE3Mi00N2ZlLThiZDQtNmY5OGQ1MGIyMTcxIn0","statusCode":200,"requestId":"981b1b6d-dce8-4291-bc0a-3a962dddc718"}
{"level":"info","time":"2026-07-28T08:21:08.836Z","service":"api","msg":"request.completed","method":"POST","url":"/v1/auth/login","statusCode":200,"requestId":"eec51c09-5254-430b-9b68-3dc17c4a49d5"}
{"level":"info","time":"2026-07-28T08:21:08.840Z","service":"api","msg":"request.completed","method":"GET","url":"/v1/properties?organizationId=d215a186-f84d-4c7c-b75a-3189969999c2","statusCode":200,"requestId":"7a0b2b58-211c-4617-a28f-af2d57811109"}
{"level":"info","time":"2026-07-28T08:21:08.843Z","service":"api","msg":"request.completed","method":"GET","url":"/v1/properties/3ab87d2a-0c78-4fac-aa15-515a733cc3ae/locations","statusCode":200,"requestId":"61fcf544-9773-47c9-b861-212b2581b59c"}
{"level":"info","time":"2026-07-28T08:21:08.847Z","service":"api","msg":"request.completed","method":"POST","url":"/v1/properties/3ab87d2a-0c78-4fac-aa15-515a733cc3ae/qr-codes","statusCode":200,"requestId":"0d40d009-4699-4b79-b517-5469556730b7"}
{"level":"info","time":"2026-07-28T08:21:08.852Z","service":"api","msg":"request.completed","method":"POST","url":"/v1/guest/sessions","statusCode":200,"requestId":"17884dd2-e8dc-4df8-8938-66675ff69d2f"}
{"level":"info","time":"2026-07-28T08:21:08.855Z","service":"api","msg":"request.completed","method":"POST","url":"/v1/guest/conversations","statusCode":200,"requestId":"58471a39-26fe-4c22-bbdd-aa93f5ed5bdd"}
{"level":"info","time":"2026-07-28T08:21:09.066Z","service":"api","msg":"request.completed","method":"POST","url":"/v1/auth/login","statusCode":200,"requestId":"824eb9e7-0b44-4418-8877-70477f7274ba"}
{"level":"info","time":"2026-07-28T08:21:09.125Z","service":"api","msg":"request.completed","method":"GET","url":"/v1/me","statusCode":200,"requestId":"40dac936-4774-48e9-a9a8-14234bebc334"}
{"level":"info","time":"2026-07-28T08:21:09.131Z","service":"api","msg":"request.completed","method":"GET","url":"/v1/organizations","statusCode":200,"requestId":"c6aea0ea-1842-495f-874c-1cd7292803f4"}
{"level":"info","time":"2026-07-28T08:21:09.144Z","service":"api","msg":"request.completed","method":"GET","url":"/v1/admin/properties/3ab87d2a-0c78-4fac-aa15-515a733cc3ae/operations/requests?limit=20&status=all","statusCode":403,"requestId":"47581f36-fcde-4818-94fe-b688b392f5be"}
{"level":"info","time":"2026-07-28T08:21:09.146Z","service":"api","msg":"request.completed","method":"GET","url":"/v1/properties?organizationId=d215a186-f84d-4c7c-b75a-3189969999c2","statusCode":200,"requestId":"0f63714d-3fde-4edf-aa2a-06349d6472ed"}
{"level":"info","time":"2026-07-28T08:21:09.286Z","service":"api","msg":"request.completed","method":"OPTIONS","url":"/v1/auth/login","statusCode":204,"requestId":"97baa710-fa54-46d8-9f7f-301a8e9d2dd9"}
{"level":"info","time":"2026-07-28T08:21:09.496Z","service":"api","msg":"request.completed","method":"POST","url":"/v1/auth/login","statusCode":200,"requestId":"68028f8c-5de0-4212-a2ee-0532508bd63d"}
{"level":"info","time":"2026-07-28T08:21:09.811Z","service":"api","msg":"request.completed","method":"GET","url":"/v1/me","statusCode":200,"requestId":"02788670-30e9-49a9-a0f7-1a1f79e1db88"}
{"level":"info","time":"2026-07-28T08:21:09.815Z","service":"api","msg":"request.completed","method":"GET","url":"/v1/organizations","statusCode":200,"requestId":"9aa993ee-3d98-4127-8422-5c64f9a620f8"}
{"level":"info","time":"2026-07-28T08:21:09.826Z","service":"api","msg":"request.completed","method":"GET","url":"/v1/properties?organizationId=d215a186-f84d-4c7c-b75a-3189969999c2","statusCode":200,"requestId":"266631bb-2710-404d-abc4-0d6c142eecf5"}
{"level":"info","time":"2026-07-28T08:21:10.142Z","service":"api","msg":"request.completed","method":"GET","url":"/v1/me","statusCode":200,"requestId":"b75824ea-f71f-4cfd-80c5-9075bc03ec3c"}
{"level":"info","time":"2026-07-28T08:21:10.146Z","service":"api","msg":"request.completed","method":"GET","url":"/v1/organizations","statusCode":200,"requestId":"b9e990c4-7a77-400f-b54f-4b90f85f4c15"}
{"level":"info","time":"2026-07-28T08:21:10.154Z","service":"api","msg":"request.completed","method":"GET","url":"/v1/properties?organizationId=d215a186-f84d-4c7c-b75a-3189969999c2","statusCode":200,"requestId":"b5859701-ef94-4fe9-80a0-540bb4ef21bf"}
{"level":"info","time":"2026-07-28T08:21:10.311Z","service":"api","msg":"request.completed","method":"OPTIONS","url":"/v1/auth/login","statusCode":204,"requestId":"ca1575f9-2eae-4fbb-9bc2-f5bf664ead28"}
{"level":"info","time":"2026-07-28T08:21:10.520Z","service":"api","msg":"request.completed","method":"POST","url":"/v1/auth/login","statusCode":200,"requestId":"51187539-4831-4890-b3c8-918352bc8970"}
{"level":"info","time":"2026-07-28T08:21:10.829Z","service":"api","msg":"request.completed","method":"GET","url":"/v1/me","statusCode":200,"requestId":"c3b0b02f-5974-47d3-a2fc-0bdabae93ba2"}
{"level":"info","time":"2026-07-28T08:21:10.833Z","service":"api","msg":"request.completed","method":"GET","url":"/v1/organizations","statusCode":200,"requestId":"a489b956-58ac-4fcb-b593-f88ac4449930"}
{"level":"info","time":"2026-07-28T08:21:10.845Z","service":"api","msg":"request.completed","method":"GET","url":"/v1/properties?organizationId=d215a186-f84d-4c7c-b75a-3189969999c2","statusCode":200,"requestId":"812fb974-85dc-4b88-951f-2e7634efbaac"}
{"level":"info","time":"2026-07-28T08:21:11.270Z","service":"api","msg":"request.completed","method":"OPTIONS","url":"/v1/auth/login","statusCode":204,"requestId":"a7f756e7-ce67-4b3d-baeb-935c4777dcc5"}
{"level":"info","time":"2026-07-28T08:21:11.479Z","service":"api","msg":"request.completed","method":"POST","url":"/v1/auth/login","statusCode":200,"requestId":"2065dc22-7dc7-4455-8ff5-0501f05e349d"}
{"level":"info","time":"2026-07-28T08:21:11.789Z","service":"api","msg":"request.completed","method":"GET","url":"/v1/me","statusCode":200,"requestId":"3653b129-0916-4f63-b6b5-9779c4c660a4"}
{"level":"info","time":"2026-07-28T08:21:11.794Z","service":"api","msg":"request.completed","method":"GET","url":"/v1/organizations","statusCode":200,"requestId":"38978310-a2d1-4555-8510-84cd1e5c68a5"}
{"level":"info","time":"2026-07-28T08:21:11.805Z","service":"api","msg":"request.completed","method":"GET","url":"/v1/properties?organizationId=d215a186-f84d-4c7c-b75a-3189969999c2","statusCode":200,"requestId":"552b95a7-5237-4509-bedf-138e02b62a54"}
{"level":"info","time":"2026-07-28T08:21:12.363Z","service":"api","msg":"request.completed","method":"OPTIONS","url":"/v1/auth/login","statusCode":204,"requestId":"ba80fa41-8aef-4f22-9f7c-76f86039d49c"}
{"level":"info","time":"2026-07-28T08:21:12.606Z","service":"api","msg":"request.completed","method":"POST","url":"/v1/auth/login","statusCode":200,"requestId":"69c6c9e4-b8a0-41d9-bfb7-96acdd20d55f"}
{"level":"info","time":"2026-07-28T08:21:12.919Z","service":"api","msg":"request.completed","method":"GET","url":"/v1/me","statusCode":200,"requestId":"07b9a1c2-fa88-4745-af96-56f38ad559fb"}
{"level":"info","time":"2026-07-28T08:21:12.924Z","service":"api","msg":"request.completed","method":"GET","url":"/v1/organizations","statusCode":200,"requestId":"88ec68aa-d180-48fc-82de-eac824c82467"}
{"level":"info","time":"2026-07-28T08:21:12.943Z","service":"api","msg":"request.completed","method":"GET","url":"/v1/properties?organizationId=d215a186-f84d-4c7c-b75a-3189969999c2","statusCode":200,"requestId":"0cb292e2-66fa-46a4-af65-16869a71b1a3"}
{"level":"info","time":"2026-07-28T08:21:13.378Z","service":"api","msg":"request.completed","method":"OPTIONS","url":"/v1/auth/login","statusCode":204,"requestId":"6ea22443-1dbe-4aa4-8d48-de290681a554"}
{"level":"info","time":"2026-07-28T08:21:13.597Z","service":"api","msg":"request.completed","method":"POST","url":"/v1/auth/login","statusCode":200,"requestId":"91c38637-c67b-4dcf-b642-73dc5acd282d"}
{"level":"info","time":"2026-07-28T08:21:13.908Z","service":"api","msg":"request.completed","method":"GET","url":"/v1/me","statusCode":200,"requestId":"a3bf413b-88d7-46d8-ba82-eb13e70a57f5"}
{"level":"info","time":"2026-07-28T08:21:13.911Z","service":"api","msg":"request.completed","method":"GET","url":"/v1/organizations","statusCode":200,"requestId":"a229265e-a738-4697-820e-bdbb4ac583f3"}
{"level":"info","time":"2026-07-28T08:21:13.922Z","service":"api","msg":"request.completed","method":"GET","url":"/v1/properties?organizationId=d215a186-f84d-4c7c-b75a-3189969999c2","statusCode":200,"requestId":"c8170ca7-c4c0-4468-9200-80744c3c8965"}
{"level":"info","time":"2026-07-28T08:21:14.419Z","service":"api","msg":"request.completed","method":"OPTIONS","url":"/v1/auth/login","statusCode":204,"requestId":"4ac2d4c5-e2ba-43ea-84b2-c4c9e19f25bd"}
{"level":"info","time":"2026-07-28T08:21:14.630Z","service":"api","msg":"request.completed","method":"POST","url":"/v1/auth/login","statusCode":200,"requestId":"34256e90-7ec5-4b89-aff1-9db0de1a192d"}
{"level":"info","time":"2026-07-28T08:21:14.942Z","service":"api","msg":"request.completed","method":"GET","url":"/v1/me","statusCode":200,"requestId":"6a2e9c62-9f0e-4c1b-93a0-c20de08f5118"}
{"level":"info","time":"2026-07-28T08:21:14.946Z","service":"api","msg":"request.completed","method":"GET","url":"/v1/organizations","statusCode":200,"requestId":"2f55bc44-369f-4af3-aadf-3bb5e2fc2ca5"}
{"level":"info","time":"2026-07-28T08:21:14.958Z","service":"api","msg":"request.completed","method":"GET","url":"/v1/properties?organizationId=d215a186-f84d-4c7c-b75a-3189969999c2","statusCode":200,"requestId":"0f48ec77-6974-4862-9555-9473f12ac9a3"}
{"level":"info","time":"2026-07-28T08:21:15.272Z","service":"api","msg":"request.completed","method":"GET","url":"/v1/me","statusCode":200,"requestId":"3afe49f6-f0e8-40b3-b620-769f5bb466d6"}
{"level":"info","time":"2026-07-28T08:21:15.276Z","service":"api","msg":"request.completed","method":"GET","url":"/v1/organizations","statusCode":200,"requestId":"0f683f42-b89f-479c-9092-2493ce20e794"}
{"level":"info","time":"2026-07-28T08:21:15.436Z","service":"api","msg":"request.completed","method":"OPTIONS","url":"/v1/auth/login","statusCode":204,"requestId":"50a1d111-0959-488e-af88-9cb881ee196f"}
{"level":"info","time":"2026-07-28T08:21:15.646Z","service":"api","msg":"request.completed","method":"POST","url":"/v1/auth/login","statusCode":200,"requestId":"36aeaa71-9c8f-42aa-9450-8b9e773b0a77"}
{"level":"info","time":"2026-07-28T08:21:15.957Z","service":"api","msg":"request.completed","method":"GET","url":"/v1/me","statusCode":200,"requestId":"3a3af169-fcfe-40d6-a048-d68e10e5e7e2"}
{"level":"info","time":"2026-07-28T08:21:15.961Z","service":"api","msg":"request.completed","method":"GET","url":"/v1/organizations","statusCode":200,"requestId":"4ba6a253-5117-49be-a050-594c2ec9ed69"}
{"level":"info","time":"2026-07-28T08:21:15.974Z","service":"api","msg":"request.completed","method":"GET","url":"/v1/properties?organizationId=d215a186-f84d-4c7c-b75a-3189969999c2","statusCode":200,"requestId":"70e2f39b-5e1a-4b43-abd7-8f77a3a93e6c"}
{"level":"info","time":"2026-07-28T08:21:16.518Z","service":"api","msg":"request.completed","method":"POST","url":"/v1/auth/login","statusCode":200,"requestId":"dec4aa20-d8e1-4af8-85d9-591f4990a11d"}
{"level":"info","time":"2026-07-28T08:21:16.561Z","service":"api","msg":"request.completed","method":"GET","url":"/v1/me","statusCode":200,"requestId":"18105eff-ef3b-466e-bfe0-734078f6e907"}
{"level":"info","time":"2026-07-28T08:21:16.563Z","service":"api","msg":"request.completed","method":"GET","url":"/v1/organizations","statusCode":200,"requestId":"cbf933df-99bf-4491-b2d0-39f657a6fa30"}
{"level":"info","time":"2026-07-28T08:21:16.568Z","service":"api","msg":"request.completed","method":"GET","url":"/v1/me","statusCode":200,"requestId":"0d2b6555-355b-4e74-abdb-dfd8a8fa6529"}
{"level":"info","time":"2026-07-28T08:21:16.573Z","service":"api","msg":"request.completed","method":"GET","url":"/v1/properties?organizationId=d215a186-f84d-4c7c-b75a-3189969999c2","statusCode":200,"requestId":"7bf636ed-6729-4cc6-935e-a4b26bd6098f"}
{"level":"info","time":"2026-07-28T08:21:16.573Z","service":"api","msg":"request.completed","method":"GET","url":"/v1/properties/8d283b2a-6ccd-4ab9-99be-79604deac640","statusCode":200,"requestId":"513cdc29-7e73-4a5d-886b-272fa2568b78"}
{"level":"info","time":"2026-07-28T08:21:16.616Z","service":"api","msg":"request.completed","method":"GET","url":"/v1/me","statusCode":200,"requestId":"16b80de3-a205-4ad3-951e-1644851534e4"}
{"level":"info","time":"2026-07-28T08:21:16.619Z","service":"api","msg":"request.completed","method":"GET","url":"/v1/me","statusCode":200,"requestId":"2f7857f8-e43d-4fc9-8d43-452d66bfc4cb"}
{"level":"info","time":"2026-07-28T08:21:16.619Z","service":"api","msg":"request.completed","method":"GET","url":"/v1/organizations","statusCode":200,"requestId":"e6144205-9da4-48d8-b338-2c3ad1bf24f4"}
{"level":"info","time":"2026-07-28T08:21:16.630Z","service":"api","msg":"request.completed","method":"GET","url":"/v1/properties?organizationId=d215a186-f84d-4c7c-b75a-3189969999c2","statusCode":200,"requestId":"896ebe44-7669-417a-863e-6d208eca13d0"}
{"level":"info","time":"2026-07-28T08:21:16.635Z","service":"api","msg":"request.completed","method":"GET","url":"/v1/properties/8d283b2a-6ccd-4ab9-99be-79604deac640/branding","statusCode":200,"requestId":"fae52df3-c6aa-43f7-a3f7-81e4d0e9fe01"}
{"level":"info","time":"2026-07-28T08:21:16.844Z","service":"api","msg":"request.completed","method":"POST","url":"/v1/uploads/presign","statusCode":200,"requestId":"e0e1fc42-32d9-412b-a18e-79e49e506726"}
{"level":"info","time":"2026-07-28T08:21:17.451Z","service":"api","msg":"request.completed","method":"POST","url":"/v1/uploads/complete","statusCode":200,"requestId":"2f2ad13c-8513-4570-94e2-81d5640344bd"}
{"level":"info","time":"2026-07-28T08:21:17.613Z","service":"api","msg":"request.completed","method":"DELETE","url":"/v1/assets/e52ff470-cc37-42c2-a859-c7dbc2e3bf25","statusCode":200,"requestId":"94c32ea6-ae06-4bde-93fd-4346ec70c802"}
{"level":"info","time":"2026-07-28T08:21:17.852Z","service":"api","msg":"request.completed","method":"OPTIONS","url":"/v1/auth/login","statusCode":204,"requestId":"de49e347-37b9-4be3-87c3-d8c0f1f03baf"}
{"level":"info","time":"2026-07-28T08:21:18.064Z","service":"api","msg":"request.completed","method":"POST","url":"/v1/auth/login","statusCode":200,"requestId":"236c5396-6b42-41f3-b633-e5c0a5d5e6da"}
{"level":"info","time":"2026-07-28T08:21:18.377Z","service":"api","msg":"request.completed","method":"GET","url":"/v1/me","statusCode":200,"requestId":"caba5b28-123d-4ae7-a663-3c6aa9b78bfb"}
{"level":"info","time":"2026-07-28T08:21:18.381Z","service":"api","msg":"request.completed","method":"GET","url":"/v1/organizations","statusCode":200,"requestId":"4f2e78a2-a911-4cb2-b121-451ddf3e10bf"}
{"level":"info","time":"2026-07-28T08:21:18.395Z","service":"api","msg":"request.completed","method":"GET","url":"/v1/properties?organizationId=d215a186-f84d-4c7c-b75a-3189969999c2","statusCode":200,"requestId":"37db84bb-c997-40e0-80f5-73e08847217e"}
{"level":"info","time":"2026-07-28T08:21:18.736Z","service":"api","msg":"request.completed","method":"GET","url":"/v1/me","statusCode":200,"requestId":"2bcd5caf-bbcb-4724-a851-4e5bb741ee73"}
{"level":"info","time":"2026-07-28T08:21:18.739Z","service":"api","msg":"request.completed","method":"GET","url":"/v1/organizations","statusCode":200,"requestId":"9daae41f-93db-474d-9d37-81802680b563"}
{"level":"info","time":"2026-07-28T08:21:18.752Z","service":"api","msg":"request.completed","method":"GET","url":"/v1/properties?organizationId=d215a186-f84d-4c7c-b75a-3189969999c2","statusCode":200,"requestId":"4465bb66-de03-4ef9-9116-f294dcd1e1da"}
{"level":"info","time":"2026-07-28T08:21:18.770Z","service":"api","msg":"request.completed","method":"POST","url":"/v1/auth/logout","statusCode":200,"requestId":"30c8c161-f687-4cf7-8eec-eaaec5d57927"}
{"level":"info","time":"2026-07-28T08:21:18.927Z","service":"api","msg":"request.completed","method":"OPTIONS","url":"/v1/auth/login","statusCode":204,"requestId":"8914624f-4849-445b-8a2e-5161d485087d"}
{"level":"info","time":"2026-07-28T08:21:19.138Z","service":"api","msg":"request.completed","method":"POST","url":"/v1/auth/login","statusCode":200,"requestId":"542c4821-b595-4faa-81b3-82755eb22fa4"}
{"level":"info","time":"2026-07-28T08:21:19.450Z","service":"api","msg":"request.completed","method":"GET","url":"/v1/me","statusCode":200,"requestId":"6ab6e7d0-961d-4d6c-83c1-4af88ba2fa57"}
{"level":"info","time":"2026-07-28T08:21:19.453Z","service":"api","msg":"request.completed","method":"GET","url":"/v1/organizations","statusCode":200,"requestId":"40bf7aa0-1ff8-4429-bcdb-83eaf4b77940"}
{"level":"info","time":"2026-07-28T08:21:19.464Z","service":"api","msg":"request.completed","method":"GET","url":"/v1/properties?organizationId=d215a186-f84d-4c7c-b75a-3189969999c2","statusCode":200,"requestId":"10b4f203-9a32-438a-b761-73d350d0c35a"}
{"level":"info","time":"2026-07-28T08:21:19.878Z","service":"api","msg":"request.completed","method":"OPTIONS","url":"/v1/auth/login","statusCode":204,"requestId":"1e8faa05-a375-4eaf-88d8-35fcbc8a839f"}
{"level":"info","time":"2026-07-28T08:21:20.089Z","service":"api","msg":"request.completed","method":"POST","url":"/v1/auth/login","statusCode":200,"requestId":"8d1f64f5-5102-48b0-bddc-de992b5b93b3"}
{"level":"info","time":"2026-07-28T08:21:20.400Z","service":"api","msg":"request.completed","method":"GET","url":"/v1/me","statusCode":200,"requestId":"e8ac4923-18a4-4704-b1c3-659349260711"}
{"level":"info","time":"2026-07-28T08:21:20.404Z","service":"api","msg":"request.completed","method":"GET","url":"/v1/organizations","statusCode":200,"requestId":"a98ca6df-f075-428e-b57b-b21b23017b98"}
{"level":"info","time":"2026-07-28T08:21:20.414Z","service":"api","msg":"request.completed","method":"GET","url":"/v1/properties?organizationId=d215a186-f84d-4c7c-b75a-3189969999c2","statusCode":200,"requestId":"a2c4b3b2-b5e5-420c-aedd-2dea4c35a811"}
{"level":"info","time":"2026-07-28T08:21:20.853Z","service":"api","msg":"request.completed","method":"OPTIONS","url":"/v1/auth/login","statusCode":204,"requestId":"bc6b6916-f71e-4f15-9836-0e5de098d229"}
/Users/huypq/Documents/Projects/guestportal/apps/api:
[ERR_PNPM_RECURSIVE_RUN_FIRST_FAIL] @guestportal/api@0.0.0 start: `node dist/server.js`
Command failed with signal "SIGTERM"
