$ next start --port 3002
$ node dist/server.js
$ next start --port 3101
 ⚠ You are using a non-standard "NODE_ENV" value in your environment. This creates inconsistencies in the project and is strongly advised against. Read more: https://nextjs.org/docs/messages/non-standard-node-env
 ⚠ You are using a non-standard "NODE_ENV" value in your environment. This creates inconsistencies in the project and is strongly advised against. Read more: https://nextjs.org/docs/messages/non-standard-node-env
   ▲ Next.js 15.5.21
   - Local:        http://localhost:3101
   - Network:      http://192.168.1.184:3101

 ✓ Starting...
   ▲ Next.js 15.5.21
   - Local:        http://localhost:3002
   - Network:      http://192.168.1.184:3002

 ✓ Starting...
 ✓ Ready in 539ms
 ✓ Ready in 540ms
{"level":"info","time":"2026-07-28T09:50:21.465Z","service":"api","msg":"api.started","port":4000}
{"level":"info","time":"2026-07-28T09:50:22.314Z","service":"api","msg":"request.completed","method":"GET","url":"/health","statusCode":200,"requestId":"1b083055-50af-418a-8c6f-3d7a23da16cc"}

Running 7 tests using 1 worker

  ✓  1 [chromium] › e2e/i18n.spec.ts:14:1 › admin locale switch persists cookie and route (1.1s)
  ✓  2 [chromium] › e2e/i18n.spec.ts:27:5 › admin long translation has no overflow at 360px (en) (989ms)
  ✓  3 [chromium] › e2e/i18n.spec.ts:27:5 › admin long translation has no overflow at 360px (vi) (997ms)
  ✓  4 [chromium] › e2e/i18n.spec.ts:27:5 › admin long translation has no overflow at 1024px (en) (989ms)
  ✓  5 [chromium] › e2e/i18n.spec.ts:27:5 › admin long translation has no overflow at 1024px (vi) (971ms)
  ✓  6 [chromium] › e2e/i18n.spec.ts:27:5 › admin long translation has no overflow at 1440px (en) (1.0s)
  ✓  7 [chromium] › e2e/i18n.spec.ts:27:5 › admin long translation has no overflow at 1440px (vi) (993ms)

  7 passed (7.5s)
(node:59817) Warning: The 'NO_COLOR' env is ignored due to the 'FORCE_COLOR' env being set.
(Use `node --trace-warnings ...` to show where the warning was created)

Running 7 tests using 1 worker

  ✓  1 [chromium] › e2e/i18n.spec.ts:7:1 › staff locale switch persists cookie and route (787ms)
  ✓  2 [chromium] › e2e/i18n.spec.ts:20:5 › staff long translation has no overflow at 360px (en) (371ms)
  ✓  3 [chromium] › e2e/i18n.spec.ts:20:5 › staff long translation has no overflow at 360px (vi) (372ms)
  ✓  4 [chromium] › e2e/i18n.spec.ts:20:5 › staff long translation has no overflow at 1024px (en) (378ms)
  ✓  5 [chromium] › e2e/i18n.spec.ts:20:5 › staff long translation has no overflow at 1024px (vi) (364ms)
  ✓  6 [chromium] › e2e/i18n.spec.ts:20:5 › staff long translation has no overflow at 1440px (en) (354ms)
  ✓  7 [chromium] › e2e/i18n.spec.ts:20:5 › staff long translation has no overflow at 1440px (vi) (463ms)

  7 passed (3.5s)
(node:59940) Warning: The 'NO_COLOR' env is ignored due to the 'FORCE_COLOR' env being set.
(Use `node --trace-warnings ...` to show where the warning was created)
{"level":"info","time":"2026-07-28T09:50:23.365Z","service":"api","msg":"request.completed","method":"OPTIONS","url":"/v1/auth/login","statusCode":204,"requestId":"48b1e38c-1bb5-4e29-bf36-104ff574fdeb"}
{"level":"info","time":"2026-07-28T09:50:23.617Z","service":"api","msg":"request.completed","method":"POST","url":"/v1/auth/login","statusCode":200,"requestId":"581df235-94be-4a3f-aa50-be6574287161"}
{"level":"info","time":"2026-07-28T09:50:23.936Z","service":"api","msg":"request.completed","method":"GET","url":"/v1/me","statusCode":200,"requestId":"4364ef44-5070-4e61-bc0b-82b540af0eea"}
{"level":"info","time":"2026-07-28T09:50:23.940Z","service":"api","msg":"request.completed","method":"GET","url":"/v1/organizations","statusCode":200,"requestId":"cbb2e713-adad-4064-9257-00e70313f6a9"}
{"level":"info","time":"2026-07-28T09:50:23.951Z","service":"api","msg":"request.completed","method":"GET","url":"/v1/properties?organizationId=d215a186-f84d-4c7c-b75a-3189969999c2","statusCode":200,"requestId":"9a29723a-2faa-4b57-9d02-d52e64058d3d"}
{"level":"info","time":"2026-07-28T09:50:24.233Z","service":"api","msg":"request.completed","method":"GET","url":"/v1/me","statusCode":200,"requestId":"84f412e9-e508-40e0-8dcf-ec1a7a2750f8"}
{"level":"info","time":"2026-07-28T09:50:24.237Z","service":"api","msg":"request.completed","method":"GET","url":"/v1/organizations","statusCode":200,"requestId":"de3209a3-0fe7-47fb-93cf-f922079dc794"}
{"level":"info","time":"2026-07-28T09:50:24.251Z","service":"api","msg":"request.completed","method":"GET","url":"/v1/properties?organizationId=d215a186-f84d-4c7c-b75a-3189969999c2","statusCode":200,"requestId":"3195d4a8-3e6f-45ae-a64c-adc46b2767b4"}
{"level":"info","time":"2026-07-28T09:50:24.294Z","service":"api","msg":"request.completed","method":"GET","url":"/v1/me","statusCode":200,"requestId":"bb69d276-830e-482b-9ae3-34d79f837228"}
{"level":"info","time":"2026-07-28T09:50:24.303Z","service":"api","msg":"request.completed","method":"GET","url":"/v1/organizations","statusCode":200,"requestId":"3e6079b5-13d5-41c1-87fa-82b31e6bc0d8"}
{"level":"info","time":"2026-07-28T09:50:24.311Z","service":"api","msg":"request.completed","method":"GET","url":"/v1/properties?organizationId=d215a186-f84d-4c7c-b75a-3189969999c2","statusCode":200,"requestId":"356623f6-0434-48f8-903e-40f0d60d2528"}
{"level":"info","time":"2026-07-28T09:50:24.460Z","service":"api","msg":"request.completed","method":"OPTIONS","url":"/v1/auth/login","statusCode":204,"requestId":"1cc51d37-ff49-41f5-b652-3b806d5b1050"}
{"level":"info","time":"2026-07-28T09:50:24.689Z","service":"api","msg":"request.completed","method":"POST","url":"/v1/auth/login","statusCode":200,"requestId":"b5b79110-1014-48ba-b3f3-0eef9bceba9b"}
{"level":"info","time":"2026-07-28T09:50:25.000Z","service":"api","msg":"request.completed","method":"GET","url":"/v1/me","statusCode":200,"requestId":"1e2d2359-fc0f-4e9b-87dc-03756b41d425"}
{"level":"info","time":"2026-07-28T09:50:25.004Z","service":"api","msg":"request.completed","method":"GET","url":"/v1/organizations","statusCode":200,"requestId":"0b02ac0a-6dd4-4093-b15f-146edef5bd92"}
{"level":"info","time":"2026-07-28T09:50:25.016Z","service":"api","msg":"request.completed","method":"GET","url":"/v1/properties?organizationId=d215a186-f84d-4c7c-b75a-3189969999c2","statusCode":200,"requestId":"23853ef3-5261-435e-b09d-12a4c3ccf2fe"}
{"level":"info","time":"2026-07-28T09:50:25.468Z","service":"api","msg":"request.completed","method":"OPTIONS","url":"/v1/auth/login","statusCode":204,"requestId":"7a42db9b-8853-47eb-be80-bf4ef5741ae4"}
{"level":"info","time":"2026-07-28T09:50:25.693Z","service":"api","msg":"request.completed","method":"POST","url":"/v1/auth/login","statusCode":200,"requestId":"13fa689c-c347-4fed-91c2-73b21637d4d3"}
{"level":"info","time":"2026-07-28T09:50:26.011Z","service":"api","msg":"request.completed","method":"GET","url":"/v1/me","statusCode":200,"requestId":"1da1d738-4120-4363-a5f8-cde0c3ee1daf"}
{"level":"info","time":"2026-07-28T09:50:26.017Z","service":"api","msg":"request.completed","method":"GET","url":"/v1/organizations","statusCode":200,"requestId":"d2563029-36b1-42f7-95ae-59cfd644cbc9"}
{"level":"info","time":"2026-07-28T09:50:26.032Z","service":"api","msg":"request.completed","method":"GET","url":"/v1/properties?organizationId=d215a186-f84d-4c7c-b75a-3189969999c2","statusCode":200,"requestId":"059e79d4-458f-4526-a48d-90f8290c2f78"}
{"level":"info","time":"2026-07-28T09:50:26.468Z","service":"api","msg":"request.completed","method":"OPTIONS","url":"/v1/auth/login","statusCode":204,"requestId":"bf0b6dc4-2e1a-421c-acac-0df4906d01b1"}
{"level":"info","time":"2026-07-28T09:50:26.697Z","service":"api","msg":"request.completed","method":"POST","url":"/v1/auth/login","statusCode":200,"requestId":"5616376f-ac93-4929-ba81-be541be2b3f3"}
{"level":"info","time":"2026-07-28T09:50:27.008Z","service":"api","msg":"request.completed","method":"GET","url":"/v1/me","statusCode":200,"requestId":"7e93135e-f7c7-42e1-a9ca-25aff4317096"}
{"level":"info","time":"2026-07-28T09:50:27.011Z","service":"api","msg":"request.completed","method":"GET","url":"/v1/organizations","statusCode":200,"requestId":"0e297342-e16b-4392-b60e-f8293c491247"}
{"level":"info","time":"2026-07-28T09:50:27.024Z","service":"api","msg":"request.completed","method":"GET","url":"/v1/properties?organizationId=d215a186-f84d-4c7c-b75a-3189969999c2","statusCode":200,"requestId":"a4e56446-9d83-4046-be9c-109ffbb9d1a7"}
{"level":"info","time":"2026-07-28T09:50:27.434Z","service":"api","msg":"request.completed","method":"OPTIONS","url":"/v1/auth/login","statusCode":204,"requestId":"ed5c31e8-f128-4d39-818a-4607b51597cf"}
{"level":"info","time":"2026-07-28T09:50:27.653Z","service":"api","msg":"request.completed","method":"POST","url":"/v1/auth/login","statusCode":200,"requestId":"ba58a1ef-d98d-48a7-a5cd-a4ac65ccb867"}
{"level":"info","time":"2026-07-28T09:50:27.974Z","service":"api","msg":"request.completed","method":"GET","url":"/v1/me","statusCode":200,"requestId":"1e206ea9-55f8-49c5-867d-99e64b144828"}
{"level":"info","time":"2026-07-28T09:50:27.988Z","service":"api","msg":"request.completed","method":"GET","url":"/v1/organizations","statusCode":200,"requestId":"8c32d4fc-790e-48fa-a53d-63338e4b4ac3"}
{"level":"info","time":"2026-07-28T09:50:28.010Z","service":"api","msg":"request.completed","method":"GET","url":"/v1/properties?organizationId=d215a186-f84d-4c7c-b75a-3189969999c2","statusCode":200,"requestId":"b391ebb3-f5a1-4283-89a2-004dec4b88c5"}
{"level":"info","time":"2026-07-28T09:50:28.443Z","service":"api","msg":"request.completed","method":"OPTIONS","url":"/v1/auth/login","statusCode":204,"requestId":"296fa68e-8dc5-429c-9815-3a2991d54ed1"}
{"level":"info","time":"2026-07-28T09:50:28.680Z","service":"api","msg":"request.completed","method":"POST","url":"/v1/auth/login","statusCode":200,"requestId":"c812c5ef-3f01-451e-820b-73f1b752f4f1"}
{"level":"info","time":"2026-07-28T09:50:28.993Z","service":"api","msg":"request.completed","method":"GET","url":"/v1/me","statusCode":200,"requestId":"3850e2c6-e1cd-420c-9d00-101fffb02ee0"}
{"level":"info","time":"2026-07-28T09:50:28.996Z","service":"api","msg":"request.completed","method":"GET","url":"/v1/organizations","statusCode":200,"requestId":"290347d3-4fd7-4a89-b755-707110cb12f8"}
{"level":"info","time":"2026-07-28T09:50:29.009Z","service":"api","msg":"request.completed","method":"GET","url":"/v1/properties?organizationId=d215a186-f84d-4c7c-b75a-3189969999c2","statusCode":200,"requestId":"bb63b1b3-30c3-4616-b33a-7b35fefdc1f5"}
{"level":"info","time":"2026-07-28T09:50:29.437Z","service":"api","msg":"request.completed","method":"OPTIONS","url":"/v1/auth/login","statusCode":204,"requestId":"583ae104-c844-4ed8-82ed-ebaf63953787"}
{"level":"info","time":"2026-07-28T09:50:29.845Z","service":"api","msg":"request.completed","method":"POST","url":"/v1/auth/login","statusCode":200,"requestId":"17bc2ba8-935c-42e1-862f-144705c87ec5"}
{"level":"info","time":"2026-07-28T09:50:30.165Z","service":"api","msg":"request.completed","method":"GET","url":"/v1/me","statusCode":200,"requestId":"618a411f-e93a-4845-be01-7f1761511134"}
{"level":"info","time":"2026-07-28T09:50:30.169Z","service":"api","msg":"request.completed","method":"GET","url":"/v1/organizations","statusCode":200,"requestId":"fa9823ca-dee4-4c38-ae32-4974e9d1049a"}
{"level":"info","time":"2026-07-28T09:50:30.178Z","service":"api","msg":"request.completed","method":"GET","url":"/v1/properties?organizationId=d215a186-f84d-4c7c-b75a-3189969999c2","statusCode":200,"requestId":"419f14f0-5603-46a4-9a9a-5389bed4f111"}
{"level":"info","time":"2026-07-28T09:50:31.834Z","service":"api","msg":"request.completed","method":"POST","url":"/v1/auth/login","statusCode":200,"requestId":"a5a038e0-c1c8-46a8-9dd0-62051df86fea"}
{"level":"info","time":"2026-07-28T09:50:31.891Z","service":"api","msg":"request.completed","method":"GET","url":"/v1/me","statusCode":200,"requestId":"16a506fc-403e-4e83-9742-6f210047941d"}
{"level":"info","time":"2026-07-28T09:50:31.895Z","service":"api","msg":"request.completed","method":"GET","url":"/v1/organizations","statusCode":200,"requestId":"49bec258-29c5-4963-a233-efd679b0b2c6"}
{"level":"info","time":"2026-07-28T09:50:31.912Z","service":"api","msg":"request.completed","method":"GET","url":"/v1/properties?organizationId=d215a186-f84d-4c7c-b75a-3189969999c2","statusCode":200,"requestId":"32d8c0e3-7a7d-44f5-8228-c07677b67d8f"}
{"level":"info","time":"2026-07-28T09:50:31.936Z","service":"api","msg":"request.completed","method":"GET","url":"/v1/staff/work-items?propertyId=3ab87d2a-0c78-4fac-aa15-515a733cc3ae&queue=inbox","statusCode":200,"requestId":"828c0145-4e3a-4cad-908b-77827d1161ed"}
{"level":"info","time":"2026-07-28T09:50:31.947Z","service":"api","msg":"request.completed","method":"GET","url":"/v1/staff/realtime/events?propertyId=3ab87d2a-0c78-4fac-aa15-515a733cc3ae","statusCode":200,"requestId":"94a89436-d077-479b-8f16-f0be0a283519"}
{"level":"info","time":"2026-07-28T09:50:31.974Z","service":"api","msg":"request.completed","method":"GET","url":"/v1/me","statusCode":200,"requestId":"4a5bc18e-dac3-4318-881f-653080f41968"}
{"level":"info","time":"2026-07-28T09:50:31.978Z","service":"api","msg":"request.completed","method":"GET","url":"/v1/organizations","statusCode":200,"requestId":"60aca29b-a6d8-44c7-a787-0c4282a50443"}
{"level":"info","time":"2026-07-28T09:50:31.986Z","service":"api","msg":"request.completed","method":"GET","url":"/v1/properties?organizationId=d215a186-f84d-4c7c-b75a-3189969999c2","statusCode":200,"requestId":"8ed857d0-bb1e-41af-a33e-7f069c94fe58"}
{"level":"info","time":"2026-07-28T09:50:31.995Z","service":"api","msg":"request.completed","method":"GET","url":"/v1/staff/realtime/events?propertyId=3ab87d2a-0c78-4fac-aa15-515a733cc3ae","statusCode":200,"requestId":"d7fb4628-9fdc-49c3-a21a-6393fa7009da"}
{"level":"info","time":"2026-07-28T09:50:32.000Z","service":"api","msg":"request.completed","method":"GET","url":"/v1/staff/work-items?propertyId=3ab87d2a-0c78-4fac-aa15-515a733cc3ae&queue=my_work","statusCode":200,"requestId":"d45fa3b6-516a-44b1-8dfd-a71454c75b44"}
{"level":"info","time":"2026-07-28T09:50:32.017Z","service":"api","msg":"request.completed","method":"GET","url":"/v1/me","statusCode":200,"requestId":"52a231c8-d2cf-4b94-9917-eea0fc69efde"}
{"level":"info","time":"2026-07-28T09:50:32.020Z","service":"api","msg":"request.completed","method":"GET","url":"/v1/organizations","statusCode":200,"requestId":"06d010eb-0322-4f48-a9c0-fcbfc9ed8cbc"}
{"level":"info","time":"2026-07-28T09:50:32.029Z","service":"api","msg":"request.completed","method":"GET","url":"/v1/properties?organizationId=d215a186-f84d-4c7c-b75a-3189969999c2","statusCode":200,"requestId":"1c02cf08-d066-42a9-9f4e-8729e7b26f0c"}
{"level":"info","time":"2026-07-28T09:50:32.287Z","service":"api","msg":"request.completed","method":"POST","url":"/v1/auth/login","statusCode":200,"requestId":"3b8ed73e-51b3-4360-8fd1-790ac79ab665"}
{"level":"info","time":"2026-07-28T09:50:32.332Z","service":"api","msg":"request.completed","method":"GET","url":"/v1/me","statusCode":200,"requestId":"24ce9888-abde-4ec9-bfe7-5447e2ccc73a"}
{"level":"info","time":"2026-07-28T09:50:32.337Z","service":"api","msg":"request.completed","method":"GET","url":"/v1/organizations","statusCode":200,"requestId":"1957dc49-6db5-4baf-9689-2cca7c64ce8e"}
{"level":"info","time":"2026-07-28T09:50:32.353Z","service":"api","msg":"request.completed","method":"GET","url":"/v1/properties?organizationId=d215a186-f84d-4c7c-b75a-3189969999c2","statusCode":200,"requestId":"74b7189c-e7ca-4ade-bc90-c43cd75d9bac"}
{"level":"info","time":"2026-07-28T09:50:32.362Z","service":"api","msg":"request.completed","method":"GET","url":"/v1/staff/realtime/events?propertyId=3ab87d2a-0c78-4fac-aa15-515a733cc3ae","statusCode":200,"requestId":"a20d9ca9-4769-4126-a213-1e36d917f6eb"}
{"level":"info","time":"2026-07-28T09:50:32.366Z","service":"api","msg":"request.completed","method":"GET","url":"/v1/staff/work-items?propertyId=3ab87d2a-0c78-4fac-aa15-515a733cc3ae&queue=inbox","statusCode":200,"requestId":"8b726b8a-d829-43bd-8a23-4b9d0fbbd617"}
{"level":"info","time":"2026-07-28T09:50:32.375Z","service":"api","msg":"request.completed","method":"GET","url":"/v1/staff/orders/96587897-05dd-423f-a79f-dcfa6eb71f0a","statusCode":200,"requestId":"91595905-fcd9-4915-bb1e-07860755a3eb"}
{"level":"info","time":"2026-07-28T09:50:32.666Z","service":"api","msg":"request.completed","method":"POST","url":"/v1/auth/login","statusCode":200,"requestId":"8c59a8dd-46cc-4d3d-b693-d2e2b8da9695"}
{"level":"info","time":"2026-07-28T09:50:32.711Z","service":"api","msg":"request.completed","method":"GET","url":"/v1/me","statusCode":200,"requestId":"de4d0724-f517-4119-bccb-085205a5fe96"}
{"level":"info","time":"2026-07-28T09:50:32.716Z","service":"api","msg":"request.completed","method":"GET","url":"/v1/organizations","statusCode":200,"requestId":"b40b5b9a-a4c5-4359-a620-1acbb9ff1f71"}
{"level":"info","time":"2026-07-28T09:50:32.732Z","service":"api","msg":"request.completed","method":"GET","url":"/v1/properties?organizationId=d215a186-f84d-4c7c-b75a-3189969999c2","statusCode":200,"requestId":"f99c5278-0ecd-4561-80a1-8083fe1dcdd9"}
{"level":"info","time":"2026-07-28T09:50:32.741Z","service":"api","msg":"request.completed","method":"GET","url":"/v1/staff/realtime/events?propertyId=3ab87d2a-0c78-4fac-aa15-515a733cc3ae","statusCode":200,"requestId":"b078b1ae-f4ee-4c0f-9820-baf2b01b9a79"}
{"level":"info","time":"2026-07-28T09:50:32.743Z","service":"api","msg":"request.completed","method":"GET","url":"/v1/staff/work-items?propertyId=3ab87d2a-0c78-4fac-aa15-515a733cc3ae&queue=inbox","statusCode":200,"requestId":"a9f7eecc-48e5-426d-b9c3-91c0f27247fa"}
{"level":"info","time":"2026-07-28T09:50:32.752Z","service":"api","msg":"request.completed","method":"GET","url":"/v1/staff/orders/96587897-05dd-423f-a79f-dcfa6eb71f0a","statusCode":200,"requestId":"1d5212db-95b2-43e3-82c9-1a5b7c475e23"}
{"level":"info","time":"2026-07-28T09:50:33.040Z","service":"api","msg":"request.completed","method":"POST","url":"/v1/auth/login","statusCode":200,"requestId":"9401a5ba-1380-437b-bc37-655cd392ab69"}
{"level":"info","time":"2026-07-28T09:50:33.086Z","service":"api","msg":"request.completed","method":"GET","url":"/v1/me","statusCode":200,"requestId":"743e9c9f-c92a-470e-bab3-0d967660273a"}
{"level":"info","time":"2026-07-28T09:50:33.090Z","service":"api","msg":"request.completed","method":"GET","url":"/v1/organizations","statusCode":200,"requestId":"2307df6b-9899-4460-9cd6-221dc83ea720"}
{"level":"info","time":"2026-07-28T09:50:33.108Z","service":"api","msg":"request.completed","method":"GET","url":"/v1/properties?organizationId=d215a186-f84d-4c7c-b75a-3189969999c2","statusCode":200,"requestId":"df42d7a8-6e2e-4a74-b9e4-641eedfe779b"}
{"level":"info","time":"2026-07-28T09:50:33.117Z","service":"api","msg":"request.completed","method":"GET","url":"/v1/staff/realtime/events?propertyId=3ab87d2a-0c78-4fac-aa15-515a733cc3ae","statusCode":200,"requestId":"2c490553-99e9-461b-84d3-a6caaf1ca89f"}
{"level":"info","time":"2026-07-28T09:50:33.120Z","service":"api","msg":"request.completed","method":"GET","url":"/v1/staff/work-items?propertyId=3ab87d2a-0c78-4fac-aa15-515a733cc3ae&queue=inbox","statusCode":200,"requestId":"1e2869f9-0c25-4eb7-96e4-2d8fb25d88b3"}
{"level":"info","time":"2026-07-28T09:50:33.130Z","service":"api","msg":"request.completed","method":"GET","url":"/v1/staff/orders/96587897-05dd-423f-a79f-dcfa6eb71f0a","statusCode":200,"requestId":"a6927d7c-fc60-4761-8a68-dbaf685375fc"}
{"level":"info","time":"2026-07-28T09:50:33.431Z","service":"api","msg":"request.completed","method":"POST","url":"/v1/auth/login","statusCode":200,"requestId":"ffd9a3ba-0b66-4c3e-9aff-1443d040d7c2"}
{"level":"info","time":"2026-07-28T09:50:33.478Z","service":"api","msg":"request.completed","method":"GET","url":"/v1/me","statusCode":200,"requestId":"8b8766cc-05d4-40da-b26f-fd529e4e0996"}
{"level":"info","time":"2026-07-28T09:50:33.482Z","service":"api","msg":"request.completed","method":"GET","url":"/v1/organizations","statusCode":200,"requestId":"ea6db4fd-6c59-4129-a90b-032b3cf79c2d"}
{"level":"info","time":"2026-07-28T09:50:33.499Z","service":"api","msg":"request.completed","method":"GET","url":"/v1/properties?organizationId=d215a186-f84d-4c7c-b75a-3189969999c2","statusCode":200,"requestId":"132e149c-2d15-41f3-b120-0c0d7799648f"}
{"level":"info","time":"2026-07-28T09:50:33.507Z","service":"api","msg":"request.completed","method":"GET","url":"/v1/staff/realtime/events?propertyId=3ab87d2a-0c78-4fac-aa15-515a733cc3ae","statusCode":200,"requestId":"04961f17-6250-4c0d-8c5a-1f0a3fe60afb"}
{"level":"info","time":"2026-07-28T09:50:33.510Z","service":"api","msg":"request.completed","method":"GET","url":"/v1/staff/work-items?propertyId=3ab87d2a-0c78-4fac-aa15-515a733cc3ae&queue=inbox","statusCode":200,"requestId":"8f66fa51-25b1-4f1d-88fc-b40254c4f06c"}
{"level":"info","time":"2026-07-28T09:50:33.519Z","service":"api","msg":"request.completed","method":"GET","url":"/v1/staff/orders/96587897-05dd-423f-a79f-dcfa6eb71f0a","statusCode":200,"requestId":"3abc6e7d-8f9a-4141-83c7-7464ebc94b6c"}
{"level":"info","time":"2026-07-28T09:50:33.792Z","service":"api","msg":"request.completed","method":"POST","url":"/v1/auth/login","statusCode":200,"requestId":"489fed33-c4b2-4e58-8488-feccbd2e00bb"}
{"level":"info","time":"2026-07-28T09:50:33.834Z","service":"api","msg":"request.completed","method":"GET","url":"/v1/me","statusCode":200,"requestId":"f6bb2609-ae38-4191-919a-34c9ad136ec0"}
{"level":"info","time":"2026-07-28T09:50:33.838Z","service":"api","msg":"request.completed","method":"GET","url":"/v1/organizations","statusCode":200,"requestId":"a470fc28-1c2a-449f-907b-08dd93988558"}
{"level":"info","time":"2026-07-28T09:50:33.862Z","service":"api","msg":"request.completed","method":"GET","url":"/v1/properties?organizationId=d215a186-f84d-4c7c-b75a-3189969999c2","statusCode":200,"requestId":"9afd62be-eda8-4a15-a522-37cf1a13c280"}
{"level":"info","time":"2026-07-28T09:50:33.870Z","service":"api","msg":"request.completed","method":"GET","url":"/v1/staff/realtime/events?propertyId=3ab87d2a-0c78-4fac-aa15-515a733cc3ae","statusCode":200,"requestId":"f04a32f2-5bc4-4ed7-8316-1f6b91de5d59"}
{"level":"info","time":"2026-07-28T09:50:33.874Z","service":"api","msg":"request.completed","method":"GET","url":"/v1/staff/work-items?propertyId=3ab87d2a-0c78-4fac-aa15-515a733cc3ae&queue=inbox","statusCode":200,"requestId":"f4c500b0-9611-40c4-952c-1c0ec67c0204"}
{"level":"info","time":"2026-07-28T09:50:33.882Z","service":"api","msg":"request.completed","method":"GET","url":"/v1/staff/orders/96587897-05dd-423f-a79f-dcfa6eb71f0a","statusCode":200,"requestId":"c7871939-fd45-402c-b8d4-47a3f53da870"}
{"level":"info","time":"2026-07-28T09:50:34.192Z","service":"api","msg":"request.completed","method":"POST","url":"/v1/auth/login","statusCode":200,"requestId":"a82d1f70-8fe1-4d86-ad95-0063ea670c34"}
{"level":"info","time":"2026-07-28T09:50:34.242Z","service":"api","msg":"request.completed","method":"GET","url":"/v1/me","statusCode":200,"requestId":"51e81525-7830-4cd0-a21e-fda5a4ac94fd"}
{"level":"info","time":"2026-07-28T09:50:34.249Z","service":"api","msg":"request.completed","method":"GET","url":"/v1/organizations","statusCode":200,"requestId":"3c0f2c98-61ba-4255-b9c6-13dbc533da39"}
{"level":"info","time":"2026-07-28T09:50:34.268Z","service":"api","msg":"request.completed","method":"GET","url":"/v1/properties?organizationId=d215a186-f84d-4c7c-b75a-3189969999c2","statusCode":200,"requestId":"452f63f0-d821-4838-946a-1d778dd45c92"}
{"level":"info","time":"2026-07-28T09:50:34.281Z","service":"api","msg":"request.completed","method":"GET","url":"/v1/staff/realtime/events?propertyId=3ab87d2a-0c78-4fac-aa15-515a733cc3ae","statusCode":200,"requestId":"26c2a95d-54ea-4bf5-a41e-bf0f0cae4d45"}
{"level":"info","time":"2026-07-28T09:50:34.285Z","service":"api","msg":"request.completed","method":"GET","url":"/v1/staff/work-items?propertyId=3ab87d2a-0c78-4fac-aa15-515a733cc3ae&queue=inbox","statusCode":200,"requestId":"8ee41631-d0d0-4d0e-b5ea-959f8f34a6f8"}
{"level":"info","time":"2026-07-28T09:50:34.294Z","service":"api","msg":"request.completed","method":"GET","url":"/v1/staff/orders/96587897-05dd-423f-a79f-dcfa6eb71f0a","statusCode":200,"requestId":"84816b67-6ed5-44f4-b16a-6ee34806eb69"}
/Users/huypq/Documents/Projects/guestportal/apps/api:
[ERR_PNPM_RECURSIVE_RUN_FIRST_FAIL] @guestportal/api@0.0.0 start: `node dist/server.js`
Command failed with signal "SIGTERM"
