$ next start --port 3002
$ node dist/server.js
 ⚠ You are using a non-standard "NODE_ENV" value in your environment. This creates inconsistencies in the project and is strongly advised against. Read more: https://nextjs.org/docs/messages/non-standard-node-env
   ▲ Next.js 15.5.21
   - Local:        http://localhost:3002
   - Network:      http://192.168.1.184:3002

 ✓ Starting...
 ✓ Ready in 546ms
{"level":"info","time":"2026-07-28T09:49:54.739Z","service":"api","msg":"api.started","port":4000}
{"level":"info","time":"2026-07-28T09:49:55.479Z","service":"api","msg":"request.completed","method":"GET","url":"/health","statusCode":200,"requestId":"17445554-8c6b-40df-a3e7-1ad04180b5d7"}

Running 20 tests using 3 workers

  ✓   1 [chromium] › e2e/i18n.spec.ts:7:1 › staff locale switch persists cookie and route (1.9s)
  ✓   4 [chromium] › e2e/i18n.spec.ts:20:5 › staff long translation has no overflow at 360px (en) (636ms)
  ✓   3 [chromium] › e2e/staff-shell.spec.ts:8:1 › staff can navigate mobile and desktop shell routes (2.8s)
  ✓   6 [chromium] › e2e/staff-shell.spec.ts:28:1 › content manager without request access is denied staff workspace (691ms)
  ✓   5 [chromium] › e2e/i18n.spec.ts:20:5 › staff long translation has no overflow at 360px (vi) (946ms)
  ✓   8 [chromium] › e2e/i18n.spec.ts:20:5 › staff long translation has no overflow at 1024px (en) (786ms)
  ✓   7 [chromium] › e2e/staff-shell.spec.ts:34:1 › mobile bottom nav meets touch target size at 360px (889ms)
  ✓   9 [chromium] › e2e/i18n.spec.ts:20:5 › staff long translation has no overflow at 1024px (vi) (715ms)
  ✓  11 [chromium] › e2e/i18n.spec.ts:20:5 › staff long translation has no overflow at 1440px (en) (481ms)
  ✓  12 [chromium] › e2e/i18n.spec.ts:20:5 › staff long translation has no overflow at 1440px (vi) (609ms)
  ✓  10 [chromium] › e2e/staff-shell.spec.ts:49:1 › staff shell has no critical axe violations (2.3s)
  ✓  13 [chromium] › e2e/staff-shell.spec.ts:58:3 › shell has no horizontal overflow at 360px (397ms)
  ✓  14 [chromium] › e2e/staff-shell.spec.ts:58:3 › shell has no horizontal overflow at 390px (564ms)
  ✓  15 [chromium] › e2e/staff-shell.spec.ts:58:3 › shell has no horizontal overflow at 768px (634ms)
  ✓  16 [chromium] › e2e/staff-shell.spec.ts:58:3 › shell has no horizontal overflow at 1280px (482ms)
  ✓   2 [chromium] › e2e/staff-operations.spec.ts:154:1 › staff inbox and detail workspace render real request/order data (12.7s)
  ✓  17 [chromium] › e2e/staff-operations.spec.ts:233:1 › staff workspace exposes loading, error, and empty states (1.8s)
  ✓  18 [chromium] › e2e/staff-operations.spec.ts:273:1 › staff inbox receives realtime submitted work and survives reload (4.2s)
  ✓  19 [chromium] › e2e/staff-operations.spec.ts:307:1 › staff claim conflict is visible when another worker claims first (3.2s)
  ✓  20 [chromium] › e2e/staff-operations.spec.ts:359:1 › staff role cannot see properties outside assignment (366ms)

  20 passed (23.0s)
$ playwright test
(node:59383) Warning: The 'NO_COLOR' env is ignored due to the 'FORCE_COLOR' env being set.
(Use `node --trace-warnings ...` to show where the warning was created)
(node:59385) Warning: The 'NO_COLOR' env is ignored due to the 'FORCE_COLOR' env being set.
(Use `node --trace-warnings ...` to show where the warning was created)
(node:59384) Warning: The 'NO_COLOR' env is ignored due to the 'FORCE_COLOR' env being set.
(Use `node --trace-warnings ...` to show where the warning was created)
{"level":"info","time":"2026-07-28T09:49:58.884Z","service":"api","msg":"request.completed","method":"POST","url":"/v1/auth/login","statusCode":200,"requestId":"6ef1879d-f377-49be-9cf4-a22198ca643b"}
{"level":"info","time":"2026-07-28T09:49:58.884Z","service":"api","msg":"request.completed","method":"POST","url":"/v1/auth/login","statusCode":200,"requestId":"cc0bdf70-c1d6-457c-a735-aab5a7646384"}
{"level":"info","time":"2026-07-28T09:49:58.884Z","service":"api","msg":"request.completed","method":"POST","url":"/v1/auth/login","statusCode":200,"requestId":"17356bd7-d676-48c8-ab55-5e5fd6a23cf1"}
{"level":"info","time":"2026-07-28T09:49:58.954Z","service":"api","msg":"request.completed","method":"GET","url":"/v1/properties?organizationId=d215a186-f84d-4c7c-b75a-3189969999c2","statusCode":200,"requestId":"c4c358df-7d25-4288-98a1-e63472e2e7e9"}
{"level":"info","time":"2026-07-28T09:49:58.966Z","service":"api","msg":"request.completed","method":"GET","url":"/v1/properties/3ab87d2a-0c78-4fac-aa15-515a733cc3ae/locations","statusCode":200,"requestId":"9b877815-74fb-4283-b895-0e80f5c99ba8"}
{"level":"info","time":"2026-07-28T09:49:58.999Z","service":"api","msg":"request.completed","method":"POST","url":"/v1/properties/3ab87d2a-0c78-4fac-aa15-515a733cc3ae/qr-codes","statusCode":200,"requestId":"fe8528c8-40d1-4d6e-9f88-e94b20356145"}
{"level":"info","time":"2026-07-28T09:49:59.063Z","service":"api","msg":"request.completed","method":"POST","url":"/v1/guest/sessions","statusCode":200,"requestId":"cf675238-e0fd-40e8-8bba-1d65041f531f"}
{"level":"info","time":"2026-07-28T09:49:59.064Z","service":"api","msg":"request.completed","method":"GET","url":"/v1/me","statusCode":200,"requestId":"7fc823fe-72de-4600-afd9-c4829a460f02"}
{"level":"info","time":"2026-07-28T09:49:59.064Z","service":"api","msg":"request.completed","method":"GET","url":"/v1/me","statusCode":200,"requestId":"c86e64ae-e489-4352-8e00-9b66fda17d9b"}
{"level":"info","time":"2026-07-28T09:49:59.073Z","service":"api","msg":"request.completed","method":"GET","url":"/v1/organizations","statusCode":200,"requestId":"d542bc92-d49a-47d5-817f-710de20c4dcf"}
{"level":"info","time":"2026-07-28T09:49:59.074Z","service":"api","msg":"request.completed","method":"GET","url":"/v1/organizations","statusCode":200,"requestId":"2d47a523-c036-465f-ae17-70d3e4cca6d2"}
{"level":"info","time":"2026-07-28T09:49:59.101Z","service":"api","msg":"request.completed","method":"POST","url":"/v1/guest/conversations","statusCode":200,"requestId":"4534881a-c383-48a4-81be-1e7b9962e756"}
{"level":"info","time":"2026-07-28T09:49:59.107Z","service":"api","msg":"request.completed","method":"GET","url":"/v1/properties?organizationId=d215a186-f84d-4c7c-b75a-3189969999c2","statusCode":200,"requestId":"08e62915-26f1-41e7-acee-dfac9f52dd35"}
{"level":"info","time":"2026-07-28T09:49:59.107Z","service":"api","msg":"request.completed","method":"GET","url":"/v1/properties?organizationId=d215a186-f84d-4c7c-b75a-3189969999c2","statusCode":200,"requestId":"24b3ac89-e756-4985-8841-3f0d6e517283"}
{"level":"info","time":"2026-07-28T09:49:59.148Z","service":"api","msg":"request.completed","method":"GET","url":"/v1/staff/work-items?propertyId=3ab87d2a-0c78-4fac-aa15-515a733cc3ae&queue=inbox","statusCode":200,"requestId":"2a63ec50-a176-43ed-861b-e14897c1506b"}
{"level":"info","time":"2026-07-28T09:49:59.152Z","service":"api","msg":"request.completed","method":"GET","url":"/v1/staff/work-items?propertyId=3ab87d2a-0c78-4fac-aa15-515a733cc3ae&queue=inbox","statusCode":200,"requestId":"624c15bc-6752-4462-8dae-9a4df61bd4d7"}
{"level":"info","time":"2026-07-28T09:49:59.158Z","service":"api","msg":"request.completed","method":"POST","url":"/v1/guest/conversations/11d4efb0-6b4b-4a3f-b7bc-68cf78e42ef7/messages","statusCode":200,"requestId":"0bf12863-86f9-4ae8-83b5-67bb4efa7949"}
{"level":"info","time":"2026-07-28T09:49:59.159Z","service":"api","msg":"request.completed","method":"GET","url":"/v1/staff/realtime/events?propertyId=3ab87d2a-0c78-4fac-aa15-515a733cc3ae","statusCode":200,"requestId":"7785f19d-8283-4949-afbe-79fe5a0191e1"}
{"level":"info","time":"2026-07-28T09:49:59.165Z","service":"api","msg":"request.completed","method":"POST","url":"/v1/guest/request-drafts","statusCode":200,"requestId":"840c402d-594b-4122-99d0-a3db9cc16650"}
{"level":"info","time":"2026-07-28T09:49:59.174Z","service":"api","msg":"request.completed","method":"GET","url":"/v1/me","statusCode":200,"requestId":"681bd50b-298b-4910-afaf-bd85d06c8199"}
{"level":"info","time":"2026-07-28T09:49:59.183Z","service":"api","msg":"request.completed","method":"GET","url":"/v1/organizations","statusCode":200,"requestId":"c31327d5-8aba-40ee-be20-151502e58e4f"}
{"level":"info","time":"2026-07-28T09:49:59.184Z","service":"api","msg":"request.completed","method":"GET","url":"/v1/me","statusCode":200,"requestId":"18351962-64bc-4e9c-9f9e-006861007973"}
{"level":"info","time":"2026-07-28T09:49:59.193Z","service":"api","msg":"request.completed","method":"GET","url":"/v1/organizations","statusCode":200,"requestId":"26f23b76-644d-4a6b-985c-b966e1adc899"}
{"level":"info","time":"2026-07-28T09:49:59.195Z","service":"api","msg":"request.completed","method":"GET","url":"/v1/properties?organizationId=d215a186-f84d-4c7c-b75a-3189969999c2","statusCode":200,"requestId":"673f86a5-7eea-4d42-b2bf-b2b28ee78233"}
{"level":"info","time":"2026-07-28T09:49:59.204Z","service":"api","msg":"request.completed","method":"POST","url":"/v1/guest/request-drafts/330fb4ba-9681-4dd7-bba9-ca9cf28bbe28/confirm","statusCode":200,"requestId":"d788a84e-2e9c-46bb-9728-544c455e7cf4"}
{"level":"info","time":"2026-07-28T09:49:59.208Z","service":"api","msg":"request.completed","method":"GET","url":"/v1/properties?organizationId=d215a186-f84d-4c7c-b75a-3189969999c2","statusCode":200,"requestId":"f7b74d06-482b-44d0-8310-a961c8e0140c"}
{"level":"info","time":"2026-07-28T09:49:59.213Z","service":"api","msg":"request.completed","method":"GET","url":"/v1/staff/realtime/events?propertyId=3ab87d2a-0c78-4fac-aa15-515a733cc3ae","statusCode":200,"requestId":"434915d3-a417-45e2-908e-98a587a47e91"}
{"level":"info","time":"2026-07-28T09:49:59.221Z","service":"api","msg":"request.completed","method":"GET","url":"/v1/staff/work-items?propertyId=3ab87d2a-0c78-4fac-aa15-515a733cc3ae&queue=my_work","statusCode":200,"requestId":"4b5ff9f7-9378-4a5c-9f7f-363fdcf755f1"}
{"level":"info","time":"2026-07-28T09:49:59.222Z","service":"api","msg":"request.completed","method":"POST","url":"/v1/guest/order-drafts","statusCode":200,"requestId":"22fc6d13-3094-4239-a86e-f24bccf63b14"}
{"level":"info","time":"2026-07-28T09:49:59.223Z","service":"api","msg":"request.completed","method":"GET","url":"/v1/staff/realtime/events?propertyId=3ab87d2a-0c78-4fac-aa15-515a733cc3ae","statusCode":200,"requestId":"df86a8f7-5e84-4925-a186-89f0dc076edb"}
{"level":"info","time":"2026-07-28T09:49:59.241Z","service":"api","msg":"request.completed","method":"GET","url":"/v1/staff/work-items?propertyId=3ab87d2a-0c78-4fac-aa15-515a733cc3ae&queue=my_work","statusCode":200,"requestId":"8c836806-e4e0-460d-a460-bd55c1eed0e7"}
{"level":"info","time":"2026-07-28T09:49:59.268Z","service":"api","msg":"request.completed","method":"GET","url":"/v1/me","statusCode":200,"requestId":"7213127f-b86b-419b-a2f0-71d863455ee9"}
{"level":"info","time":"2026-07-28T09:49:59.268Z","service":"api","msg":"request.completed","method":"GET","url":"/v1/me","statusCode":200,"requestId":"73d47c76-3094-4cdf-b773-db0e1970f4c2"}
{"level":"info","time":"2026-07-28T09:49:59.272Z","service":"api","msg":"request.completed","method":"POST","url":"/v1/guest/order-drafts/d251324d-7611-4b67-bb5a-75fb67dbf907/confirm","statusCode":200,"requestId":"b1b2772d-da0f-4869-9373-da9c5958d0e1"}
{"level":"info","time":"2026-07-28T09:49:59.276Z","service":"api","msg":"request.completed","method":"GET","url":"/v1/organizations","statusCode":200,"requestId":"ac193628-a8f6-4fe1-a0c5-b6e799c4e6ab"}
{"level":"info","time":"2026-07-28T09:49:59.278Z","service":"api","msg":"request.completed","method":"GET","url":"/v1/organizations","statusCode":200,"requestId":"5a54b4e0-8ca8-4966-874d-9336f4411905"}
{"level":"info","time":"2026-07-28T09:49:59.499Z","service":"api","msg":"request.completed","method":"GET","url":"/v1/properties?organizationId=d215a186-f84d-4c7c-b75a-3189969999c2","statusCode":200,"requestId":"c843f939-5af5-4430-bd53-9f6e180a93fc"}
{"level":"info","time":"2026-07-28T09:49:59.499Z","service":"api","msg":"request.completed","method":"GET","url":"/v1/properties?organizationId=d215a186-f84d-4c7c-b75a-3189969999c2","statusCode":200,"requestId":"9b59a4dd-6711-497b-9186-7babebbbed8b"}
{"level":"info","time":"2026-07-28T09:49:59.747Z","service":"api","msg":"request.completed","method":"GET","url":"/v1/me","statusCode":200,"requestId":"e4528e86-fd84-4e08-8886-1f1c430144f9"}
{"level":"info","time":"2026-07-28T09:49:59.747Z","service":"api","msg":"request.completed","method":"POST","url":"/v1/auth/login","statusCode":200,"requestId":"10374262-bfe6-4ec6-b576-400cfb78a7b0"}
{"level":"info","time":"2026-07-28T09:49:59.748Z","service":"api","msg":"request.completed","method":"POST","url":"/v1/auth/login","statusCode":200,"requestId":"48a5b2fc-4a08-4a44-8e89-9c8d58237b4c"}
{"level":"info","time":"2026-07-28T09:49:59.751Z","service":"api","msg":"request.completed","method":"GET","url":"/v1/organizations","statusCode":200,"requestId":"399a6f70-f4a8-48e5-b8d2-a46aa77aeeb7"}
{"level":"info","time":"2026-07-28T09:49:59.758Z","service":"api","msg":"request.completed","method":"GET","url":"/v1/properties?organizationId=d215a186-f84d-4c7c-b75a-3189969999c2","statusCode":200,"requestId":"e2b932b0-3f26-48ce-8846-bd92381d7888"}
{"level":"info","time":"2026-07-28T09:49:59.777Z","service":"api","msg":"request.completed","method":"GET","url":"/v1/staff/realtime/events?propertyId=3ab87d2a-0c78-4fac-aa15-515a733cc3ae&lastEventId=62cecfb9-d829-4dd3-8f34-7b2a06c2219e","statusCode":200,"requestId":"8af2a005-bc9a-4205-a84e-cedb1540d4cd"}
{"level":"info","time":"2026-07-28T09:49:59.791Z","service":"api","msg":"request.completed","method":"GET","url":"/v1/staff/work-items?propertyId=3ab87d2a-0c78-4fac-aa15-515a733cc3ae&queue=history","statusCode":200,"requestId":"19685e3c-c1b6-471c-b56d-3d022c55f23d"}
{"level":"info","time":"2026-07-28T09:49:59.801Z","service":"api","msg":"request.completed","method":"GET","url":"/v1/staff/orders/3f3aa4d8-80ab-48c5-888a-c059afdb13e3","statusCode":200,"requestId":"18fc5fb1-b87d-4491-b668-90216b955cb9"}
{"level":"info","time":"2026-07-28T09:49:59.804Z","service":"api","msg":"request.completed","method":"GET","url":"/v1/staff/work-items?propertyId=3ab87d2a-0c78-4fac-aa15-515a733cc3ae&queue=history","statusCode":200,"requestId":"789b6dd4-9dad-44d7-a80d-39d38043a562"}
{"level":"info","time":"2026-07-28T09:49:59.834Z","service":"api","msg":"request.completed","method":"GET","url":"/v1/me","statusCode":200,"requestId":"0851d3a8-f352-4953-841c-34bc5b60757f"}
{"level":"info","time":"2026-07-28T09:49:59.838Z","service":"api","msg":"request.completed","method":"GET","url":"/v1/me","statusCode":200,"requestId":"5642ab1b-9f07-4014-a2b7-28659833a693"}
{"level":"info","time":"2026-07-28T09:49:59.842Z","service":"api","msg":"request.completed","method":"GET","url":"/v1/organizations","statusCode":200,"requestId":"51eba8c7-3ea8-4a75-953e-6b10c197aac7"}
{"level":"info","time":"2026-07-28T09:49:59.844Z","service":"api","msg":"request.completed","method":"GET","url":"/v1/organizations","statusCode":200,"requestId":"52674dd6-67ac-435e-8236-456fae00b274"}
{"level":"info","time":"2026-07-28T09:49:59.865Z","service":"api","msg":"request.completed","method":"GET","url":"/v1/properties?organizationId=d215a186-f84d-4c7c-b75a-3189969999c2","statusCode":200,"requestId":"c02a4d7b-9722-42ab-baa7-7c8a073a2420"}
{"level":"info","time":"2026-07-28T09:49:59.867Z","service":"api","msg":"request.completed","method":"GET","url":"/v1/properties?organizationId=d215a186-f84d-4c7c-b75a-3189969999c2","statusCode":200,"requestId":"19413675-a6e4-4c32-abf8-369911216b0c"}
{"level":"info","time":"2026-07-28T09:49:59.882Z","service":"api","msg":"request.completed","method":"GET","url":"/v1/staff/realtime/events?propertyId=3ab87d2a-0c78-4fac-aa15-515a733cc3ae","statusCode":200,"requestId":"8600083a-6e9c-464a-8528-1361c4000cee"}
{"level":"info","time":"2026-07-28T09:49:59.885Z","service":"api","msg":"request.completed","method":"GET","url":"/v1/staff/realtime/events?propertyId=3ab87d2a-0c78-4fac-aa15-515a733cc3ae","statusCode":200,"requestId":"357f591d-a587-4fed-8f22-fd813d1f0032"}
{"level":"info","time":"2026-07-28T09:49:59.889Z","service":"api","msg":"request.completed","method":"GET","url":"/v1/staff/work-items?propertyId=3ab87d2a-0c78-4fac-aa15-515a733cc3ae&queue=inbox","statusCode":200,"requestId":"c90484e0-33be-4665-8de3-45916be782d9"}
{"level":"info","time":"2026-07-28T09:49:59.894Z","service":"api","msg":"request.completed","method":"GET","url":"/v1/staff/work-items?propertyId=3ab87d2a-0c78-4fac-aa15-515a733cc3ae&queue=inbox","statusCode":200,"requestId":"b8d60f27-11d5-4b37-9845-89ddf61dff5c"}
{"level":"info","time":"2026-07-28T09:49:59.942Z","service":"api","msg":"request.completed","method":"GET","url":"/v1/staff/orders/f632dfb5-cbc4-4d36-8bc6-33a38bf9390c","statusCode":200,"requestId":"44d6288a-6d74-447a-8b02-b477cc95d266"}
{"level":"info","time":"2026-07-28T09:49:59.943Z","service":"api","msg":"request.completed","method":"GET","url":"/v1/staff/orders/f632dfb5-cbc4-4d36-8bc6-33a38bf9390c","statusCode":200,"requestId":"b10d3f31-559a-4571-ae24-0cdd5c0acf07"}
{"level":"info","time":"2026-07-28T09:50:00.200Z","service":"api","msg":"request.completed","method":"GET","url":"/v1/staff/requests/70cb6580-1653-48bd-b49d-3b2310b04709","statusCode":200,"requestId":"76e85762-4436-493b-911b-cfc3931254c9"}
{"level":"info","time":"2026-07-28T09:50:00.687Z","service":"api","msg":"request.completed","method":"POST","url":"/v1/auth/login","statusCode":200,"requestId":"90ca5d42-c399-4e0b-985e-2fa796b06ac7"}
{"level":"info","time":"2026-07-28T09:50:00.687Z","service":"api","msg":"request.completed","method":"POST","url":"/v1/auth/login","statusCode":200,"requestId":"3985da45-7a5a-4a61-9e0c-2424c1eda552"}
{"level":"info","time":"2026-07-28T09:50:00.795Z","service":"api","msg":"request.completed","method":"GET","url":"/v1/me","statusCode":200,"requestId":"07c9d72c-4337-4da9-92a9-5192350902eb"}
{"level":"info","time":"2026-07-28T09:50:00.800Z","service":"api","msg":"request.completed","method":"GET","url":"/v1/me","statusCode":200,"requestId":"357a8787-c8a6-44fe-ab5b-c1f79d5d3cdb"}
{"level":"info","time":"2026-07-28T09:50:00.802Z","service":"api","msg":"request.completed","method":"GET","url":"/v1/organizations","statusCode":200,"requestId":"648d8865-f398-4e98-ba9a-b9143a7bc264"}
{"level":"info","time":"2026-07-28T09:50:00.808Z","service":"api","msg":"request.completed","method":"GET","url":"/v1/organizations","statusCode":200,"requestId":"691fe3fb-0960-4990-a700-bb593177047b"}
{"level":"info","time":"2026-07-28T09:50:00.824Z","service":"api","msg":"request.completed","method":"GET","url":"/v1/properties?organizationId=d215a186-f84d-4c7c-b75a-3189969999c2","statusCode":200,"requestId":"3762d5ac-dcdb-4a36-ab11-17962342bf75"}
{"level":"info","time":"2026-07-28T09:50:00.827Z","service":"api","msg":"request.completed","method":"GET","url":"/v1/properties?organizationId=d215a186-f84d-4c7c-b75a-3189969999c2","statusCode":200,"requestId":"272a8584-44bb-4c96-98f7-fc948865eace"}
{"level":"info","time":"2026-07-28T09:50:00.842Z","service":"api","msg":"request.completed","method":"GET","url":"/v1/staff/realtime/events?propertyId=3ab87d2a-0c78-4fac-aa15-515a733cc3ae","statusCode":200,"requestId":"e1518024-89b8-4e8b-82b1-fd266bff69ca"}
{"level":"info","time":"2026-07-28T09:50:00.848Z","service":"api","msg":"request.completed","method":"GET","url":"/v1/staff/work-items?propertyId=3ab87d2a-0c78-4fac-aa15-515a733cc3ae&queue=inbox","statusCode":200,"requestId":"281affc8-f408-4fe1-bfdb-06087cf3fd5d"}
{"level":"info","time":"2026-07-28T09:50:00.861Z","service":"api","msg":"request.completed","method":"GET","url":"/v1/staff/orders/f632dfb5-cbc4-4d36-8bc6-33a38bf9390c","statusCode":200,"requestId":"07348766-e57b-42c9-a7e4-fc44cae832f1"}
{"level":"info","time":"2026-07-28T09:50:01.402Z","service":"api","msg":"request.completed","method":"POST","url":"/v1/auth/login","statusCode":200,"requestId":"5a747bca-a854-4d96-aca4-adf9df1e16e2"}
{"level":"info","time":"2026-07-28T09:50:01.403Z","service":"api","msg":"request.completed","method":"POST","url":"/v1/auth/login","statusCode":200,"requestId":"d64635f2-b20a-41c8-893e-6db232e477c8"}
{"level":"info","time":"2026-07-28T09:50:01.405Z","service":"api","msg":"request.completed","method":"GET","url":"/v1/staff/realtime/events?propertyId=3ab87d2a-0c78-4fac-aa15-515a733cc3ae&lastEventId=3c75691e-64d7-460a-8baa-06c889542897","statusCode":200,"requestId":"474e8feb-0c59-46d5-b7df-1c5577f4a755"}
{"level":"info","time":"2026-07-28T09:50:01.406Z","service":"api","msg":"request.completed","method":"GET","url":"/v1/staff/realtime/events?propertyId=3ab87d2a-0c78-4fac-aa15-515a733cc3ae&lastEventId=3c75691e-64d7-460a-8baa-06c889542897","statusCode":200,"requestId":"1f6ab6d1-99fb-41ff-a0c9-d5543a8ee264"}
{"level":"info","time":"2026-07-28T09:50:01.430Z","service":"api","msg":"request.completed","method":"GET","url":"/v1/staff/work-items?propertyId=3ab87d2a-0c78-4fac-aa15-515a733cc3ae&queue=inbox","statusCode":200,"requestId":"9d6965e1-9b94-48ac-a541-a740884ea492"}
{"level":"info","time":"2026-07-28T09:50:01.449Z","service":"api","msg":"request.completed","method":"GET","url":"/v1/staff/work-items?propertyId=3ab87d2a-0c78-4fac-aa15-515a733cc3ae&queue=inbox","statusCode":200,"requestId":"3e61a1bc-d64b-4bda-906f-0f505bd60e7c"}
{"level":"info","time":"2026-07-28T09:50:01.516Z","service":"api","msg":"request.completed","method":"GET","url":"/v1/me","statusCode":200,"requestId":"aebe791a-bf3d-4bca-a86f-3b04e4b5d753"}
{"level":"info","time":"2026-07-28T09:50:01.517Z","service":"api","msg":"request.completed","method":"GET","url":"/v1/me","statusCode":200,"requestId":"4f45b07e-277d-4b00-926e-a88273586d1f"}
{"level":"info","time":"2026-07-28T09:50:01.527Z","service":"api","msg":"request.completed","method":"GET","url":"/v1/organizations","statusCode":200,"requestId":"bdd6ad6a-73ce-4048-a9f6-eb8c52197082"}
{"level":"info","time":"2026-07-28T09:50:01.528Z","service":"api","msg":"request.completed","method":"GET","url":"/v1/organizations","statusCode":200,"requestId":"a0947260-ea00-4c69-abf7-c1e516415562"}
{"level":"info","time":"2026-07-28T09:50:01.551Z","service":"api","msg":"request.completed","method":"GET","url":"/v1/properties?organizationId=d215a186-f84d-4c7c-b75a-3189969999c2","statusCode":200,"requestId":"d4febf6c-37e9-4267-b01c-8fc9a040d534"}
{"level":"info","time":"2026-07-28T09:50:01.552Z","service":"api","msg":"request.completed","method":"GET","url":"/v1/properties?organizationId=d215a186-f84d-4c7c-b75a-3189969999c2","statusCode":200,"requestId":"f360fc20-b48f-4f64-bca4-9ed432be3daf"}
{"level":"info","time":"2026-07-28T09:50:01.573Z","service":"api","msg":"request.completed","method":"GET","url":"/v1/staff/realtime/events?propertyId=3ab87d2a-0c78-4fac-aa15-515a733cc3ae","statusCode":200,"requestId":"a5638191-e0af-4a87-b320-e2e6252dcdb6"}
{"level":"info","time":"2026-07-28T09:50:01.575Z","service":"api","msg":"request.completed","method":"GET","url":"/v1/staff/realtime/events?propertyId=3ab87d2a-0c78-4fac-aa15-515a733cc3ae","statusCode":200,"requestId":"0e9d0e48-b5c3-4f74-90e9-db8f142e2313"}
{"level":"info","time":"2026-07-28T09:50:01.580Z","service":"api","msg":"request.completed","method":"GET","url":"/v1/staff/work-items?propertyId=3ab87d2a-0c78-4fac-aa15-515a733cc3ae&queue=inbox","statusCode":200,"requestId":"f5cf62e5-1508-4f9c-b0c9-2e74e7404f7b"}
{"level":"info","time":"2026-07-28T09:50:01.585Z","service":"api","msg":"request.completed","method":"GET","url":"/v1/staff/work-items?propertyId=3ab87d2a-0c78-4fac-aa15-515a733cc3ae&queue=inbox","statusCode":200,"requestId":"53c32691-ff95-4ad0-9c6f-436542b0c964"}
{"level":"info","time":"2026-07-28T09:50:01.690Z","service":"api","msg":"request.completed","method":"GET","url":"/v1/staff/orders/f632dfb5-cbc4-4d36-8bc6-33a38bf9390c","statusCode":200,"requestId":"93553514-65d6-4574-92bd-4be61524ab49"}
{"level":"info","time":"2026-07-28T09:50:01.691Z","service":"api","msg":"request.completed","method":"GET","url":"/v1/staff/orders/f632dfb5-cbc4-4d36-8bc6-33a38bf9390c","statusCode":200,"requestId":"a80bb2fb-cca8-4ac2-90a4-efd97a840383"}
{"level":"info","time":"2026-07-28T09:50:01.714Z","service":"api","msg":"request.completed","method":"GET","url":"/v1/me","statusCode":200,"requestId":"fc5eb163-4c3a-4167-a923-478b3ad7deab"}
{"level":"info","time":"2026-07-28T09:50:01.719Z","service":"api","msg":"request.completed","method":"GET","url":"/v1/organizations","statusCode":200,"requestId":"c6bf36e5-207e-4aae-9a3e-d2c204bc6627"}
{"level":"info","time":"2026-07-28T09:50:01.730Z","service":"api","msg":"request.completed","method":"GET","url":"/v1/properties?organizationId=d215a186-f84d-4c7c-b75a-3189969999c2","statusCode":200,"requestId":"f75a5733-07df-4b52-a3c6-237c57b1e5d8"}
{"level":"info","time":"2026-07-28T09:50:02.211Z","service":"api","msg":"request.completed","method":"GET","url":"/v1/me","statusCode":200,"requestId":"d7953d2e-0195-418a-96da-c585593ff4bd"}
{"level":"info","time":"2026-07-28T09:50:02.212Z","service":"api","msg":"request.completed","method":"POST","url":"/v1/auth/login","statusCode":200,"requestId":"8c48f3e3-4190-481f-a542-ecbc40e0a250"}
{"level":"info","time":"2026-07-28T09:50:02.212Z","service":"api","msg":"request.completed","method":"POST","url":"/v1/auth/login","statusCode":200,"requestId":"2bbbf483-f6b1-427b-a14e-ac5ad42ee2f3"}
{"level":"info","time":"2026-07-28T09:50:02.215Z","service":"api","msg":"request.completed","method":"GET","url":"/v1/organizations","statusCode":200,"requestId":"5576495d-a275-47dc-99ca-074d6e28756f"}
{"level":"info","time":"2026-07-28T09:50:02.220Z","service":"api","msg":"request.completed","method":"GET","url":"/v1/properties?organizationId=d215a186-f84d-4c7c-b75a-3189969999c2","statusCode":200,"requestId":"f46642ea-8566-4011-bf13-92c0785e1481"}
{"level":"info","time":"2026-07-28T09:50:02.235Z","service":"api","msg":"request.completed","method":"GET","url":"/v1/staff/realtime/events?propertyId=3ab87d2a-0c78-4fac-aa15-515a733cc3ae&lastEventId=9de43040-bd1e-4429-8e70-285b3bdae659","statusCode":200,"requestId":"131785e5-0b1d-4f66-903d-9ff7a65612fb"}
{"level":"info","time":"2026-07-28T09:50:02.272Z","service":"api","msg":"request.completed","method":"GET","url":"/v1/staff/work-items?propertyId=3ab87d2a-0c78-4fac-aa15-515a733cc3ae&queue=inbox","statusCode":200,"requestId":"ea1ba09b-4a2c-4126-836c-74cf00dec8ca"}
{"level":"info","time":"2026-07-28T09:50:02.293Z","service":"api","msg":"request.completed","method":"GET","url":"/v1/staff/work-items?propertyId=3ab87d2a-0c78-4fac-aa15-515a733cc3ae&queue=inbox","statusCode":200,"requestId":"1e1a946c-12df-4fdc-8717-0380ecf4f25f"}
{"level":"info","time":"2026-07-28T09:50:02.294Z","service":"api","msg":"request.completed","method":"GET","url":"/v1/me","statusCode":200,"requestId":"e8d1f664-4593-44e3-b603-032893fad522"}
{"level":"info","time":"2026-07-28T09:50:02.301Z","service":"api","msg":"request.completed","method":"GET","url":"/v1/me","statusCode":200,"requestId":"7ce25f81-7bca-4916-9271-feb366f6241b"}
{"level":"info","time":"2026-07-28T09:50:02.302Z","service":"api","msg":"request.completed","method":"GET","url":"/v1/organizations","statusCode":200,"requestId":"2fec2178-a294-4c0d-bee8-c81216a50948"}
{"level":"info","time":"2026-07-28T09:50:02.304Z","service":"api","msg":"request.completed","method":"GET","url":"/v1/staff/orders/f632dfb5-cbc4-4d36-8bc6-33a38bf9390c","statusCode":200,"requestId":"9e722797-96ef-4071-b9b0-60d718321216"}
{"level":"info","time":"2026-07-28T09:50:02.310Z","service":"api","msg":"request.completed","method":"GET","url":"/v1/organizations","statusCode":200,"requestId":"a37db290-0386-4b9e-a6e0-2bb3852972d7"}
{"level":"info","time":"2026-07-28T09:50:02.325Z","service":"api","msg":"request.completed","method":"GET","url":"/v1/properties?organizationId=d215a186-f84d-4c7c-b75a-3189969999c2","statusCode":200,"requestId":"707999b0-2b49-4d94-b311-93ac02117832"}
{"level":"info","time":"2026-07-28T09:50:02.327Z","service":"api","msg":"request.completed","method":"GET","url":"/v1/properties?organizationId=d215a186-f84d-4c7c-b75a-3189969999c2","statusCode":200,"requestId":"cc3c2826-e1e8-4287-897a-171a30272063"}
{"level":"info","time":"2026-07-28T09:50:02.345Z","service":"api","msg":"request.completed","method":"GET","url":"/v1/staff/realtime/events?propertyId=3ab87d2a-0c78-4fac-aa15-515a733cc3ae","statusCode":200,"requestId":"4a233187-3817-436a-8617-2ed1b2931695"}
{"level":"info","time":"2026-07-28T09:50:02.346Z","service":"api","msg":"request.completed","method":"GET","url":"/v1/staff/realtime/events?propertyId=3ab87d2a-0c78-4fac-aa15-515a733cc3ae","statusCode":200,"requestId":"c08a276e-4cac-4451-9743-2964d1a5527a"}
{"level":"info","time":"2026-07-28T09:50:02.353Z","service":"api","msg":"request.completed","method":"GET","url":"/v1/staff/work-items?propertyId=3ab87d2a-0c78-4fac-aa15-515a733cc3ae&queue=inbox","statusCode":200,"requestId":"f69d0582-f203-441e-8dd1-b7434ff289c8"}
{"level":"info","time":"2026-07-28T09:50:02.354Z","service":"api","msg":"request.completed","method":"GET","url":"/v1/staff/work-items?propertyId=3ab87d2a-0c78-4fac-aa15-515a733cc3ae&queue=inbox","statusCode":200,"requestId":"004bb402-0332-4a98-9441-b36fb3d18ed1"}
{"level":"info","time":"2026-07-28T09:50:02.387Z","service":"api","msg":"request.completed","method":"GET","url":"/v1/staff/orders/f632dfb5-cbc4-4d36-8bc6-33a38bf9390c","statusCode":200,"requestId":"3875fc42-d349-46be-b693-c8247e91e0a1"}
{"level":"info","time":"2026-07-28T09:50:02.424Z","service":"api","msg":"request.completed","method":"GET","url":"/v1/staff/orders/f632dfb5-cbc4-4d36-8bc6-33a38bf9390c","statusCode":200,"requestId":"a8b4e803-3d6f-41f3-82ff-982a61846dc8"}
{"level":"info","time":"2026-07-28T09:50:02.720Z","service":"api","msg":"request.completed","method":"POST","url":"/v1/auth/login","statusCode":200,"requestId":"94dcbb75-878f-44ea-ad50-ca10b194414a"}
{"level":"info","time":"2026-07-28T09:50:02.783Z","service":"api","msg":"request.completed","method":"GET","url":"/v1/me","statusCode":200,"requestId":"e1ed2b24-8318-4dc7-b878-656393014fdd"}
{"level":"info","time":"2026-07-28T09:50:02.792Z","service":"api","msg":"request.completed","method":"GET","url":"/v1/organizations","statusCode":200,"requestId":"1c78b61b-202b-4cae-b16c-ed8d02080556"}
{"level":"info","time":"2026-07-28T09:50:02.810Z","service":"api","msg":"request.completed","method":"GET","url":"/v1/properties?organizationId=d215a186-f84d-4c7c-b75a-3189969999c2","statusCode":200,"requestId":"f44b02c1-f72a-4491-8348-94d9d62d1122"}
{"level":"info","time":"2026-07-28T09:50:02.839Z","service":"api","msg":"request.completed","method":"GET","url":"/v1/staff/realtime/events?propertyId=3ab87d2a-0c78-4fac-aa15-515a733cc3ae","statusCode":200,"requestId":"95072120-fdb9-4cc6-be11-969cd95f7b5d"}
{"level":"info","time":"2026-07-28T09:50:02.842Z","service":"api","msg":"request.completed","method":"GET","url":"/v1/staff/work-items?propertyId=3ab87d2a-0c78-4fac-aa15-515a733cc3ae&queue=inbox","statusCode":200,"requestId":"3d4fb2e1-c1dd-4ba5-8c65-7884e94241bb"}
{"level":"info","time":"2026-07-28T09:50:02.871Z","service":"api","msg":"request.completed","method":"GET","url":"/v1/staff/orders/f632dfb5-cbc4-4d36-8bc6-33a38bf9390c","statusCode":200,"requestId":"ff964d54-e374-422b-bacd-efa3d996f83c"}
{"level":"info","time":"2026-07-28T09:50:03.301Z","service":"api","msg":"request.completed","method":"POST","url":"/v1/auth/login","statusCode":200,"requestId":"b118cafc-1e09-4ee8-bce3-5ad76b881b60"}
{"level":"info","time":"2026-07-28T09:50:03.343Z","service":"api","msg":"request.completed","method":"GET","url":"/v1/me","statusCode":200,"requestId":"ff5121ea-7eb2-4974-a89f-da17ec70de0f"}
{"level":"info","time":"2026-07-28T09:50:03.348Z","service":"api","msg":"request.completed","method":"GET","url":"/v1/organizations","statusCode":200,"requestId":"b7afb400-13c5-448e-8a99-a317e79f24e7"}
{"level":"info","time":"2026-07-28T09:50:03.358Z","service":"api","msg":"request.completed","method":"GET","url":"/v1/properties?organizationId=d215a186-f84d-4c7c-b75a-3189969999c2","statusCode":200,"requestId":"661aef35-3cb8-4a43-946b-cdc69de9744f"}
{"level":"info","time":"2026-07-28T09:50:03.364Z","service":"api","msg":"request.completed","method":"GET","url":"/v1/me","statusCode":200,"requestId":"99b0e54e-d7b7-4254-bfad-fe370e53c61d"}
{"level":"info","time":"2026-07-28T09:50:03.368Z","service":"api","msg":"request.completed","method":"GET","url":"/v1/staff/realtime/events?propertyId=3ab87d2a-0c78-4fac-aa15-515a733cc3ae&lastEventId=37500a9d-8e1d-4da7-a7a1-11c1dfbe21c9","statusCode":200,"requestId":"1df05723-7c12-4e09-9328-a3155c9852cc"}
{"level":"info","time":"2026-07-28T09:50:03.382Z","service":"api","msg":"request.completed","method":"GET","url":"/v1/organizations","statusCode":200,"requestId":"0b468130-aa09-4877-ad33-232beac8b5e5"}
{"level":"info","time":"2026-07-28T09:50:03.384Z","service":"api","msg":"request.completed","method":"GET","url":"/v1/staff/work-items?propertyId=3ab87d2a-0c78-4fac-aa15-515a733cc3ae&queue=inbox","statusCode":200,"requestId":"8dc7d465-9009-4266-85c9-1ebde3e56c14"}
{"level":"info","time":"2026-07-28T09:50:03.398Z","service":"api","msg":"request.completed","method":"GET","url":"/v1/staff/work-items?propertyId=3ab87d2a-0c78-4fac-aa15-515a733cc3ae&queue=inbox","statusCode":200,"requestId":"ae4e5a1b-d62f-4e32-96ab-5bda9b7baa29"}
{"level":"info","time":"2026-07-28T09:50:03.401Z","service":"api","msg":"request.completed","method":"GET","url":"/v1/properties?organizationId=d215a186-f84d-4c7c-b75a-3189969999c2","statusCode":200,"requestId":"d79e14a0-3323-4b9d-8547-1465f79dc44d"}
{"level":"info","time":"2026-07-28T09:50:03.419Z","service":"api","msg":"request.completed","method":"GET","url":"/v1/staff/orders/f632dfb5-cbc4-4d36-8bc6-33a38bf9390c","statusCode":200,"requestId":"37fc3659-d173-4a13-b9fa-8770309d4a13"}
{"level":"info","time":"2026-07-28T09:50:03.419Z","service":"api","msg":"request.completed","method":"GET","url":"/v1/staff/realtime/events?propertyId=3ab87d2a-0c78-4fac-aa15-515a733cc3ae","statusCode":200,"requestId":"22ade47d-ed8c-4a22-bb48-ec81bd96e4dd"}
{"level":"info","time":"2026-07-28T09:50:03.425Z","service":"api","msg":"request.completed","method":"GET","url":"/v1/staff/work-items?propertyId=3ab87d2a-0c78-4fac-aa15-515a733cc3ae&queue=inbox","statusCode":200,"requestId":"b7d46de9-42fb-46ce-95c2-7270acaecaa8"}
{"level":"info","time":"2026-07-28T09:50:03.466Z","service":"api","msg":"request.completed","method":"GET","url":"/v1/staff/orders/f632dfb5-cbc4-4d36-8bc6-33a38bf9390c","statusCode":200,"requestId":"9ac75759-16f2-4e64-80ef-89b98c6d56a3"}
{"level":"info","time":"2026-07-28T09:50:03.837Z","service":"api","msg":"request.completed","method":"GET","url":"/v1/staff/realtime/events?propertyId=3ab87d2a-0c78-4fac-aa15-515a733cc3ae&lastEventId=3c75691e-64d7-460a-8baa-06c889542897","statusCode":200,"requestId":"9eeff011-64a2-4d9a-acd3-c22dc502b6cd"}
{"level":"info","time":"2026-07-28T09:50:03.856Z","service":"api","msg":"request.completed","method":"GET","url":"/v1/staff/work-items?propertyId=3ab87d2a-0c78-4fac-aa15-515a733cc3ae&queue=inbox","statusCode":200,"requestId":"3f709a86-46ad-4b30-9618-d534ff8d64b9"}
{"level":"info","time":"2026-07-28T09:50:03.900Z","service":"api","msg":"request.completed","method":"GET","url":"/v1/staff/realtime/events?propertyId=3ab87d2a-0c78-4fac-aa15-515a733cc3ae&lastEventId=217a45e4-d855-4cd9-ba28-978e93854cf9","statusCode":200,"requestId":"090f4fbc-9189-4fd9-a213-6d7383f73e5e"}
{"level":"info","time":"2026-07-28T09:50:03.933Z","service":"api","msg":"request.completed","method":"GET","url":"/v1/staff/work-items?propertyId=3ab87d2a-0c78-4fac-aa15-515a733cc3ae&queue=inbox","statusCode":200,"requestId":"36bf191f-cc12-451f-a03d-c68d55e65536"}
{"level":"info","time":"2026-07-28T09:50:04.259Z","service":"api","msg":"request.completed","method":"GET","url":"/v1/me","statusCode":200,"requestId":"14c2ae75-3946-4f70-9df0-d6f27d644922"}
{"level":"info","time":"2026-07-28T09:50:04.260Z","service":"api","msg":"request.completed","method":"POST","url":"/v1/auth/login","statusCode":200,"requestId":"4b359d3a-3151-4169-8316-a3196632f75c"}
{"level":"info","time":"2026-07-28T09:50:04.263Z","service":"api","msg":"request.completed","method":"GET","url":"/v1/organizations","statusCode":200,"requestId":"6bec7cd5-85e5-41ea-b9cc-71018dea4662"}
{"level":"info","time":"2026-07-28T09:50:04.267Z","service":"api","msg":"request.completed","method":"GET","url":"/v1/properties?organizationId=d215a186-f84d-4c7c-b75a-3189969999c2","statusCode":200,"requestId":"13697b4e-1b4a-481c-9613-cc42fc69ddc1"}
{"level":"info","time":"2026-07-28T09:50:04.283Z","service":"api","msg":"request.completed","method":"GET","url":"/v1/staff/realtime/events?propertyId=3ab87d2a-0c78-4fac-aa15-515a733cc3ae&lastEventId=a8ed5993-c6c4-4cee-a9eb-271c8f49c487","statusCode":200,"requestId":"5b2268a0-6b9c-47d2-ac8f-a849d70bde4b"}
{"level":"info","time":"2026-07-28T09:50:04.290Z","service":"api","msg":"request.completed","method":"GET","url":"/v1/staff/work-items?propertyId=3ab87d2a-0c78-4fac-aa15-515a733cc3ae&queue=inbox","statusCode":200,"requestId":"f0f37fae-6051-4311-9204-eef57eb950c4"}
{"level":"info","time":"2026-07-28T09:50:04.293Z","service":"api","msg":"request.completed","method":"GET","url":"/v1/staff/work-items?propertyId=3ab87d2a-0c78-4fac-aa15-515a733cc3ae&queue=inbox","statusCode":200,"requestId":"78a9ddac-fa7f-4c13-b3e4-4df5731496b1"}
{"level":"info","time":"2026-07-28T09:50:04.309Z","service":"api","msg":"request.completed","method":"GET","url":"/v1/me","statusCode":200,"requestId":"a80252ac-8b7f-4f22-84b6-d378d4a72614"}
{"level":"info","time":"2026-07-28T09:50:04.310Z","service":"api","msg":"request.completed","method":"GET","url":"/v1/staff/orders/f632dfb5-cbc4-4d36-8bc6-33a38bf9390c","statusCode":200,"requestId":"d39b55dc-4045-452b-b164-2982311378d2"}
{"level":"info","time":"2026-07-28T09:50:04.314Z","service":"api","msg":"request.completed","method":"GET","url":"/v1/organizations","statusCode":200,"requestId":"5018447e-663b-42d7-a52d-4192fd460e74"}
{"level":"info","time":"2026-07-28T09:50:04.331Z","service":"api","msg":"request.completed","method":"GET","url":"/v1/properties?organizationId=d215a186-f84d-4c7c-b75a-3189969999c2","statusCode":200,"requestId":"aad19691-a1fd-48ef-a29b-2af22f33629e"}
{"level":"info","time":"2026-07-28T09:50:04.338Z","service":"api","msg":"request.completed","method":"GET","url":"/v1/staff/realtime/events?propertyId=3ab87d2a-0c78-4fac-aa15-515a733cc3ae","statusCode":200,"requestId":"27ddcf6b-f3a4-449e-986c-a53be404808b"}
{"level":"info","time":"2026-07-28T09:50:04.342Z","service":"api","msg":"request.completed","method":"GET","url":"/v1/staff/work-items?propertyId=3ab87d2a-0c78-4fac-aa15-515a733cc3ae&queue=inbox","statusCode":200,"requestId":"65ca1dd4-e011-4bd2-892d-4a35f9b913fb"}
{"level":"info","time":"2026-07-28T09:50:04.350Z","service":"api","msg":"request.completed","method":"GET","url":"/v1/staff/orders/f632dfb5-cbc4-4d36-8bc6-33a38bf9390c","statusCode":200,"requestId":"94d137ce-5fb0-4b52-a883-c2f6e5a9e862"}
{"level":"info","time":"2026-07-28T09:50:04.711Z","service":"api","msg":"request.completed","method":"POST","url":"/v1/auth/login","statusCode":200,"requestId":"502a770a-4014-4ac1-9431-b00befcbd334"}
{"level":"info","time":"2026-07-28T09:50:04.755Z","service":"api","msg":"request.completed","method":"GET","url":"/v1/me","statusCode":200,"requestId":"390c963c-d686-41f2-b706-75e0087e9923"}
{"level":"info","time":"2026-07-28T09:50:04.761Z","service":"api","msg":"request.completed","method":"GET","url":"/v1/organizations","statusCode":200,"requestId":"1f4e3ffd-87ee-46eb-a952-088eeafbf4d2"}
{"level":"info","time":"2026-07-28T09:50:04.780Z","service":"api","msg":"request.completed","method":"GET","url":"/v1/properties?organizationId=d215a186-f84d-4c7c-b75a-3189969999c2","statusCode":200,"requestId":"60d62667-b782-4ed0-9ccb-644f6ee35a1d"}
{"level":"info","time":"2026-07-28T09:50:04.803Z","service":"api","msg":"request.completed","method":"GET","url":"/v1/staff/realtime/events?propertyId=3ab87d2a-0c78-4fac-aa15-515a733cc3ae","statusCode":200,"requestId":"46a105db-b86f-4d64-b1ea-a5c13c87a02f"}
{"level":"info","time":"2026-07-28T09:50:04.807Z","service":"api","msg":"request.completed","method":"GET","url":"/v1/staff/work-items?propertyId=3ab87d2a-0c78-4fac-aa15-515a733cc3ae&queue=inbox","statusCode":200,"requestId":"c820c63f-6ea8-4dbf-ae4d-96e073dbc568"}
{"level":"info","time":"2026-07-28T09:50:04.823Z","service":"api","msg":"request.completed","method":"GET","url":"/v1/staff/orders/f632dfb5-cbc4-4d36-8bc6-33a38bf9390c","statusCode":200,"requestId":"7a42c5e9-5aea-422c-9fc0-225cd9dea2cd"}
{"level":"info","time":"2026-07-28T09:50:05.075Z","service":"api","msg":"request.completed","method":"GET","url":"/v1/me","statusCode":200,"requestId":"9141e5d0-6c7e-4690-849a-4ac2fc8a024e"}
{"level":"info","time":"2026-07-28T09:50:05.087Z","service":"api","msg":"request.completed","method":"GET","url":"/v1/organizations","statusCode":200,"requestId":"4c7bc462-6b78-49a5-bea6-59d452920594"}
{"level":"info","time":"2026-07-28T09:50:05.458Z","service":"api","msg":"request.completed","method":"GET","url":"/v1/properties?organizationId=d215a186-f84d-4c7c-b75a-3189969999c2","statusCode":200,"requestId":"363f3145-1814-4c8e-95e6-59354bc126c6"}
{"level":"info","time":"2026-07-28T09:50:05.464Z","service":"api","msg":"request.completed","method":"POST","url":"/v1/auth/login","statusCode":200,"requestId":"918c8011-cc51-4a26-b9da-91d66dc8da51"}
{"level":"info","time":"2026-07-28T09:50:05.473Z","service":"api","msg":"request.completed","method":"GET","url":"/v1/staff/realtime/events?propertyId=3ab87d2a-0c78-4fac-aa15-515a733cc3ae&lastEventId=4b143653-ed49-49ee-8a88-839248ed3b2c","statusCode":200,"requestId":"73054afd-4315-4a0d-a079-45c0dd755da9"}
{"level":"info","time":"2026-07-28T09:50:05.481Z","service":"api","msg":"request.completed","method":"GET","url":"/v1/staff/work-items?propertyId=3ab87d2a-0c78-4fac-aa15-515a733cc3ae&queue=inbox","statusCode":200,"requestId":"782e1c9e-5ac2-44ff-a7e4-782ad00959fe"}
{"level":"info","time":"2026-07-28T09:50:05.495Z","service":"api","msg":"request.completed","method":"GET","url":"/v1/staff/work-items?propertyId=3ab87d2a-0c78-4fac-aa15-515a733cc3ae&queue=inbox","statusCode":200,"requestId":"32461fea-f854-4d6d-b0c8-9d60a7b0cb30"}
{"level":"info","time":"2026-07-28T09:50:05.513Z","service":"api","msg":"request.completed","method":"GET","url":"/v1/staff/orders/f632dfb5-cbc4-4d36-8bc6-33a38bf9390c","statusCode":200,"requestId":"f3082425-2e06-4af2-a683-cf648d52514c"}
{"level":"info","time":"2026-07-28T09:50:05.545Z","service":"api","msg":"request.completed","method":"GET","url":"/v1/me","statusCode":200,"requestId":"9e98621c-e1b4-4cf3-9cc8-a07db4e7c2bb"}
{"level":"info","time":"2026-07-28T09:50:05.552Z","service":"api","msg":"request.completed","method":"GET","url":"/v1/organizations","statusCode":200,"requestId":"bbc726e6-51e0-4016-a4ed-6f8d4ffba8ab"}
{"level":"info","time":"2026-07-28T09:50:05.567Z","service":"api","msg":"request.completed","method":"GET","url":"/v1/properties?organizationId=d215a186-f84d-4c7c-b75a-3189969999c2","statusCode":200,"requestId":"6ac0f449-ba3b-40c9-87c2-f0bacef5344d"}
{"level":"info","time":"2026-07-28T09:50:05.579Z","service":"api","msg":"request.completed","method":"GET","url":"/v1/staff/realtime/events?propertyId=3ab87d2a-0c78-4fac-aa15-515a733cc3ae","statusCode":200,"requestId":"e6aafe73-5ddf-4b87-bc57-58833feea540"}
{"level":"info","time":"2026-07-28T09:50:05.582Z","service":"api","msg":"request.completed","method":"GET","url":"/v1/staff/work-items?propertyId=3ab87d2a-0c78-4fac-aa15-515a733cc3ae&queue=inbox","statusCode":200,"requestId":"c8590bc3-3ec0-4d16-b0d9-98bb476c26b0"}
{"level":"info","time":"2026-07-28T09:50:05.592Z","service":"api","msg":"request.completed","method":"GET","url":"/v1/staff/orders/f632dfb5-cbc4-4d36-8bc6-33a38bf9390c","statusCode":200,"requestId":"3d690fca-a637-45a8-9cab-0e54b4accab4"}
{"level":"info","time":"2026-07-28T09:50:05.864Z","service":"api","msg":"request.completed","method":"POST","url":"/v1/auth/login","statusCode":200,"requestId":"7b02a778-dea2-4d57-b984-4050c6ce4b7a"}
{"level":"info","time":"2026-07-28T09:50:05.909Z","service":"api","msg":"request.completed","method":"GET","url":"/v1/me","statusCode":200,"requestId":"7d0e9d92-9222-43b5-9f0a-22cc2b713fd3"}
{"level":"info","time":"2026-07-28T09:50:05.921Z","service":"api","msg":"request.completed","method":"GET","url":"/v1/organizations","statusCode":200,"requestId":"28c17d7c-687e-42be-8ca7-f11d1a3a695d"}
{"level":"info","time":"2026-07-28T09:50:06.039Z","service":"api","msg":"request.completed","method":"GET","url":"/v1/properties?organizationId=d215a186-f84d-4c7c-b75a-3189969999c2","statusCode":200,"requestId":"58932cbd-32b5-4067-b9e1-d831a66d525d"}
{"level":"info","time":"2026-07-28T09:50:06.119Z","service":"api","msg":"request.completed","method":"GET","url":"/v1/staff/realtime/events?propertyId=3ab87d2a-0c78-4fac-aa15-515a733cc3ae","statusCode":200,"requestId":"c9671a39-1120-4307-9f99-62d8b0cc8e58"}
{"level":"info","time":"2026-07-28T09:50:06.702Z","service":"api","msg":"request.completed","method":"GET","url":"/v1/me","statusCode":200,"requestId":"8c272e3e-8e00-47c5-bda7-085aa3376bc7"}
{"level":"info","time":"2026-07-28T09:50:06.707Z","service":"api","msg":"request.completed","method":"GET","url":"/v1/organizations","statusCode":200,"requestId":"a59749e7-fa21-4154-ac81-d11825218e6a"}
{"level":"info","time":"2026-07-28T09:50:06.716Z","service":"api","msg":"request.completed","method":"GET","url":"/v1/properties?organizationId=d215a186-f84d-4c7c-b75a-3189969999c2","statusCode":200,"requestId":"7ba3c634-8ad0-48dd-9297-884f48bcf64f"}
{"level":"info","time":"2026-07-28T09:50:06.723Z","service":"api","msg":"request.completed","method":"GET","url":"/v1/staff/realtime/events?propertyId=3ab87d2a-0c78-4fac-aa15-515a733cc3ae&lastEventId=18a40671-b3c0-4745-990c-883c34b5242d","statusCode":200,"requestId":"3da80081-c7a6-426e-816c-0e10c9626b57"}
{"level":"info","time":"2026-07-28T09:50:06.727Z","service":"api","msg":"request.completed","method":"GET","url":"/v1/staff/work-items?propertyId=3ab87d2a-0c78-4fac-aa15-515a733cc3ae&queue=inbox","statusCode":200,"requestId":"d6c62177-acf3-49d8-9423-6778adf9e05a"}
{"level":"info","time":"2026-07-28T09:50:06.733Z","service":"api","msg":"request.completed","method":"GET","url":"/v1/staff/work-items?propertyId=3ab87d2a-0c78-4fac-aa15-515a733cc3ae&queue=inbox","statusCode":200,"requestId":"5ba0f5b7-5113-4f04-9e24-350990caf9d4"}
{"level":"info","time":"2026-07-28T09:50:06.735Z","service":"api","msg":"request.completed","method":"GET","url":"/v1/staff/orders/f632dfb5-cbc4-4d36-8bc6-33a38bf9390c","statusCode":200,"requestId":"9558ed5b-3065-42bf-8b26-c754f3b467ca"}
{"level":"info","time":"2026-07-28T09:50:07.242Z","service":"api","msg":"request.completed","method":"GET","url":"/v1/me","statusCode":200,"requestId":"a0eebab3-869c-4780-a633-083ecc143299"}
{"level":"info","time":"2026-07-28T09:50:07.247Z","service":"api","msg":"request.completed","method":"GET","url":"/v1/organizations","statusCode":200,"requestId":"42028c6c-90d9-4e96-8a47-3bf4d0968708"}
{"level":"info","time":"2026-07-28T09:50:07.259Z","service":"api","msg":"request.completed","method":"GET","url":"/v1/properties?organizationId=d215a186-f84d-4c7c-b75a-3189969999c2","statusCode":200,"requestId":"77f95c2d-78bd-4edc-ba2b-21b33e86f75d"}
{"level":"info","time":"2026-07-28T09:50:07.267Z","service":"api","msg":"request.completed","method":"GET","url":"/v1/staff/realtime/events?propertyId=3ab87d2a-0c78-4fac-aa15-515a733cc3ae&lastEventId=ba5f4c35-f96f-4086-947a-8646b7386d26","statusCode":200,"requestId":"d8b3854a-7b65-4800-82ad-820a3670c5f2"}
{"level":"info","time":"2026-07-28T09:50:07.270Z","service":"api","msg":"request.completed","method":"GET","url":"/v1/staff/work-items?propertyId=3ab87d2a-0c78-4fac-aa15-515a733cc3ae&queue=inbox","statusCode":200,"requestId":"08b3c483-114d-4841-83bc-7d7c3cafc456"}
{"level":"info","time":"2026-07-28T09:50:07.276Z","service":"api","msg":"request.completed","method":"GET","url":"/v1/staff/work-items?propertyId=3ab87d2a-0c78-4fac-aa15-515a733cc3ae&queue=inbox","statusCode":200,"requestId":"79e3340f-252b-4ae1-8e0e-43682218addc"}
{"level":"info","time":"2026-07-28T09:50:07.290Z","service":"api","msg":"request.completed","method":"GET","url":"/v1/staff/orders/f632dfb5-cbc4-4d36-8bc6-33a38bf9390c","statusCode":200,"requestId":"4e432d14-1aa1-4884-af8a-9649baa9951d"}
{"level":"info","time":"2026-07-28T09:50:07.820Z","service":"api","msg":"request.completed","method":"GET","url":"/v1/me","statusCode":200,"requestId":"32cb69e0-10df-4a01-9222-c4a6b921a8ec"}
{"level":"info","time":"2026-07-28T09:50:07.824Z","service":"api","msg":"request.completed","method":"GET","url":"/v1/organizations","statusCode":200,"requestId":"0819a17e-1e45-4e49-9d8c-c2dfe42edb96"}
{"level":"info","time":"2026-07-28T09:50:07.831Z","service":"api","msg":"request.completed","method":"GET","url":"/v1/properties?organizationId=d215a186-f84d-4c7c-b75a-3189969999c2","statusCode":200,"requestId":"afab6357-503d-4649-b950-9448402eccff"}
{"level":"info","time":"2026-07-28T09:50:07.839Z","service":"api","msg":"request.completed","method":"GET","url":"/v1/staff/realtime/events?propertyId=3ab87d2a-0c78-4fac-aa15-515a733cc3ae&lastEventId=8645017a-8716-4f5d-b905-68c54de5b7bd","statusCode":200,"requestId":"4a1f186e-0c1b-4757-8408-894123857479"}
{"level":"info","time":"2026-07-28T09:50:07.843Z","service":"api","msg":"request.completed","method":"GET","url":"/v1/staff/work-items?propertyId=3ab87d2a-0c78-4fac-aa15-515a733cc3ae&queue=inbox","statusCode":200,"requestId":"17aa9702-284c-4671-84eb-3c92dd922b84"}
{"level":"info","time":"2026-07-28T09:50:07.849Z","service":"api","msg":"request.completed","method":"GET","url":"/v1/staff/work-items?propertyId=3ab87d2a-0c78-4fac-aa15-515a733cc3ae&queue=inbox","statusCode":200,"requestId":"a9a9c7c6-df04-47a4-b2b1-36cc399ea7ab"}
{"level":"info","time":"2026-07-28T09:50:07.852Z","service":"api","msg":"request.completed","method":"GET","url":"/v1/staff/orders/f632dfb5-cbc4-4d36-8bc6-33a38bf9390c","statusCode":200,"requestId":"f9373771-ed45-4f1f-91dc-5a71ef15c493"}
{"level":"info","time":"2026-07-28T09:50:08.428Z","service":"api","msg":"request.completed","method":"GET","url":"/v1/me","statusCode":200,"requestId":"fbfd3afa-9610-4cbc-872c-b66f7bc4e843"}
{"level":"info","time":"2026-07-28T09:50:08.433Z","service":"api","msg":"request.completed","method":"GET","url":"/v1/organizations","statusCode":200,"requestId":"b165538a-9020-4971-9a3c-fc1640021a00"}
{"level":"info","time":"2026-07-28T09:50:08.449Z","service":"api","msg":"request.completed","method":"GET","url":"/v1/properties?organizationId=d215a186-f84d-4c7c-b75a-3189969999c2","statusCode":200,"requestId":"b86aeb49-e92d-4a64-abc1-3e348525a7e8"}
{"level":"info","time":"2026-07-28T09:50:08.459Z","service":"api","msg":"request.completed","method":"GET","url":"/v1/staff/realtime/events?propertyId=3ab87d2a-0c78-4fac-aa15-515a733cc3ae&lastEventId=7db8d828-e9e1-4aa5-be34-026f9ec46010","statusCode":200,"requestId":"c77cb899-1641-4429-9171-00fbef5f98e3"}
{"level":"info","time":"2026-07-28T09:50:08.463Z","service":"api","msg":"request.completed","method":"GET","url":"/v1/staff/work-items?propertyId=3ab87d2a-0c78-4fac-aa15-515a733cc3ae&queue=inbox","statusCode":200,"requestId":"46a14793-0125-4f4b-8f54-4b16050683b1"}
{"level":"info","time":"2026-07-28T09:50:08.470Z","service":"api","msg":"request.completed","method":"GET","url":"/v1/staff/work-items?propertyId=3ab87d2a-0c78-4fac-aa15-515a733cc3ae&queue=inbox","statusCode":200,"requestId":"93af1c21-9121-4466-8b3e-74331b1964b8"}
{"level":"info","time":"2026-07-28T09:50:08.484Z","service":"api","msg":"request.completed","method":"GET","url":"/v1/staff/orders/f632dfb5-cbc4-4d36-8bc6-33a38bf9390c","statusCode":200,"requestId":"00210633-9d37-4789-8dac-45178a0c9812"}
{"level":"info","time":"2026-07-28T09:50:09.170Z","service":"api","msg":"request.completed","method":"GET","url":"/v1/me","statusCode":200,"requestId":"7c0e1a61-f8c5-444d-b7b4-f49c3a1eb9ff"}
{"level":"info","time":"2026-07-28T09:50:09.174Z","service":"api","msg":"request.completed","method":"GET","url":"/v1/organizations","statusCode":200,"requestId":"b22f34f3-558c-405c-b3c3-5c022b559b46"}
{"level":"info","time":"2026-07-28T09:50:09.182Z","service":"api","msg":"request.completed","method":"GET","url":"/v1/properties?organizationId=d215a186-f84d-4c7c-b75a-3189969999c2","statusCode":200,"requestId":"ee8defd8-501e-4868-b81f-6bcb787fce43"}
{"level":"info","time":"2026-07-28T09:50:09.192Z","service":"api","msg":"request.completed","method":"GET","url":"/v1/staff/realtime/events?propertyId=3ab87d2a-0c78-4fac-aa15-515a733cc3ae&lastEventId=ca6879c7-1fbf-44a0-a3ff-71c46380cd06","statusCode":200,"requestId":"a1ce913a-ee02-4b25-8049-3e109f638c0e"}
{"level":"info","time":"2026-07-28T09:50:09.198Z","service":"api","msg":"request.completed","method":"GET","url":"/v1/staff/work-items?propertyId=3ab87d2a-0c78-4fac-aa15-515a733cc3ae&queue=inbox","statusCode":200,"requestId":"b76cef74-206c-4887-a8c0-901745e14ffb"}
{"level":"info","time":"2026-07-28T09:50:09.206Z","service":"api","msg":"request.completed","method":"GET","url":"/v1/staff/work-items?propertyId=3ab87d2a-0c78-4fac-aa15-515a733cc3ae&queue=inbox","statusCode":200,"requestId":"7eb2d19b-07bb-4d0b-9630-db905258ad54"}
{"level":"info","time":"2026-07-28T09:50:09.212Z","service":"api","msg":"request.completed","method":"GET","url":"/v1/staff/requests/70cb6580-1653-48bd-b49d-3b2310b04709","statusCode":200,"requestId":"93d799a4-0361-43e1-a9d8-97c7e8e6e498"}
{"level":"info","time":"2026-07-28T09:50:09.215Z","service":"api","msg":"request.completed","method":"GET","url":"/v1/staff/requests/70cb6580-1653-48bd-b49d-3b2310b04709","statusCode":200,"requestId":"29ed71d7-ab28-4531-8e1a-0d26b9e41559"}
{"level":"info","time":"2026-07-28T09:50:09.333Z","service":"api","msg":"request.completed","method":"GET","url":"/v1/me","statusCode":200,"requestId":"fc53aef8-a4a0-449c-8a0d-19802186ddd4"}
{"level":"info","time":"2026-07-28T09:50:09.339Z","service":"api","msg":"request.completed","method":"GET","url":"/v1/organizations","statusCode":200,"requestId":"da471fe1-3cb3-417c-a4ca-7fc1ed972828"}
{"level":"info","time":"2026-07-28T09:50:09.345Z","service":"api","msg":"request.completed","method":"GET","url":"/v1/properties?organizationId=d215a186-f84d-4c7c-b75a-3189969999c2","statusCode":200,"requestId":"93ed94c3-4d55-45bf-8156-f35fabf2aa7b"}
{"level":"info","time":"2026-07-28T09:50:09.352Z","service":"api","msg":"request.completed","method":"GET","url":"/v1/staff/realtime/events?propertyId=3ab87d2a-0c78-4fac-aa15-515a733cc3ae&lastEventId=da0d262b-02a6-482c-8ebb-0d4dea159bfc","statusCode":200,"requestId":"78b93f24-2528-4815-a3a4-003052e5ee8e"}
{"level":"info","time":"2026-07-28T09:50:09.356Z","service":"api","msg":"request.completed","method":"GET","url":"/v1/staff/work-items?propertyId=3ab87d2a-0c78-4fac-aa15-515a733cc3ae&queue=inbox","statusCode":200,"requestId":"cd67822b-9954-4837-b1b6-b44e321bd3fd"}
{"level":"info","time":"2026-07-28T09:50:09.362Z","service":"api","msg":"request.completed","method":"GET","url":"/v1/staff/work-items?propertyId=3ab87d2a-0c78-4fac-aa15-515a733cc3ae&queue=inbox","statusCode":200,"requestId":"36930ce8-cdfb-42c5-b8f5-fd7cba3776be"}
{"level":"info","time":"2026-07-28T09:50:09.365Z","service":"api","msg":"request.completed","method":"GET","url":"/v1/staff/orders/ef5d85f3-d4df-4d55-b611-c64787d988bc","statusCode":200,"requestId":"50b4d8ec-de2a-403d-a65d-6503e8a07be1"}
{"level":"info","time":"2026-07-28T09:50:09.377Z","service":"api","msg":"request.completed","method":"GET","url":"/v1/staff/orders/ef5d85f3-d4df-4d55-b611-c64787d988bc","statusCode":200,"requestId":"f642fac9-7d79-4cab-99d0-14d21aecdf3c"}
{"level":"info","time":"2026-07-28T09:50:10.356Z","service":"api","msg":"request.completed","method":"POST","url":"/v1/auth/login","statusCode":200,"requestId":"7547eafa-21e7-49e5-88eb-9a293db972b7"}
{"level":"info","time":"2026-07-28T09:50:10.410Z","service":"api","msg":"request.completed","method":"GET","url":"/v1/me","statusCode":200,"requestId":"972fc59e-dff8-4366-bd88-bfaf64a83337"}
{"level":"info","time":"2026-07-28T09:50:10.414Z","service":"api","msg":"request.completed","method":"GET","url":"/v1/organizations","statusCode":200,"requestId":"45fc2a4e-1651-4765-9518-b596973c3e81"}
{"level":"info","time":"2026-07-28T09:50:10.432Z","service":"api","msg":"request.completed","method":"GET","url":"/v1/properties?organizationId=d215a186-f84d-4c7c-b75a-3189969999c2","statusCode":200,"requestId":"3e901576-decf-41b6-b9f8-57a7f44b2770"}
{"level":"info","time":"2026-07-28T09:50:10.441Z","service":"api","msg":"request.completed","method":"GET","url":"/v1/staff/realtime/events?propertyId=3ab87d2a-0c78-4fac-aa15-515a733cc3ae","statusCode":200,"requestId":"77249d27-47f7-4570-aa95-feb2f2f2d4ec"}
{"level":"info","time":"2026-07-28T09:50:11.497Z","service":"api","msg":"request.completed","method":"POST","url":"/v1/auth/login","statusCode":200,"requestId":"9035cbb8-d3a6-4445-98e4-4a3ef7c4e502"}
{"level":"info","time":"2026-07-28T09:50:11.532Z","service":"api","msg":"request.completed","method":"GET","url":"/v1/me","statusCode":200,"requestId":"8bfefc41-6c15-4e0f-8bdc-d0209661a15a"}
{"level":"info","time":"2026-07-28T09:50:11.541Z","service":"api","msg":"request.completed","method":"GET","url":"/v1/organizations","statusCode":200,"requestId":"8930058c-4726-4190-b813-2ce628cef13f"}
{"level":"info","time":"2026-07-28T09:50:11.547Z","service":"api","msg":"request.completed","method":"GET","url":"/v1/properties?organizationId=d215a186-f84d-4c7c-b75a-3189969999c2","statusCode":200,"requestId":"84655920-0f19-4277-b49a-4f41ec9ebb70"}
{"level":"info","time":"2026-07-28T09:50:11.554Z","service":"api","msg":"request.completed","method":"GET","url":"/v1/staff/realtime/events?propertyId=3ab87d2a-0c78-4fac-aa15-515a733cc3ae&lastEventId=3c75691e-64d7-460a-8baa-06c889542897","statusCode":200,"requestId":"1b1c62ae-8429-400b-ab6b-842f5825b57a"}
{"level":"info","time":"2026-07-28T09:50:11.800Z","service":"api","msg":"request.completed","method":"POST","url":"/v1/auth/login","statusCode":200,"requestId":"51b9b00b-46b6-4916-ad3c-20350776c781"}
{"level":"info","time":"2026-07-28T09:50:11.836Z","service":"api","msg":"request.completed","method":"GET","url":"/v1/me","statusCode":200,"requestId":"8d8cf81a-4f2c-4da4-8e2b-cfd35b92352f"}
{"level":"info","time":"2026-07-28T09:50:11.843Z","service":"api","msg":"request.completed","method":"GET","url":"/v1/organizations","statusCode":200,"requestId":"27c12c39-e0b4-4bf6-9d14-e84fd59bbb92"}
{"level":"info","time":"2026-07-28T09:50:12.131Z","service":"api","msg":"request.completed","method":"POST","url":"/v1/auth/login","statusCode":200,"requestId":"bac94059-6991-47fb-b5b2-f58e9a27a13d"}
{"level":"info","time":"2026-07-28T09:50:12.180Z","service":"api","msg":"request.completed","method":"GET","url":"/v1/me","statusCode":200,"requestId":"0a9ba539-6b14-4368-8e5a-1f8d5ea420e8"}
{"level":"info","time":"2026-07-28T09:50:12.187Z","service":"api","msg":"request.completed","method":"GET","url":"/v1/organizations","statusCode":200,"requestId":"be9efbc9-b289-4b85-a396-7747386999c2"}
{"level":"info","time":"2026-07-28T09:50:12.204Z","service":"api","msg":"request.completed","method":"GET","url":"/v1/properties?organizationId=d215a186-f84d-4c7c-b75a-3189969999c2","statusCode":200,"requestId":"4681485d-f530-4e1d-bf7c-5415ea267bc4"}
{"level":"info","time":"2026-07-28T09:50:12.445Z","service":"api","msg":"request.completed","method":"POST","url":"/v1/auth/login","statusCode":200,"requestId":"d6d77248-a7e6-4cb8-947a-412a4d88e0b6"}
{"level":"info","time":"2026-07-28T09:50:12.446Z","service":"api","msg":"request.completed","method":"GET","url":"/v1/staff/realtime/events?propertyId=3ab87d2a-0c78-4fac-aa15-515a733cc3ae","statusCode":200,"requestId":"04d59788-24cb-4930-a860-48ecc8123c37"}
{"level":"info","time":"2026-07-28T09:50:12.450Z","service":"api","msg":"request.completed","method":"GET","url":"/v1/staff/work-items?propertyId=3ab87d2a-0c78-4fac-aa15-515a733cc3ae&queue=inbox","statusCode":200,"requestId":"c328d2f4-60be-405e-a985-30612461e546"}
{"level":"info","time":"2026-07-28T09:50:12.452Z","service":"api","msg":"request.completed","method":"GET","url":"/v1/properties?organizationId=d215a186-f84d-4c7c-b75a-3189969999c2","statusCode":200,"requestId":"1dad3d99-e059-4216-8b28-c5d1b6c1550c"}
{"level":"info","time":"2026-07-28T09:50:12.458Z","service":"api","msg":"request.completed","method":"GET","url":"/v1/properties/3ab87d2a-0c78-4fac-aa15-515a733cc3ae/locations","statusCode":200,"requestId":"1b55c696-1b45-4d43-8cb3-28c6b7ef655c"}
{"level":"info","time":"2026-07-28T09:50:12.476Z","service":"api","msg":"request.completed","method":"POST","url":"/v1/properties/3ab87d2a-0c78-4fac-aa15-515a733cc3ae/qr-codes","statusCode":200,"requestId":"d7b6abf1-2615-4595-892c-4c38b378ff99"}
{"level":"info","time":"2026-07-28T09:50:12.478Z","service":"api","msg":"request.completed","method":"GET","url":"/v1/staff/orders/f632dfb5-cbc4-4d36-8bc6-33a38bf9390c","statusCode":200,"requestId":"f9e651ad-7303-45c6-adb6-a9f9dc85524d"}
{"level":"info","time":"2026-07-28T09:50:12.485Z","service":"api","msg":"request.completed","method":"POST","url":"/v1/guest/sessions","statusCode":200,"requestId":"260ab47a-782b-4913-bb24-f544ad847658"}
{"level":"info","time":"2026-07-28T09:50:12.490Z","service":"api","msg":"request.completed","method":"POST","url":"/v1/guest/conversations","statusCode":200,"requestId":"a55e50bb-ac2f-4baf-a762-1fb028de4166"}
{"level":"info","time":"2026-07-28T09:50:12.496Z","service":"api","msg":"request.completed","method":"POST","url":"/v1/guest/conversations/05d955ef-20d9-448c-a194-ef133355d7c4/messages","statusCode":200,"requestId":"64bf9c39-7def-424f-add0-0c526eca4588"}
{"level":"info","time":"2026-07-28T09:50:12.503Z","service":"api","msg":"request.completed","method":"POST","url":"/v1/guest/request-drafts","statusCode":200,"requestId":"b5bf0fda-a78e-4707-9960-5b72b8632f4a"}
{"level":"info","time":"2026-07-28T09:50:12.512Z","service":"api","msg":"request.completed","method":"POST","url":"/v1/guest/request-drafts/fa20faa5-ac61-42d4-909d-d39264fee71a/confirm","statusCode":200,"requestId":"a04e06da-7585-4dbe-a68d-c5ccdf603298"}
{"level":"info","time":"2026-07-28T09:50:12.518Z","service":"api","msg":"request.completed","method":"POST","url":"/v1/guest/order-drafts","statusCode":200,"requestId":"43ddcfce-4c58-4434-9fce-e3029826f0f1"}
{"level":"info","time":"2026-07-28T09:50:12.529Z","service":"api","msg":"request.completed","method":"POST","url":"/v1/guest/order-drafts/2c82af1a-c8ee-481f-a3ea-40fe0948f1f8/confirm","statusCode":200,"requestId":"3caa236b-91de-4a2b-9931-08811e44d01c"}
{"level":"info","time":"2026-07-28T09:50:13.716Z","service":"api","msg":"request.completed","method":"GET","url":"/v1/staff/realtime/events?propertyId=3ab87d2a-0c78-4fac-aa15-515a733cc3ae&lastEventId=3c75691e-64d7-460a-8baa-06c889542897","statusCode":200,"requestId":"5ee184e9-90bf-42db-9307-d9050bf9000e"}
{"level":"info","time":"2026-07-28T09:50:13.728Z","service":"api","msg":"request.completed","method":"GET","url":"/v1/staff/work-items?propertyId=3ab87d2a-0c78-4fac-aa15-515a733cc3ae&queue=inbox","statusCode":200,"requestId":"6498b71b-24a8-461f-a610-96aacbc6eef6"}
{"level":"info","time":"2026-07-28T09:50:13.745Z","service":"api","msg":"request.completed","method":"GET","url":"/v1/staff/orders/96587897-05dd-423f-a79f-dcfa6eb71f0a","statusCode":200,"requestId":"d1446d6c-b7d8-4441-8308-fd85021f1656"}
{"level":"info","time":"2026-07-28T09:50:13.951Z","service":"api","msg":"request.completed","method":"GET","url":"/v1/staff/realtime/events?propertyId=3ab87d2a-0c78-4fac-aa15-515a733cc3ae&lastEventId=217a45e4-d855-4cd9-ba28-978e93854cf9","statusCode":200,"requestId":"134bf45c-5369-4f19-8c81-434eb6036bb0"}
{"level":"info","time":"2026-07-28T09:50:13.960Z","service":"api","msg":"request.completed","method":"GET","url":"/v1/staff/work-items?propertyId=3ab87d2a-0c78-4fac-aa15-515a733cc3ae&queue=inbox","statusCode":200,"requestId":"d392908a-9092-45c3-a2cd-2316818a89c6"}
{"level":"info","time":"2026-07-28T09:50:15.213Z","service":"api","msg":"request.completed","method":"GET","url":"/v1/staff/realtime/events?propertyId=3ab87d2a-0c78-4fac-aa15-515a733cc3ae&lastEventId=9de43040-bd1e-4429-8e70-285b3bdae659","statusCode":200,"requestId":"b0cc86c9-34e7-48b5-8aba-1caa28e5294e"}
{"level":"info","time":"2026-07-28T09:50:15.239Z","service":"api","msg":"request.completed","method":"GET","url":"/v1/staff/work-items?propertyId=3ab87d2a-0c78-4fac-aa15-515a733cc3ae&queue=inbox","statusCode":200,"requestId":"d5f761d6-023a-49ee-9fb9-a9e02e79e956"}
{"level":"info","time":"2026-07-28T09:50:16.031Z","service":"api","msg":"request.completed","method":"GET","url":"/v1/me","statusCode":200,"requestId":"1ae2c202-45ba-4ac7-80c1-75a3f1f0e203"}
{"level":"info","time":"2026-07-28T09:50:16.039Z","service":"api","msg":"request.completed","method":"GET","url":"/v1/organizations","statusCode":200,"requestId":"11cfef70-cdf5-4c11-b8e8-4b6a70b8b5f5"}
{"level":"info","time":"2026-07-28T09:50:16.047Z","service":"api","msg":"request.completed","method":"GET","url":"/v1/properties?organizationId=d215a186-f84d-4c7c-b75a-3189969999c2","statusCode":200,"requestId":"b2653b97-644b-4a33-b789-2673b47c8da3"}
{"level":"info","time":"2026-07-28T09:50:16.056Z","service":"api","msg":"request.completed","method":"GET","url":"/v1/staff/realtime/events?propertyId=3ab87d2a-0c78-4fac-aa15-515a733cc3ae&lastEventId=37500a9d-8e1d-4da7-a7a1-11c1dfbe21c9","statusCode":200,"requestId":"756123ad-af7c-4359-a2ba-8319d413538c"}
{"level":"info","time":"2026-07-28T09:50:16.060Z","service":"api","msg":"request.completed","method":"GET","url":"/v1/staff/work-items?propertyId=3ab87d2a-0c78-4fac-aa15-515a733cc3ae&queue=inbox","statusCode":200,"requestId":"3fdd6e8d-d3dd-4e9b-9223-7fdbcf9bd200"}
{"level":"info","time":"2026-07-28T09:50:16.071Z","service":"api","msg":"request.completed","method":"GET","url":"/v1/staff/work-items?propertyId=3ab87d2a-0c78-4fac-aa15-515a733cc3ae&queue=inbox","statusCode":200,"requestId":"056a9433-9e92-487a-9d22-623294e6aa65"}
{"level":"info","time":"2026-07-28T09:50:16.083Z","service":"api","msg":"request.completed","method":"GET","url":"/v1/staff/orders/96587897-05dd-423f-a79f-dcfa6eb71f0a","statusCode":200,"requestId":"674f8a7e-7313-4f9b-a8a2-4399c34c8c2d"}
{"level":"info","time":"2026-07-28T09:50:16.315Z","service":"api","msg":"request.completed","method":"POST","url":"/v1/auth/login","statusCode":200,"requestId":"034df39a-029b-4c32-8831-bf196677049e"}
{"level":"info","time":"2026-07-28T09:50:16.319Z","service":"api","msg":"request.completed","method":"GET","url":"/v1/properties?organizationId=d215a186-f84d-4c7c-b75a-3189969999c2","statusCode":200,"requestId":"f1a99398-c239-4dc5-acb6-cb35cb375c4f"}
{"level":"info","time":"2026-07-28T09:50:16.322Z","service":"api","msg":"request.completed","method":"GET","url":"/v1/properties/3ab87d2a-0c78-4fac-aa15-515a733cc3ae/locations","statusCode":200,"requestId":"70a1c616-2aa5-45fd-9877-1285f5856861"}
{"level":"info","time":"2026-07-28T09:50:16.329Z","service":"api","msg":"request.completed","method":"POST","url":"/v1/properties/3ab87d2a-0c78-4fac-aa15-515a733cc3ae/qr-codes","statusCode":200,"requestId":"e85988df-6e72-4221-b3fc-b9ad26fd6964"}
{"level":"info","time":"2026-07-28T09:50:16.336Z","service":"api","msg":"request.completed","method":"POST","url":"/v1/guest/sessions","statusCode":200,"requestId":"0d4caf6f-3b2a-483b-9c1e-c9edb4d0e0fa"}
{"level":"info","time":"2026-07-28T09:50:16.339Z","service":"api","msg":"request.completed","method":"POST","url":"/v1/guest/conversations","statusCode":200,"requestId":"c5ee6fa3-0ac3-4b02-a57d-56a51f47321a"}
{"level":"info","time":"2026-07-28T09:50:16.344Z","service":"api","msg":"request.completed","method":"POST","url":"/v1/guest/conversations/139034a2-500c-46de-9cc3-698f562d12fc/messages","statusCode":200,"requestId":"738c75e7-0ca5-4601-a8d1-79be0ed6f818"}
{"level":"info","time":"2026-07-28T09:50:16.348Z","service":"api","msg":"request.completed","method":"POST","url":"/v1/guest/request-drafts","statusCode":200,"requestId":"eaf0caeb-4e00-452e-94c4-f6a4aeed7776"}
{"level":"info","time":"2026-07-28T09:50:16.385Z","service":"api","msg":"request.completed","method":"POST","url":"/v1/guest/request-drafts/68be4174-dad6-4b34-b0a9-1125d66b0089/confirm","statusCode":200,"requestId":"7ec3be9b-80ac-43b3-a579-bfca3f7b3169"}
{"level":"info","time":"2026-07-28T09:50:16.393Z","service":"api","msg":"request.completed","method":"POST","url":"/v1/guest/order-drafts","statusCode":200,"requestId":"b5526f55-cbbd-4143-bb93-5211363adffe"}
/Users/huypq/Documents/Projects/guestportal/apps/api:
[ERR_PNPM_RECURSIVE_RUN_FIRST_FAIL] @guestportal/api@0.0.0 start: `node dist/server.js`
Command failed with signal "SIGTERM"
