$ next start --port 3101
$ node dist/server.js
 ⚠ You are using a non-standard "NODE_ENV" value in your environment. This creates inconsistencies in the project and is strongly advised against. Read more: https://nextjs.org/docs/messages/non-standard-node-env
   ▲ Next.js 15.5.21
   - Local:        http://localhost:3101
   - Network:      http://192.168.1.184:3101

 ✓ Starting...
 ✓ Ready in 533ms
{"level":"info","time":"2026-07-28T09:48:55.064Z","service":"api","msg":"api.started","port":4000}
{"level":"info","time":"2026-07-28T09:48:55.756Z","service":"api","msg":"request.completed","method":"GET","url":"/health","statusCode":200,"requestId":"fb4dc6a6-c354-432c-8101-d67dd4addf86"}

Running 39 tests using 1 worker

  ✓   1 [chromium] › e2e/admin-analytics.spec.ts:132:1 › owner views real analytics dashboard with evidence (1.8s)
  ✓   2 [chromium] › e2e/admin-analytics.spec.ts:177:1 › content manager sees analytics permission error (378ms)
  ✓   3 [chromium] › e2e/admin-audit.spec.ts:106:1 › owner exports operations and reviews audit log with evidence (1.6s)
  ✓   4 [chromium] › e2e/admin-audit.spec.ts:162:1 › content manager sees audit permission error (351ms)
  ✓   5 [chromium] › e2e/admin-management.spec.ts:62:1 › admin manages team, settings and security controls with evidence (1.8s)
  ✓   6 [chromium] › e2e/admin-management.spec.ts:123:1 › knowledge operations filter and delete a source with confirmation (439ms)
  ✓   7 [chromium] › e2e/admin-management.spec.ts:153:1 › viewer sees permission errors for team management (328ms)
  ✓   8 [chromium] › e2e/admin-operations.spec.ts:175:1 › admin operations filters and opens request/order deep links with evidence (2.1s)
  ✓   9 [chromium] › e2e/admin-operations.spec.ts:230:1 › admin operations paginates large request lists (1.1s)
  ✓  10 [chromium] › e2e/admin-operations.spec.ts:252:1 › content manager cannot open admin operations queues (593ms)
  ✓  11 [chromium] › e2e/admin-shell.spec.ts:14:1 › owner can navigate the shell and use the keyboard collapse control (1.0s)
  ✓  12 [chromium] › e2e/admin-shell.spec.ts:27:1 › viewer sees only permitted navigation (1.1s)
  ✓  13 [chromium] › e2e/admin-shell.spec.ts:36:3 › shell has no horizontal overflow at 1024px (1.0s)
  ✓  14 [chromium] › e2e/admin-shell.spec.ts:36:3 › shell has no horizontal overflow at 1280px (1.0s)
  ✓  15 [chromium] › e2e/admin-shell.spec.ts:36:3 › shell has no horizontal overflow at 1440px (996ms)
  ✓  16 [chromium] › e2e/admin-shell.spec.ts:49:1 › Vietnamese labels remain usable (1.1s)
  ✓  17 [chromium] › e2e/asset-upload.spec.ts:31:1 › branding upload UI shows controls and rejects invalid files (2.3s)
  ✓  18 [chromium] › e2e/auth.spec.ts:11:1 › login logout and locale switch with screenshots (1.2s)
  ✓  19 [chromium] › e2e/auth.spec.ts:32:1 › property manager cannot see unassigned properties (926ms)
  ✓  20 [chromium] › e2e/auth.spec.ts:43:1 › access denied path shows forbidden messaging when forced (986ms)
  ✓  21 [chromium] › e2e/i18n.spec.ts:14:1 › admin locale switch persists cookie and route (1.1s)
  ✓  22 [chromium] › e2e/i18n.spec.ts:27:5 › admin long translation has no overflow at 360px (en) (998ms)
  ✓  23 [chromium] › e2e/i18n.spec.ts:27:5 › admin long translation has no overflow at 360px (vi) (993ms)
  ✓  24 [chromium] › e2e/i18n.spec.ts:27:5 › admin long translation has no overflow at 1024px (en) (999ms)
  ✓  25 [chromium] › e2e/i18n.spec.ts:27:5 › admin long translation has no overflow at 1024px (vi) (990ms)
  ✓  26 [chromium] › e2e/i18n.spec.ts:27:5 › admin long translation has no overflow at 1440px (en) (1.0s)
  ✓  27 [chromium] › e2e/i18n.spec.ts:27:5 › admin long translation has no overflow at 1440px (vi) (1.1s)
  ✓  28 [chromium] › e2e/knowledge-search.spec.ts:88:1 › admin can upload, process and search knowledge with citations (3.3s)
  ✓  29 [chromium] › e2e/knowledge-search.spec.ts:178:1 › knowledge search has Vietnamese copy and no serious axe violations (1.9s)
  ✓  30 [chromium] › e2e/knowledge-search.spec.ts:207:1 › knowledge search renders no-result and blocked-query states (1.3s)
  ✓  31 [chromium] › e2e/knowledge-sources.spec.ts:15:1 › knowledge sources panel shows upload failure for unsupported mime (1.1s)
  ✓  32 [chromium] › e2e/portal-builder.spec.ts:23:1 › builder supports selection, reorder, inspector and keyboard smoke (1.3s)
  ✓  33 [chromium] › e2e/portal-builder.spec.ts:48:1 › builder autosave failure is recoverable via retry (2.0s)
  ✓  34 [chromium] › e2e/portal-builder.spec.ts:75:1 › builder visual snapshots at 1280 and 1440 (1.7s)
  ✓  35 [chromium] › e2e/portal-preview.spec.ts:23:1 › preview switches locale/device and uses draft source (1.1s)
  ✓  36 [chromium] › e2e/portal-preview.spec.ts:34:1 › navigation editor persists primary href (1.1s)
  ✓  37 [chromium] › e2e/portal-preview.spec.ts:45:1 › preview responsive snapshots (1.8s)
  ✓  38 [chromium] › e2e/portal-publish.spec.ts:11:1 › publish and rollback create auditable versions (1.1s)
  ✓  39 [chromium] › e2e/property-branding.spec.ts:28:1 › property settings and branding forms validate and persist (1.4s)

  39 passed (49.2s)
$ playwright test
(node:58550) Warning: The 'NO_COLOR' env is ignored due to the 'FORCE_COLOR' env being set.
(Use `node --trace-warnings ...` to show where the warning was created)
{"level":"info","time":"2026-07-28T09:48:57.896Z","service":"api","msg":"request.completed","method":"POST","url":"/v1/auth/login","statusCode":200,"requestId":"6aa8d38d-a25e-4513-aeeb-d379a1aa722d"}
{"level":"info","time":"2026-07-28T09:48:57.911Z","service":"api","msg":"request.completed","method":"GET","url":"/v1/properties?organizationId=d215a186-f84d-4c7c-b75a-3189969999c2","statusCode":200,"requestId":"610a1b7f-f2f8-46fe-8e86-fd73b0b1bfe0"}
{"level":"info","time":"2026-07-28T09:48:57.920Z","service":"api","msg":"request.completed","method":"GET","url":"/v1/properties/3ab87d2a-0c78-4fac-aa15-515a733cc3ae/locations","statusCode":200,"requestId":"c2d88985-ff2c-4bbb-b3be-ab4b03adf5bd"}
{"level":"info","time":"2026-07-28T09:48:57.929Z","service":"api","msg":"request.completed","method":"POST","url":"/v1/properties/3ab87d2a-0c78-4fac-aa15-515a733cc3ae/qr-codes","statusCode":200,"requestId":"5fc808b0-e138-4caa-9a1d-4ac0c5ec9bea"}
{"level":"info","time":"2026-07-28T09:48:57.938Z","service":"api","msg":"request.completed","method":"POST","url":"/v1/guest/sessions","statusCode":200,"requestId":"2b3ec842-927e-45bf-aaba-b8b7fd56eb16"}
{"level":"info","time":"2026-07-28T09:48:57.946Z","service":"api","msg":"request.completed","method":"POST","url":"/v1/guest/conversations","statusCode":200,"requestId":"61bdb4b6-085c-4576-8bee-a65a74a2ccc7"}
{"level":"info","time":"2026-07-28T09:48:57.953Z","service":"api","msg":"request.completed","method":"POST","url":"/v1/guest/request-drafts","statusCode":200,"requestId":"9110aed3-dcf8-4bcb-9ae2-a72a5aef8326"}
{"level":"info","time":"2026-07-28T09:48:57.969Z","service":"api","msg":"request.completed","method":"POST","url":"/v1/guest/request-drafts/da96f701-4aa6-49a9-bd16-6ae3a2d3bc1d/confirm","statusCode":200,"requestId":"843eb5ec-c8b2-4518-b586-36fd00059658"}
{"level":"info","time":"2026-07-28T09:48:57.974Z","service":"api","msg":"request.completed","method":"POST","url":"/v1/guest/order-drafts","statusCode":200,"requestId":"d3f18135-c8dd-4e46-a94d-3bcd17fad257"}
{"level":"info","time":"2026-07-28T09:48:57.982Z","service":"api","msg":"request.completed","method":"POST","url":"/v1/guest/order-drafts/aae9a692-1cd7-4373-ad3f-e185f88d902b/confirm","statusCode":200,"requestId":"26e88655-8b94-4abf-b516-77eeed39a863"}
{"level":"info","time":"2026-07-28T09:48:58.116Z","service":"api","msg":"request.completed","method":"GET","url":"/v1/me","statusCode":200,"requestId":"7c094c68-1cd7-46f4-a020-256ed411f527"}
{"level":"info","time":"2026-07-28T09:48:58.120Z","service":"api","msg":"request.completed","method":"GET","url":"/v1/organizations","statusCode":200,"requestId":"5a17f9db-69d1-4b3d-b73f-310973a04d56"}
{"level":"info","time":"2026-07-28T09:48:58.154Z","service":"api","msg":"request.completed","method":"GET","url":"/v1/properties?organizationId=d215a186-f84d-4c7c-b75a-3189969999c2","statusCode":200,"requestId":"7e265a23-c125-4e49-931e-49f97b6eeb95"}
{"level":"info","time":"2026-07-28T09:48:58.171Z","service":"api","msg":"request.completed","method":"GET","url":"/v1/admin/properties/3ab87d2a-0c78-4fac-aa15-515a733cc3ae/analytics?dateFrom=2026-07-13T17%3A00%3A00.000Z&dateTo=2026-07-28T16%3A59%3A59.999Z","statusCode":200,"requestId":"e52b371a-0bf2-41a5-a553-ccddaee280c1"}
{"level":"info","time":"2026-07-28T09:48:58.803Z","service":"api","msg":"request.completed","method":"GET","url":"/v1/me","statusCode":200,"requestId":"ee1e33e9-3562-4630-86cd-23ea61ffb366"}
{"level":"info","time":"2026-07-28T09:48:58.814Z","service":"api","msg":"request.completed","method":"GET","url":"/v1/organizations","statusCode":200,"requestId":"ee05a45e-0893-470b-8ebd-05368ef37739"}
{"level":"info","time":"2026-07-28T09:48:58.820Z","service":"api","msg":"request.completed","method":"GET","url":"/v1/properties?organizationId=d215a186-f84d-4c7c-b75a-3189969999c2","statusCode":200,"requestId":"00dcc586-5703-4d38-b268-1aae3642f303"}
{"level":"info","time":"2026-07-28T09:48:58.825Z","service":"api","msg":"request.completed","method":"GET","url":"/v1/admin/properties/3ab87d2a-0c78-4fac-aa15-515a733cc3ae/analytics?dateFrom=2026-07-13T17%3A00%3A00.000Z&dateTo=2026-07-28T16%3A59%3A59.999Z","statusCode":200,"requestId":"86a0dd32-7f4d-47b0-82b1-1badb64182d6"}
{"level":"info","time":"2026-07-28T09:48:59.167Z","service":"api","msg":"request.completed","method":"POST","url":"/v1/auth/login","statusCode":200,"requestId":"b3911564-030e-4d31-b7d0-03a866629cf9"}
{"level":"info","time":"2026-07-28T09:48:59.175Z","service":"api","msg":"request.completed","method":"GET","url":"/v1/properties?organizationId=d215a186-f84d-4c7c-b75a-3189969999c2","statusCode":200,"requestId":"50aa1a6b-5cd3-46f2-872b-7765c3f0346a"}
{"level":"info","time":"2026-07-28T09:48:59.234Z","service":"api","msg":"request.completed","method":"GET","url":"/v1/me","statusCode":200,"requestId":"8f6779bd-8f24-4d12-b538-8b4ee8fd97ae"}
{"level":"info","time":"2026-07-28T09:48:59.240Z","service":"api","msg":"request.completed","method":"GET","url":"/v1/organizations","statusCode":200,"requestId":"911136c6-78c9-4f29-8445-1a52b2be8d0d"}
{"level":"info","time":"2026-07-28T09:48:59.254Z","service":"api","msg":"request.completed","method":"GET","url":"/v1/admin/properties/3ab87d2a-0c78-4fac-aa15-515a733cc3ae/analytics?dateFrom=2026-07-13T17%3A00%3A00.000Z&dateTo=2026-07-28T16%3A59%3A59.999Z","statusCode":403,"requestId":"67c141e3-2144-444a-adf4-11c18c7a9eda"}
{"level":"info","time":"2026-07-28T09:48:59.260Z","service":"api","msg":"request.completed","method":"GET","url":"/v1/properties?organizationId=d215a186-f84d-4c7c-b75a-3189969999c2","statusCode":200,"requestId":"acbec48d-4ba1-44b1-8dba-6af4225f32e5"}
{"level":"info","time":"2026-07-28T09:48:59.552Z","service":"api","msg":"request.completed","method":"POST","url":"/v1/auth/login","statusCode":200,"requestId":"cfba0505-37f0-4572-ab04-985e01db88c3"}
{"level":"info","time":"2026-07-28T09:48:59.562Z","service":"api","msg":"request.completed","method":"GET","url":"/v1/properties?organizationId=d215a186-f84d-4c7c-b75a-3189969999c2","statusCode":200,"requestId":"a2edc392-fecf-43bb-8d24-c688e3959561"}
{"level":"info","time":"2026-07-28T09:48:59.568Z","service":"api","msg":"request.completed","method":"GET","url":"/v1/properties/3ab87d2a-0c78-4fac-aa15-515a733cc3ae/locations","statusCode":200,"requestId":"9a6dedfa-2b17-4c71-9ba6-9c98604a5d08"}
{"level":"info","time":"2026-07-28T09:48:59.579Z","service":"api","msg":"request.completed","method":"POST","url":"/v1/properties/3ab87d2a-0c78-4fac-aa15-515a733cc3ae/qr-codes","statusCode":200,"requestId":"49893e6c-0405-4957-ad5f-f8707d88282b"}
{"level":"info","time":"2026-07-28T09:48:59.588Z","service":"api","msg":"request.completed","method":"POST","url":"/v1/guest/sessions","statusCode":200,"requestId":"d7edd949-e8a5-46e5-a2f6-446242983360"}
{"level":"info","time":"2026-07-28T09:48:59.598Z","service":"api","msg":"request.completed","method":"POST","url":"/v1/guest/conversations","statusCode":200,"requestId":"130005ba-681c-47e3-9eae-aa4ecb7f0322"}
{"level":"info","time":"2026-07-28T09:48:59.604Z","service":"api","msg":"request.completed","method":"POST","url":"/v1/guest/request-drafts","statusCode":200,"requestId":"12a432aa-5f28-44f8-b86f-32f094426f87"}
{"level":"info","time":"2026-07-28T09:48:59.616Z","service":"api","msg":"request.completed","method":"POST","url":"/v1/guest/request-drafts/c73a1a0f-3b50-42da-876b-f72bdde665c0/confirm","statusCode":200,"requestId":"16d9a42d-b2d5-4540-8c8c-8b6cb3369f0a"}
{"level":"info","time":"2026-07-28T09:48:59.678Z","service":"api","msg":"request.completed","method":"GET","url":"/v1/me","statusCode":200,"requestId":"5bf3e68b-4188-4a7d-a017-a1058acbb445"}
{"level":"info","time":"2026-07-28T09:48:59.686Z","service":"api","msg":"request.completed","method":"GET","url":"/v1/organizations","statusCode":200,"requestId":"33408384-f127-4a5b-bef4-824cd78713bf"}
{"level":"info","time":"2026-07-28T09:48:59.691Z","service":"api","msg":"request.completed","method":"GET","url":"/v1/properties?organizationId=d215a186-f84d-4c7c-b75a-3189969999c2","statusCode":200,"requestId":"a6bf5745-38dd-464c-a290-66bb9648b9b3"}
{"level":"info","time":"2026-07-28T09:48:59.697Z","service":"api","msg":"request.completed","method":"GET","url":"/v1/admin/properties/3ab87d2a-0c78-4fac-aa15-515a733cc3ae/operations/requests?limit=20&status=all","statusCode":200,"requestId":"158cfef5-66c4-44c3-a1fc-028309a09f73"}
{"level":"info","time":"2026-07-28T09:48:59.728Z","service":"api","msg":"request.completed","method":"GET","url":"/v1/admin/properties/3ab87d2a-0c78-4fac-aa15-515a733cc3ae/operations/requests?limit=20&status=submitted","statusCode":200,"requestId":"6c01c0a6-e9a1-42ec-8ef1-55704658f621"}
{"level":"info","time":"2026-07-28T09:48:59.797Z","service":"api","msg":"request.completed","method":"GET","url":"/v1/admin/properties/3ab87d2a-0c78-4fac-aa15-515a733cc3ae/operations/requests/export?status=submitted&limit=1000","statusCode":200,"requestId":"8ad22493-aca4-4198-9cf7-74b0c5155b74"}
{"level":"info","time":"2026-07-28T09:48:59.834Z","service":"api","msg":"request.completed","method":"GET","url":"/v1/admin/properties/3ab87d2a-0c78-4fac-aa15-515a733cc3ae/operations/requests/export?status=submitted&limit=1000","statusCode":200,"requestId":"6695d3a7-1127-4908-be6c-51f6d0924681"}
{"level":"info","time":"2026-07-28T09:48:59.859Z","service":"api","msg":"request.completed","method":"GET","url":"/v1/me","statusCode":200,"requestId":"9fafe08b-4d8d-4eba-a605-b1a6f94d76d6"}
{"level":"info","time":"2026-07-28T09:48:59.863Z","service":"api","msg":"request.completed","method":"GET","url":"/v1/organizations","statusCode":200,"requestId":"bb49bfdc-74b9-4bad-8ba7-c66b9c784fa3"}
{"level":"info","time":"2026-07-28T09:48:59.875Z","service":"api","msg":"request.completed","method":"GET","url":"/v1/properties?organizationId=d215a186-f84d-4c7c-b75a-3189969999c2","statusCode":200,"requestId":"c28a5633-e48b-495b-9bde-70fb3d792e57"}
{"level":"info","time":"2026-07-28T09:48:59.892Z","service":"api","msg":"request.completed","method":"GET","url":"/v1/admin/organizations/d215a186-f84d-4c7c-b75a-3189969999c2/audit-logs?limit=30","statusCode":200,"requestId":"d969c312-a33c-45d6-a153-258b9ca67bb8"}
{"level":"info","time":"2026-07-28T09:48:59.893Z","service":"api","msg":"request.completed","method":"GET","url":"/v1/admin/organizations/d215a186-f84d-4c7c-b75a-3189969999c2/audit-logs?limit=30&action=operations.export","statusCode":200,"requestId":"67a948f3-951d-4bd6-8efd-a2651693b4cc"}
{"level":"info","time":"2026-07-28T09:48:59.906Z","service":"api","msg":"request.completed","method":"GET","url":"/v1/admin/organizations/d215a186-f84d-4c7c-b75a-3189969999c2/audit-logs?limit=30&action=operations.export&q=3ab87d2a-0c78-4fac-aa15-515a733cc3ae","statusCode":200,"requestId":"cb06a41d-2ad6-492b-b885-1e5953c56eb7"}
{"level":"info","time":"2026-07-28T09:49:00.833Z","service":"api","msg":"request.completed","method":"GET","url":"/v1/me","statusCode":200,"requestId":"54284ea4-924a-4456-a1d6-87b4bbf9da31"}
{"level":"info","time":"2026-07-28T09:49:00.842Z","service":"api","msg":"request.completed","method":"GET","url":"/v1/organizations","statusCode":200,"requestId":"55f9e8d3-dc7b-4bbb-8fc2-c2989139a362"}
{"level":"info","time":"2026-07-28T09:49:00.849Z","service":"api","msg":"request.completed","method":"GET","url":"/v1/properties?organizationId=d215a186-f84d-4c7c-b75a-3189969999c2","statusCode":200,"requestId":"f1fd395d-0e39-47b4-8917-7e8a70be4bc9"}
{"level":"info","time":"2026-07-28T09:49:00.857Z","service":"api","msg":"request.completed","method":"GET","url":"/v1/admin/organizations/d215a186-f84d-4c7c-b75a-3189969999c2/audit-logs?limit=30","statusCode":200,"requestId":"180fe15d-8ce2-4bde-9dee-a75cf9bf95e1"}
{"level":"info","time":"2026-07-28T09:49:01.139Z","service":"api","msg":"request.completed","method":"POST","url":"/v1/auth/login","statusCode":200,"requestId":"49dfb299-cfdd-428f-b706-0a822b6641fc"}
{"level":"info","time":"2026-07-28T09:49:01.196Z","service":"api","msg":"request.completed","method":"GET","url":"/v1/me","statusCode":200,"requestId":"6be64217-f809-47c7-be64-bd06bd160121"}
{"level":"info","time":"2026-07-28T09:49:01.203Z","service":"api","msg":"request.completed","method":"GET","url":"/v1/organizations","statusCode":200,"requestId":"6798022a-8911-4443-8649-7994617d963f"}
{"level":"info","time":"2026-07-28T09:49:01.216Z","service":"api","msg":"request.completed","method":"GET","url":"/v1/admin/organizations/d215a186-f84d-4c7c-b75a-3189969999c2/audit-logs?limit=30","statusCode":403,"requestId":"6c183075-47d5-425f-a40c-eb8da37afbeb"}
{"level":"info","time":"2026-07-28T09:49:01.217Z","service":"api","msg":"request.completed","method":"GET","url":"/v1/properties?organizationId=d215a186-f84d-4c7c-b75a-3189969999c2","statusCode":200,"requestId":"3fa1f95c-a462-4692-aef4-2fd91b16d560"}
{"level":"info","time":"2026-07-28T09:49:01.497Z","service":"api","msg":"request.completed","method":"POST","url":"/v1/auth/login","statusCode":200,"requestId":"1898be42-a600-48fd-aac4-e6e678141c40"}
{"level":"info","time":"2026-07-28T09:49:01.637Z","service":"api","msg":"request.completed","method":"GET","url":"/v1/me","statusCode":200,"requestId":"f39db5c4-fce8-400a-8f1b-d0d0667f4a60"}
{"level":"info","time":"2026-07-28T09:49:01.651Z","service":"api","msg":"request.completed","method":"GET","url":"/v1/organizations","statusCode":200,"requestId":"76f3aa20-0f70-424b-9c03-809fdc2ca936"}
{"level":"info","time":"2026-07-28T09:49:01.668Z","service":"api","msg":"request.completed","method":"GET","url":"/v1/properties?organizationId=d215a186-f84d-4c7c-b75a-3189969999c2","statusCode":200,"requestId":"71c9136e-c5f7-4d09-9170-fb8d03d2613e"}
{"level":"info","time":"2026-07-28T09:49:01.698Z","service":"api","msg":"request.completed","method":"GET","url":"/v1/organizations/d215a186-f84d-4c7c-b75a-3189969999c2/team/members","statusCode":200,"requestId":"f97038d2-94d1-47b2-aab2-89ef6bced089"}
{"level":"info","time":"2026-07-28T09:49:01.779Z","service":"api","msg":"request.completed","method":"OPTIONS","url":"/v1/organizations/d215a186-f84d-4c7c-b75a-3189969999c2/team/members/399cea8c-e5e2-4230-9332-a2ad163f7120","statusCode":204,"requestId":"00363781-aa27-4f18-b4c6-2f773d558ca7"}
{"level":"info","time":"2026-07-28T09:49:01.790Z","service":"api","msg":"request.completed","method":"PATCH","url":"/v1/organizations/d215a186-f84d-4c7c-b75a-3189969999c2/team/members/399cea8c-e5e2-4230-9332-a2ad163f7120","statusCode":400,"requestId":"155e61f6-606b-43c9-8c01-74f7a5f013ab"}
{"level":"info","time":"2026-07-28T09:49:01.854Z","service":"api","msg":"request.completed","method":"OPTIONS","url":"/v1/organizations/d215a186-f84d-4c7c-b75a-3189969999c2/team/members/213cffce-2982-468c-aeea-4ab7890c98df","statusCode":204,"requestId":"5084a9cb-49ed-4428-aed7-4e016bc2e7ba"}
{"level":"info","time":"2026-07-28T09:49:01.910Z","service":"api","msg":"request.completed","method":"PATCH","url":"/v1/organizations/d215a186-f84d-4c7c-b75a-3189969999c2/team/members/213cffce-2982-468c-aeea-4ab7890c98df","statusCode":200,"requestId":"c3ae16b3-892f-405a-9f35-2c187a88f8f2"}
{"level":"info","time":"2026-07-28T09:49:01.936Z","service":"api","msg":"request.completed","method":"GET","url":"/v1/organizations/d215a186-f84d-4c7c-b75a-3189969999c2/team/members","statusCode":200,"requestId":"25d60192-189e-4655-9b1e-560c39b46393"}
{"level":"info","time":"2026-07-28T09:49:02.004Z","service":"api","msg":"request.completed","method":"PATCH","url":"/v1/organizations/d215a186-f84d-4c7c-b75a-3189969999c2/team/members/213cffce-2982-468c-aeea-4ab7890c98df","statusCode":200,"requestId":"e32a1437-0208-440c-8775-a2ab7e27d236"}
{"level":"info","time":"2026-07-28T09:49:02.030Z","service":"api","msg":"request.completed","method":"GET","url":"/v1/organizations/d215a186-f84d-4c7c-b75a-3189969999c2/team/members","statusCode":200,"requestId":"fb2d3d4c-c938-47ea-8ffb-c62b52b29ec6"}
{"level":"info","time":"2026-07-28T09:49:02.823Z","service":"api","msg":"request.completed","method":"GET","url":"/v1/me","statusCode":200,"requestId":"a7a887a4-2813-4661-8e66-a52ef962e02a"}
{"level":"info","time":"2026-07-28T09:49:02.827Z","service":"api","msg":"request.completed","method":"GET","url":"/v1/organizations","statusCode":200,"requestId":"62aeaf15-4b17-4b27-9cda-9e3fe6cb8c83"}
{"level":"info","time":"2026-07-28T09:49:02.836Z","service":"api","msg":"request.completed","method":"GET","url":"/v1/organizations/d215a186-f84d-4c7c-b75a-3189969999c2","statusCode":200,"requestId":"13b1b688-064a-4411-9e09-7c99acbd38a2"}
{"level":"info","time":"2026-07-28T09:49:02.837Z","service":"api","msg":"request.completed","method":"GET","url":"/v1/properties?organizationId=d215a186-f84d-4c7c-b75a-3189969999c2","statusCode":200,"requestId":"2248fae1-5c05-44c9-8c02-12d899aeb03d"}
{"level":"info","time":"2026-07-28T09:49:02.917Z","service":"api","msg":"request.completed","method":"OPTIONS","url":"/v1/organizations/d215a186-f84d-4c7c-b75a-3189969999c2","statusCode":204,"requestId":"1e7696e8-2770-4b2c-84ff-1c95af0877b3"}
{"level":"info","time":"2026-07-28T09:49:02.923Z","service":"api","msg":"request.completed","method":"PATCH","url":"/v1/organizations/d215a186-f84d-4c7c-b75a-3189969999c2","statusCode":200,"requestId":"4a2e42c9-55a8-4dd3-9b1c-4cdc32178933"}
{"level":"info","time":"2026-07-28T09:49:02.970Z","service":"api","msg":"request.completed","method":"GET","url":"/v1/me","statusCode":200,"requestId":"fc5e7f9f-1d7b-42f5-bbf3-60dcfbf2607c"}
{"level":"info","time":"2026-07-28T09:49:02.976Z","service":"api","msg":"request.completed","method":"GET","url":"/v1/organizations","statusCode":200,"requestId":"48fd78ec-9e42-4e31-8a86-71b661d0a677"}
{"level":"info","time":"2026-07-28T09:49:02.983Z","service":"api","msg":"request.completed","method":"GET","url":"/v1/organizations/d215a186-f84d-4c7c-b75a-3189969999c2/security-settings","statusCode":200,"requestId":"d41aa709-4719-4ffa-9d3a-0241f2a609d9"}
{"level":"info","time":"2026-07-28T09:49:02.985Z","service":"api","msg":"request.completed","method":"GET","url":"/v1/properties?organizationId=d215a186-f84d-4c7c-b75a-3189969999c2","statusCode":200,"requestId":"7d7e3481-afc0-4527-b569-b628a1044100"}
{"level":"info","time":"2026-07-28T09:49:03.031Z","service":"api","msg":"request.completed","method":"GET","url":"/v1/me","statusCode":200,"requestId":"a6435c9a-aa82-41e6-be72-bba40388aa52"}
{"level":"info","time":"2026-07-28T09:49:03.033Z","service":"api","msg":"request.completed","method":"GET","url":"/v1/organizations","statusCode":200,"requestId":"940afe70-02ee-4a7f-b0e7-b033bb0fefb4"}
{"level":"info","time":"2026-07-28T09:49:03.320Z","service":"api","msg":"request.completed","method":"POST","url":"/v1/auth/login","statusCode":200,"requestId":"a7fa7888-6a51-4cfd-91f0-0461c94a1cdc"}
{"level":"info","time":"2026-07-28T09:49:03.324Z","service":"api","msg":"request.completed","method":"GET","url":"/v1/properties?organizationId=d215a186-f84d-4c7c-b75a-3189969999c2","statusCode":200,"requestId":"a749c461-91ba-468e-bc48-dd8cc8c61ba5"}
{"level":"info","time":"2026-07-28T09:49:03.329Z","service":"api","msg":"request.completed","method":"POST","url":"/v1/properties/df1e1282-981b-4f9f-a5ee-34dad323efb5/knowledge-sources","statusCode":200,"requestId":"ad27325d-39b3-4df1-90f0-af30d52004cb"}
{"level":"info","time":"2026-07-28T09:49:03.383Z","service":"api","msg":"request.completed","method":"GET","url":"/v1/me","statusCode":200,"requestId":"2657a131-a19b-4aae-a8ea-0b0e9258e57e"}
{"level":"info","time":"2026-07-28T09:49:03.388Z","service":"api","msg":"request.completed","method":"GET","url":"/v1/organizations","statusCode":200,"requestId":"2859099a-f7a7-41d2-b489-05a2fa2ef3b5"}
{"level":"info","time":"2026-07-28T09:49:03.397Z","service":"api","msg":"request.completed","method":"GET","url":"/v1/me","statusCode":200,"requestId":"d7c52493-7fe7-432a-ba24-24c2e2d3b13a"}
{"level":"info","time":"2026-07-28T09:49:03.398Z","service":"api","msg":"request.completed","method":"GET","url":"/v1/properties?organizationId=d215a186-f84d-4c7c-b75a-3189969999c2","statusCode":200,"requestId":"f06c432d-d452-43a1-97ab-5e7945dfcc63"}
{"level":"info","time":"2026-07-28T09:49:03.405Z","service":"api","msg":"request.completed","method":"GET","url":"/v1/properties/df1e1282-981b-4f9f-a5ee-34dad323efb5/knowledge-sources","statusCode":200,"requestId":"b502aa2e-24e2-437a-9dea-b414c496c62f"}
{"level":"info","time":"2026-07-28T09:49:03.448Z","service":"api","msg":"request.completed","method":"OPTIONS","url":"/v1/properties/df1e1282-981b-4f9f-a5ee-34dad323efb5/knowledge-sources/6d04f695-ea16-4903-8866-189f26ed96f6","statusCode":204,"requestId":"7643204a-b4ea-4434-906f-1f42ecfa9849"}
{"level":"info","time":"2026-07-28T09:49:03.458Z","service":"api","msg":"request.completed","method":"DELETE","url":"/v1/properties/df1e1282-981b-4f9f-a5ee-34dad323efb5/knowledge-sources/6d04f695-ea16-4903-8866-189f26ed96f6","statusCode":200,"requestId":"56fd6cb9-4e86-4ed1-8ddd-e32e4dc833b8"}
{"level":"info","time":"2026-07-28T09:49:03.478Z","service":"api","msg":"request.completed","method":"GET","url":"/v1/properties/df1e1282-981b-4f9f-a5ee-34dad323efb5/knowledge-sources","statusCode":200,"requestId":"7cf52f71-d252-4aa6-815b-569f3d49f559"}
{"level":"info","time":"2026-07-28T09:49:03.740Z","service":"api","msg":"request.completed","method":"POST","url":"/v1/auth/login","statusCode":200,"requestId":"24409a26-df97-4c99-ba58-c8097f4fc2fb"}
{"level":"info","time":"2026-07-28T09:49:03.792Z","service":"api","msg":"request.completed","method":"GET","url":"/v1/me","statusCode":200,"requestId":"e89338e0-4520-4012-a41f-0dfbc7de178d"}
{"level":"info","time":"2026-07-28T09:49:03.797Z","service":"api","msg":"request.completed","method":"GET","url":"/v1/organizations","statusCode":200,"requestId":"c9605565-bea6-40c9-af86-160727f77500"}
{"level":"info","time":"2026-07-28T09:49:03.807Z","service":"api","msg":"request.completed","method":"GET","url":"/v1/organizations/d215a186-f84d-4c7c-b75a-3189969999c2/team/members","statusCode":403,"requestId":"ba93976e-812f-449f-907c-30922c47183c"}
{"level":"info","time":"2026-07-28T09:49:03.808Z","service":"api","msg":"request.completed","method":"GET","url":"/v1/properties?organizationId=d215a186-f84d-4c7c-b75a-3189969999c2","statusCode":200,"requestId":"2b28309b-0e89-41f2-909c-bb3441338f64"}
{"level":"info","time":"2026-07-28T09:49:04.073Z","service":"api","msg":"request.completed","method":"POST","url":"/v1/auth/login","statusCode":200,"requestId":"503b1678-a94f-4b3d-9613-3848e389c623"}
{"level":"info","time":"2026-07-28T09:49:04.076Z","service":"api","msg":"request.completed","method":"GET","url":"/v1/properties?organizationId=d215a186-f84d-4c7c-b75a-3189969999c2","statusCode":200,"requestId":"a690d246-731d-44a6-89c9-8a3c629f2e13"}
{"level":"info","time":"2026-07-28T09:49:04.079Z","service":"api","msg":"request.completed","method":"GET","url":"/v1/properties/3ab87d2a-0c78-4fac-aa15-515a733cc3ae/locations","statusCode":200,"requestId":"17ea47c2-3e30-44b1-b868-ebc3260b84d7"}
{"level":"info","time":"2026-07-28T09:49:04.085Z","service":"api","msg":"request.completed","method":"POST","url":"/v1/properties/3ab87d2a-0c78-4fac-aa15-515a733cc3ae/qr-codes","statusCode":200,"requestId":"de5aba38-e233-47f5-918c-bdbcecd35cfb"}
{"level":"info","time":"2026-07-28T09:49:04.090Z","service":"api","msg":"request.completed","method":"POST","url":"/v1/guest/sessions","statusCode":200,"requestId":"062ed787-ac29-443b-a379-d640812e8d61"}
{"level":"info","time":"2026-07-28T09:49:04.093Z","service":"api","msg":"request.completed","method":"POST","url":"/v1/guest/conversations","statusCode":200,"requestId":"5f23d66b-13b7-4084-a0f3-5edb300f94b3"}
{"level":"info","time":"2026-07-28T09:49:04.101Z","service":"api","msg":"request.completed","method":"POST","url":"/v1/guest/conversations/eeaee7fd-69cc-4aba-b33c-be45121222d1/messages","statusCode":200,"requestId":"5ad3bc08-55d4-4db6-a9aa-b8bedfb5139f"}
{"level":"info","time":"2026-07-28T09:49:04.105Z","service":"api","msg":"request.completed","method":"POST","url":"/v1/guest/request-drafts","statusCode":200,"requestId":"329eaa70-fe59-4a05-ae4a-94f570b0407a"}
{"level":"info","time":"2026-07-28T09:49:04.112Z","service":"api","msg":"request.completed","method":"POST","url":"/v1/guest/request-drafts/f7575b02-a136-4a49-afb4-7325d9c27463/confirm","statusCode":200,"requestId":"811d0d2f-4750-4de0-adfe-7100a86d2003"}
{"level":"info","time":"2026-07-28T09:49:04.116Z","service":"api","msg":"request.completed","method":"POST","url":"/v1/guest/order-drafts","statusCode":200,"requestId":"25968ef7-8ea3-486a-a0d5-e78e5cbe7590"}
{"level":"info","time":"2026-07-28T09:49:04.124Z","service":"api","msg":"request.completed","method":"POST","url":"/v1/guest/order-drafts/3cc9d288-ec90-4ea5-a87f-f3baa0aa430f/confirm","statusCode":200,"requestId":"962f28eb-1702-4f60-8298-2bf0e1b9c587"}
{"level":"info","time":"2026-07-28T09:49:04.360Z","service":"api","msg":"request.completed","method":"POST","url":"/v1/auth/login","statusCode":200,"requestId":"d2c83e5e-e2b8-4241-952c-593a05931c74"}
{"level":"info","time":"2026-07-28T09:49:04.464Z","service":"api","msg":"request.completed","method":"GET","url":"/v1/me","statusCode":200,"requestId":"dd22a950-7ca8-4399-9e2d-54419462b969"}
{"level":"info","time":"2026-07-28T09:49:04.473Z","service":"api","msg":"request.completed","method":"GET","url":"/v1/organizations","statusCode":200,"requestId":"88ecff21-625d-4f4e-b01d-e502550dcbfa"}
{"level":"info","time":"2026-07-28T09:49:04.492Z","service":"api","msg":"request.completed","method":"GET","url":"/v1/properties?organizationId=d215a186-f84d-4c7c-b75a-3189969999c2","statusCode":200,"requestId":"6ad3d32c-fbd0-4e5a-bad1-3d0d01e30482"}
{"level":"info","time":"2026-07-28T09:49:04.496Z","service":"api","msg":"request.completed","method":"GET","url":"/v1/admin/properties/3ab87d2a-0c78-4fac-aa15-515a733cc3ae/operations/requests?limit=20&status=all","statusCode":200,"requestId":"75ebbf0a-dbc2-40f1-b8b8-2a6324f162e0"}
{"level":"info","time":"2026-07-28T09:49:04.502Z","service":"api","msg":"request.completed","method":"GET","url":"/v1/admin/properties/3ab87d2a-0c78-4fac-aa15-515a733cc3ae/operations/requests?limit=20&status=submitted","statusCode":200,"requestId":"0d4e8166-e2bb-4e7b-822c-69984919f375"}
{"level":"info","time":"2026-07-28T09:49:04.560Z","service":"api","msg":"request.completed","method":"GET","url":"/v1/me","statusCode":200,"requestId":"fc4aa85b-49b9-4928-a796-d832fc3811ae"}
{"level":"info","time":"2026-07-28T09:49:04.567Z","service":"api","msg":"request.completed","method":"GET","url":"/v1/organizations","statusCode":200,"requestId":"7ac51bd5-dac7-4b01-b8e6-c08419ef3215"}
{"level":"info","time":"2026-07-28T09:49:04.571Z","service":"api","msg":"request.completed","method":"GET","url":"/v1/admin/properties/3ab87d2a-0c78-4fac-aa15-515a733cc3ae/operations/requests/4d882359-0f53-45c8-8c57-4895845e81c1","statusCode":200,"requestId":"a979f46b-62a1-468b-92d5-9df2f3bc3a18"}
{"level":"info","time":"2026-07-28T09:49:04.572Z","service":"api","msg":"request.completed","method":"GET","url":"/v1/admin/properties/3ab87d2a-0c78-4fac-aa15-515a733cc3ae/operations/requests?limit=20&status=all","statusCode":200,"requestId":"a86be474-1e5c-42b3-9f95-a0e744ce92e5"}
{"level":"info","time":"2026-07-28T09:49:04.725Z","service":"api","msg":"request.completed","method":"GET","url":"/v1/properties?organizationId=d215a186-f84d-4c7c-b75a-3189969999c2","statusCode":200,"requestId":"e927fbea-61b2-4a9c-aa40-9d026e179da7"}
{"level":"info","time":"2026-07-28T09:49:05.746Z","service":"api","msg":"request.completed","method":"GET","url":"/v1/me","statusCode":200,"requestId":"c38e0bcd-9aa3-4038-b5cc-cf86b8567b2b"}
{"level":"info","time":"2026-07-28T09:49:05.753Z","service":"api","msg":"request.completed","method":"GET","url":"/v1/organizations","statusCode":200,"requestId":"2dd1de03-142d-4a1a-b447-8af56c342c8d"}
{"level":"info","time":"2026-07-28T09:49:05.771Z","service":"api","msg":"request.completed","method":"GET","url":"/v1/properties?organizationId=d215a186-f84d-4c7c-b75a-3189969999c2","statusCode":200,"requestId":"e7751f37-edf4-4ae2-a405-3d6e81f00add"}
{"level":"info","time":"2026-07-28T09:49:05.775Z","service":"api","msg":"request.completed","method":"GET","url":"/v1/admin/properties/3ab87d2a-0c78-4fac-aa15-515a733cc3ae/operations/orders?limit=20&status=all","statusCode":200,"requestId":"238fe90d-450f-4e7d-aacf-9f2119dd774e"}
{"level":"info","time":"2026-07-28T09:49:05.779Z","service":"api","msg":"request.completed","method":"GET","url":"/v1/admin/properties/3ab87d2a-0c78-4fac-aa15-515a733cc3ae/operations/orders/8faaf5f2-3d65-48b3-bf80-0f255640d5cb","statusCode":200,"requestId":"bda85da3-fd39-4019-a8a7-b4d90ce41b83"}
{"level":"info","time":"2026-07-28T09:49:06.182Z","service":"api","msg":"request.completed","method":"POST","url":"/v1/auth/login","statusCode":200,"requestId":"ce4aa104-40ed-43da-b932-46b78987e61f"}
{"level":"info","time":"2026-07-28T09:49:06.186Z","service":"api","msg":"request.completed","method":"GET","url":"/v1/properties?organizationId=d215a186-f84d-4c7c-b75a-3189969999c2","statusCode":200,"requestId":"0f30e2ae-4a2f-4097-be2c-2dd29a81a69f"}
{"level":"info","time":"2026-07-28T09:49:06.192Z","service":"api","msg":"request.completed","method":"GET","url":"/v1/properties/3ab87d2a-0c78-4fac-aa15-515a733cc3ae/locations","statusCode":200,"requestId":"b3b581cf-5a19-49ee-9bb5-e12394dd9fd5"}
{"level":"info","time":"2026-07-28T09:49:06.198Z","service":"api","msg":"request.completed","method":"POST","url":"/v1/properties/3ab87d2a-0c78-4fac-aa15-515a733cc3ae/qr-codes","statusCode":200,"requestId":"251dfa94-1ae2-420a-8aee-857b8b51adef"}
{"level":"info","time":"2026-07-28T09:49:06.204Z","service":"api","msg":"request.completed","method":"POST","url":"/v1/guest/sessions","statusCode":200,"requestId":"25f02e2c-928c-4828-a58a-4af45dbee44e"}
{"level":"info","time":"2026-07-28T09:49:06.208Z","service":"api","msg":"request.completed","method":"POST","url":"/v1/guest/conversations","statusCode":200,"requestId":"18824580-751f-4eb6-beae-dd31c4a4525e"}
{"level":"info","time":"2026-07-28T09:49:06.215Z","service":"api","msg":"request.completed","method":"POST","url":"/v1/guest/conversations/1138feb9-1434-4843-befc-6ffbba176569/messages","statusCode":200,"requestId":"c0f15840-f32f-4def-8714-b49d7eaf0f93"}
{"level":"info","time":"2026-07-28T09:49:06.218Z","service":"api","msg":"request.completed","method":"POST","url":"/v1/guest/request-drafts","statusCode":200,"requestId":"efccb995-da8e-4ef9-9153-fed1e7d5ca61"}
{"level":"info","time":"2026-07-28T09:49:06.226Z","service":"api","msg":"request.completed","method":"POST","url":"/v1/guest/request-drafts/194f4f27-9de2-4006-9c9a-0556bd6a4444/confirm","statusCode":200,"requestId":"8c447e0a-eaf8-463a-995c-38e0d9a618dc"}
{"level":"info","time":"2026-07-28T09:49:06.234Z","service":"api","msg":"request.completed","method":"POST","url":"/v1/guest/conversations/1138feb9-1434-4843-befc-6ffbba176569/messages","statusCode":200,"requestId":"bc640893-46cd-4d17-aa94-691c8caa2b72"}
{"level":"info","time":"2026-07-28T09:49:06.239Z","service":"api","msg":"request.completed","method":"POST","url":"/v1/guest/request-drafts","statusCode":200,"requestId":"97a6a81f-918d-4bf4-bcea-f7247842e617"}
{"level":"info","time":"2026-07-28T09:49:06.244Z","service":"api","msg":"request.completed","method":"POST","url":"/v1/guest/request-drafts/d170c94c-0533-49c0-b428-1f56eb657d50/confirm","statusCode":200,"requestId":"2ba3d269-6a03-401e-8896-cfc1b3f54bac"}
{"level":"info","time":"2026-07-28T09:49:06.250Z","service":"api","msg":"request.completed","method":"POST","url":"/v1/guest/conversations/1138feb9-1434-4843-befc-6ffbba176569/messages","statusCode":200,"requestId":"6604143c-feb4-4126-8197-ffc6dda5db20"}
{"level":"info","time":"2026-07-28T09:49:06.254Z","service":"api","msg":"request.completed","method":"POST","url":"/v1/guest/request-drafts","statusCode":200,"requestId":"c06974a0-a3bd-4344-b22c-7139c58d6aed"}
{"level":"info","time":"2026-07-28T09:49:06.260Z","service":"api","msg":"request.completed","method":"POST","url":"/v1/guest/request-drafts/501aaa51-00aa-473d-b39d-5b3132e31cf5/confirm","statusCode":200,"requestId":"58d4d3fe-40fd-4f51-978c-262f02fb4522"}
{"level":"info","time":"2026-07-28T09:49:06.268Z","service":"api","msg":"request.completed","method":"POST","url":"/v1/guest/conversations/1138feb9-1434-4843-befc-6ffbba176569/messages","statusCode":200,"requestId":"bdc8dfdb-d3a7-4cc6-a3bb-aef19d703b3c"}
{"level":"info","time":"2026-07-28T09:49:06.271Z","service":"api","msg":"request.completed","method":"POST","url":"/v1/guest/request-drafts","statusCode":200,"requestId":"d0c36b49-8e87-4502-9c18-1f4f64843601"}
{"level":"info","time":"2026-07-28T09:49:06.278Z","service":"api","msg":"request.completed","method":"POST","url":"/v1/guest/request-drafts/ca6c7261-7fe3-4d3b-b963-14435c5823a7/confirm","statusCode":200,"requestId":"39cc6373-7c09-4193-8198-1770cacbd356"}
{"level":"info","time":"2026-07-28T09:49:06.285Z","service":"api","msg":"request.completed","method":"POST","url":"/v1/guest/conversations/1138feb9-1434-4843-befc-6ffbba176569/messages","statusCode":200,"requestId":"1b926355-14ce-4cca-b474-b925cb6a1937"}
{"level":"info","time":"2026-07-28T09:49:06.290Z","service":"api","msg":"request.completed","method":"POST","url":"/v1/guest/request-drafts","statusCode":200,"requestId":"5de4e2bf-9a3b-45c5-9219-bae56996d974"}
{"level":"info","time":"2026-07-28T09:49:06.299Z","service":"api","msg":"request.completed","method":"POST","url":"/v1/guest/request-drafts/4a14d274-1805-42c8-9629-1030bd6818a9/confirm","statusCode":200,"requestId":"0904a9a7-3a15-4441-9d6f-5ae6bfc42a85"}
{"level":"info","time":"2026-07-28T09:49:06.303Z","service":"api","msg":"request.completed","method":"POST","url":"/v1/guest/conversations/1138feb9-1434-4843-befc-6ffbba176569/messages","statusCode":200,"requestId":"95bca690-dd4e-44f1-abed-80b604646459"}
{"level":"info","time":"2026-07-28T09:49:06.308Z","service":"api","msg":"request.completed","method":"POST","url":"/v1/guest/request-drafts","statusCode":200,"requestId":"551fd382-c2a4-4ebf-817a-e14cb0969c1c"}
{"level":"info","time":"2026-07-28T09:49:06.315Z","service":"api","msg":"request.completed","method":"POST","url":"/v1/guest/request-drafts/617c8d91-7bbf-4817-b48a-2abf3ee263fc/confirm","statusCode":200,"requestId":"44450e13-5935-4f4e-9fd3-d8c528706af7"}
{"level":"info","time":"2026-07-28T09:49:06.322Z","service":"api","msg":"request.completed","method":"POST","url":"/v1/guest/conversations/1138feb9-1434-4843-befc-6ffbba176569/messages","statusCode":200,"requestId":"923158e2-5b23-4a76-b397-3de24edf9ea0"}
{"level":"info","time":"2026-07-28T09:49:06.326Z","service":"api","msg":"request.completed","method":"POST","url":"/v1/guest/request-drafts","statusCode":200,"requestId":"b74daeec-0535-464e-872c-9530a6461cdb"}
{"level":"info","time":"2026-07-28T09:49:06.332Z","service":"api","msg":"request.completed","method":"POST","url":"/v1/guest/request-drafts/19d98bcb-1171-4c44-a325-012c9c19a7b4/confirm","statusCode":200,"requestId":"3f802453-70b9-4c90-b1a3-f1fd12fe77a5"}
{"level":"info","time":"2026-07-28T09:49:06.338Z","service":"api","msg":"request.completed","method":"POST","url":"/v1/guest/conversations/1138feb9-1434-4843-befc-6ffbba176569/messages","statusCode":200,"requestId":"8676b363-cc46-4e61-8033-7bd2a054b185"}
{"level":"info","time":"2026-07-28T09:49:06.341Z","service":"api","msg":"request.completed","method":"POST","url":"/v1/guest/request-drafts","statusCode":200,"requestId":"351b4cb1-6143-42de-85ee-460088f048d6"}
{"level":"info","time":"2026-07-28T09:49:06.348Z","service":"api","msg":"request.completed","method":"POST","url":"/v1/guest/request-drafts/c1d2ff45-2d8d-4d4e-a095-50761ffc1cf9/confirm","statusCode":200,"requestId":"8c276a11-f937-42bc-94c8-796583d8a678"}
{"level":"info","time":"2026-07-28T09:49:06.355Z","service":"api","msg":"request.completed","method":"POST","url":"/v1/guest/conversations/1138feb9-1434-4843-befc-6ffbba176569/messages","statusCode":200,"requestId":"808a9c2e-756a-4204-acb9-bda9d5a9a054"}
{"level":"info","time":"2026-07-28T09:49:06.359Z","service":"api","msg":"request.completed","method":"POST","url":"/v1/guest/request-drafts","statusCode":200,"requestId":"2756fae2-f8cc-436d-91aa-3f8d47cd78a4"}
{"level":"info","time":"2026-07-28T09:49:06.366Z","service":"api","msg":"request.completed","method":"POST","url":"/v1/guest/request-drafts/6e13760e-2809-40a3-bbd2-303c8edd703c/confirm","statusCode":200,"requestId":"23cbffe3-3b40-4ec0-a93c-bc603384e488"}
{"level":"info","time":"2026-07-28T09:49:06.371Z","service":"api","msg":"request.completed","method":"POST","url":"/v1/guest/conversations/1138feb9-1434-4843-befc-6ffbba176569/messages","statusCode":200,"requestId":"f24976a3-7331-481e-95b7-9929569a2e17"}
{"level":"info","time":"2026-07-28T09:49:06.376Z","service":"api","msg":"request.completed","method":"POST","url":"/v1/guest/request-drafts","statusCode":200,"requestId":"1a4f8fb2-3515-4e92-8b3a-d368516ebed9"}
{"level":"info","time":"2026-07-28T09:49:06.411Z","service":"api","msg":"request.completed","method":"POST","url":"/v1/guest/request-drafts/aabbf91a-8abb-4c65-91ad-862d0bb864e2/confirm","statusCode":200,"requestId":"0dd53885-bcbe-444f-9633-7c44b0ccf6bb"}
{"level":"info","time":"2026-07-28T09:49:06.416Z","service":"api","msg":"request.completed","method":"POST","url":"/v1/guest/conversations/1138feb9-1434-4843-befc-6ffbba176569/messages","statusCode":200,"requestId":"ceb9bb3e-dafe-41e4-a6cb-65349ef9ab8f"}
{"level":"info","time":"2026-07-28T09:49:06.419Z","service":"api","msg":"request.completed","method":"POST","url":"/v1/guest/request-drafts","statusCode":200,"requestId":"3ea8f8d5-f348-4af1-8421-2530046fa22b"}
{"level":"info","time":"2026-07-28T09:49:06.425Z","service":"api","msg":"request.completed","method":"POST","url":"/v1/guest/request-drafts/5a127125-4782-4375-8b40-0ca987d11cc6/confirm","statusCode":200,"requestId":"470b4fea-9ccd-4cb7-9680-3421b8984e58"}
{"level":"info","time":"2026-07-28T09:49:06.431Z","service":"api","msg":"request.completed","method":"POST","url":"/v1/guest/conversations/1138feb9-1434-4843-befc-6ffbba176569/messages","statusCode":200,"requestId":"26e9e1ff-7c3c-4090-b55a-e2560cb1446d"}
{"level":"info","time":"2026-07-28T09:49:06.434Z","service":"api","msg":"request.completed","method":"POST","url":"/v1/guest/request-drafts","statusCode":200,"requestId":"051eee0a-051f-4ddf-8da5-2e184bd5ee7a"}
{"level":"info","time":"2026-07-28T09:49:06.443Z","service":"api","msg":"request.completed","method":"POST","url":"/v1/guest/request-drafts/a9d534d9-62e4-4c73-ad94-acc11a3b993f/confirm","statusCode":200,"requestId":"27576196-6825-4020-b40a-a21cbd11ed51"}
{"level":"info","time":"2026-07-28T09:49:06.448Z","service":"api","msg":"request.completed","method":"POST","url":"/v1/guest/conversations/1138feb9-1434-4843-befc-6ffbba176569/messages","statusCode":200,"requestId":"ed448608-ebd6-4f55-a6d6-254a31a1138a"}
{"level":"info","time":"2026-07-28T09:49:06.453Z","service":"api","msg":"request.completed","method":"POST","url":"/v1/guest/request-drafts","statusCode":200,"requestId":"87727a9a-61dd-4af1-99ee-f1dd1b8c45ee"}
{"level":"info","time":"2026-07-28T09:49:06.461Z","service":"api","msg":"request.completed","method":"POST","url":"/v1/guest/request-drafts/f3db3975-dc8e-4812-9139-95a2181e274c/confirm","statusCode":200,"requestId":"9a8d8acc-4713-4102-ada5-b2a466843aa2"}
{"level":"info","time":"2026-07-28T09:49:06.468Z","service":"api","msg":"request.completed","method":"POST","url":"/v1/guest/conversations/1138feb9-1434-4843-befc-6ffbba176569/messages","statusCode":200,"requestId":"11562adb-b3d7-4f2a-871a-c08b79d1eff9"}
{"level":"info","time":"2026-07-28T09:49:06.473Z","service":"api","msg":"request.completed","method":"POST","url":"/v1/guest/request-drafts","statusCode":200,"requestId":"aae83c8b-a62f-41c3-ba78-2f1402314f7d"}
{"level":"info","time":"2026-07-28T09:49:06.479Z","service":"api","msg":"request.completed","method":"POST","url":"/v1/guest/request-drafts/9e74364c-f8ec-40ec-b7b1-70e7f3b2e7c5/confirm","statusCode":200,"requestId":"4f33bdd4-0bae-4e97-ac34-8f00b8f4c5bc"}
{"level":"info","time":"2026-07-28T09:49:06.483Z","service":"api","msg":"request.completed","method":"POST","url":"/v1/guest/conversations/1138feb9-1434-4843-befc-6ffbba176569/messages","statusCode":200,"requestId":"ffb3f49c-5f60-45c1-be13-522b873f569c"}
{"level":"info","time":"2026-07-28T09:49:06.485Z","service":"api","msg":"request.completed","method":"POST","url":"/v1/guest/request-drafts","statusCode":200,"requestId":"9d845e42-2714-4923-857f-f9b84196e141"}
{"level":"info","time":"2026-07-28T09:49:06.490Z","service":"api","msg":"request.completed","method":"POST","url":"/v1/guest/request-drafts/1e4ba35f-8da6-4274-952f-f82e20331148/confirm","statusCode":200,"requestId":"2350f1f4-3aa6-4a01-beaf-cbb84aad1f34"}
{"level":"info","time":"2026-07-28T09:49:06.494Z","service":"api","msg":"request.completed","method":"POST","url":"/v1/guest/conversations/1138feb9-1434-4843-befc-6ffbba176569/messages","statusCode":200,"requestId":"640a9cf6-9add-4fbe-8d8c-3cca46ba9351"}
{"level":"info","time":"2026-07-28T09:49:06.497Z","service":"api","msg":"request.completed","method":"POST","url":"/v1/guest/request-drafts","statusCode":200,"requestId":"a927c129-ad71-427f-964c-cceddcb555ba"}
{"level":"info","time":"2026-07-28T09:49:06.501Z","service":"api","msg":"request.completed","method":"POST","url":"/v1/guest/request-drafts/8aa632aa-cdfc-49db-a9b6-b33586c14844/confirm","statusCode":200,"requestId":"f58a06c4-5b5a-436d-abc0-f9e9b0a8ba2a"}
{"level":"info","time":"2026-07-28T09:49:06.507Z","service":"api","msg":"request.completed","method":"POST","url":"/v1/guest/conversations/1138feb9-1434-4843-befc-6ffbba176569/messages","statusCode":200,"requestId":"1d1b34bb-3f58-4069-bcfd-2c443939a526"}
{"level":"info","time":"2026-07-28T09:49:06.509Z","service":"api","msg":"request.completed","method":"POST","url":"/v1/guest/request-drafts","statusCode":200,"requestId":"f9c2c529-4567-4706-87dd-f2c1104b0b97"}
{"level":"info","time":"2026-07-28T09:49:06.514Z","service":"api","msg":"request.completed","method":"POST","url":"/v1/guest/request-drafts/7dd29b20-a77e-4873-9e73-2431a8a00fea/confirm","statusCode":200,"requestId":"06c813c2-b4e2-441a-a0d0-c8f34d0ea1dc"}
{"level":"info","time":"2026-07-28T09:49:06.518Z","service":"api","msg":"request.completed","method":"POST","url":"/v1/guest/conversations/1138feb9-1434-4843-befc-6ffbba176569/messages","statusCode":200,"requestId":"205414ea-ae99-4676-bc7e-043cb5bfe4fa"}
{"level":"info","time":"2026-07-28T09:49:06.520Z","service":"api","msg":"request.completed","method":"POST","url":"/v1/guest/request-drafts","statusCode":200,"requestId":"f78ae71b-c635-494c-8ee7-cdfd94fa7b45"}
{"level":"info","time":"2026-07-28T09:49:06.526Z","service":"api","msg":"request.completed","method":"POST","url":"/v1/guest/request-drafts/ad493158-1c5a-46aa-bfb3-eaa578af4c98/confirm","statusCode":200,"requestId":"f4a541c8-83b3-4f58-96ad-419873a8e34a"}
{"level":"info","time":"2026-07-28T09:49:06.529Z","service":"api","msg":"request.completed","method":"POST","url":"/v1/guest/conversations/1138feb9-1434-4843-befc-6ffbba176569/messages","statusCode":200,"requestId":"d485428a-c68f-4524-8c39-c234f290141b"}
{"level":"info","time":"2026-07-28T09:49:06.532Z","service":"api","msg":"request.completed","method":"POST","url":"/v1/guest/request-drafts","statusCode":200,"requestId":"ed4a586d-4c92-4a3f-9eab-006917696df0"}
{"level":"info","time":"2026-07-28T09:49:06.536Z","service":"api","msg":"request.completed","method":"POST","url":"/v1/guest/request-drafts/44746ca5-0ffb-4b27-b6b3-bdf085fe2a1c/confirm","statusCode":200,"requestId":"8073b6c8-939b-467d-9d1f-52c6e91d4530"}
{"level":"info","time":"2026-07-28T09:49:06.540Z","service":"api","msg":"request.completed","method":"POST","url":"/v1/guest/conversations/1138feb9-1434-4843-befc-6ffbba176569/messages","statusCode":200,"requestId":"ade8bb52-e414-465d-8909-17e75e09770d"}
{"level":"info","time":"2026-07-28T09:49:06.542Z","service":"api","msg":"request.completed","method":"POST","url":"/v1/guest/request-drafts","statusCode":200,"requestId":"44ec0d35-1886-4569-9b5f-cc201206ca49"}
{"level":"info","time":"2026-07-28T09:49:06.547Z","service":"api","msg":"request.completed","method":"POST","url":"/v1/guest/request-drafts/decbb411-d402-46c1-a65c-748c50f41ae7/confirm","statusCode":200,"requestId":"24c34c1b-64fa-43cd-9b95-492d6ad58f5f"}
{"level":"info","time":"2026-07-28T09:49:06.551Z","service":"api","msg":"request.completed","method":"POST","url":"/v1/guest/conversations/1138feb9-1434-4843-befc-6ffbba176569/messages","statusCode":200,"requestId":"fbc39154-8656-4e11-b126-5e1f9512a10f"}
{"level":"info","time":"2026-07-28T09:49:06.554Z","service":"api","msg":"request.completed","method":"POST","url":"/v1/guest/request-drafts","statusCode":200,"requestId":"a9726e43-91d6-4af1-adac-3cf0483ee437"}
{"level":"info","time":"2026-07-28T09:49:06.559Z","service":"api","msg":"request.completed","method":"POST","url":"/v1/guest/request-drafts/3f58bddb-caf6-4acb-a35c-810c91434a19/confirm","statusCode":200,"requestId":"3ef89c28-ca11-4c60-89cc-aed207c084c5"}
{"level":"info","time":"2026-07-28T09:49:06.807Z","service":"api","msg":"request.completed","method":"POST","url":"/v1/auth/login","statusCode":200,"requestId":"3acd6f36-cdf8-442a-87c4-d66a7c70f931"}
{"level":"info","time":"2026-07-28T09:49:06.866Z","service":"api","msg":"request.completed","method":"GET","url":"/v1/me","statusCode":200,"requestId":"9600d878-2cc0-4c14-a1af-a0c0b6097576"}
{"level":"info","time":"2026-07-28T09:49:06.871Z","service":"api","msg":"request.completed","method":"GET","url":"/v1/organizations","statusCode":200,"requestId":"6cd61c3d-c59c-49d3-a015-451d96c7ac06"}
{"level":"info","time":"2026-07-28T09:49:06.883Z","service":"api","msg":"request.completed","method":"GET","url":"/v1/properties?organizationId=d215a186-f84d-4c7c-b75a-3189969999c2","statusCode":200,"requestId":"fa21239b-6190-4bb3-bc91-2dba4e4b54d2"}
{"level":"info","time":"2026-07-28T09:49:06.886Z","service":"api","msg":"request.completed","method":"GET","url":"/v1/admin/properties/3ab87d2a-0c78-4fac-aa15-515a733cc3ae/operations/requests?limit=20&status=all","statusCode":200,"requestId":"b225b861-029b-48ba-befe-b71b0e9be1b8"}
{"level":"info","time":"2026-07-28T09:49:06.907Z","service":"api","msg":"request.completed","method":"GET","url":"/v1/admin/properties/3ab87d2a-0c78-4fac-aa15-515a733cc3ae/operations/requests?limit=20&status=submitted","statusCode":200,"requestId":"34f2d24e-69c7-48d3-9a66-a33884e600e6"}
{"level":"info","time":"2026-07-28T09:49:06.932Z","service":"api","msg":"request.completed","method":"GET","url":"/v1/admin/properties/3ab87d2a-0c78-4fac-aa15-515a733cc3ae/operations/requests?limit=20&status=submitted&cursor=eyJzdWJtaXR0ZWRBdCI6IjIwMjYtMDctMjhUMDk6NDk6MDYuMjQyWiIsImlkIjoiOGQ3ZjZlOTAtYzA1Zi00N2NhLWIyZjktNDUyMDIxYjU5MDkyIn0","statusCode":200,"requestId":"a2bf6742-f7ff-40f1-803b-797f11f858d7"}
{"level":"info","time":"2026-07-28T09:49:07.219Z","service":"api","msg":"request.completed","method":"POST","url":"/v1/auth/login","statusCode":200,"requestId":"e5f58c01-0a3e-4e34-888f-5182d88a7633"}
{"level":"info","time":"2026-07-28T09:49:07.223Z","service":"api","msg":"request.completed","method":"GET","url":"/v1/properties?organizationId=d215a186-f84d-4c7c-b75a-3189969999c2","statusCode":200,"requestId":"960ca95c-ec14-4dd6-846e-a8e084ab0adc"}
{"level":"info","time":"2026-07-28T09:49:07.227Z","service":"api","msg":"request.completed","method":"GET","url":"/v1/properties/3ab87d2a-0c78-4fac-aa15-515a733cc3ae/locations","statusCode":200,"requestId":"9235587a-d8cc-491a-b2d9-4b024a056805"}
{"level":"info","time":"2026-07-28T09:49:07.232Z","service":"api","msg":"request.completed","method":"POST","url":"/v1/properties/3ab87d2a-0c78-4fac-aa15-515a733cc3ae/qr-codes","statusCode":200,"requestId":"6e1f41a4-34ec-469e-9c90-b476c408add7"}
{"level":"info","time":"2026-07-28T09:49:07.237Z","service":"api","msg":"request.completed","method":"POST","url":"/v1/guest/sessions","statusCode":200,"requestId":"8e762b8c-599e-4c8a-affc-a5655589f67e"}
{"level":"info","time":"2026-07-28T09:49:07.241Z","service":"api","msg":"request.completed","method":"POST","url":"/v1/guest/conversations","statusCode":200,"requestId":"f29af7e8-939d-423c-a9cc-ecd6cae005af"}
{"level":"info","time":"2026-07-28T09:49:07.469Z","service":"api","msg":"request.completed","method":"POST","url":"/v1/auth/login","statusCode":200,"requestId":"abd8cf96-47d4-4d48-965f-ee12565a6846"}
{"level":"info","time":"2026-07-28T09:49:07.526Z","service":"api","msg":"request.completed","method":"GET","url":"/v1/me","statusCode":200,"requestId":"03b3182f-9914-4193-b145-43a8311eb002"}
{"level":"info","time":"2026-07-28T09:49:07.534Z","service":"api","msg":"request.completed","method":"GET","url":"/v1/organizations","statusCode":200,"requestId":"a708cbf1-6482-4554-80ff-250d159597e9"}
{"level":"info","time":"2026-07-28T09:49:07.550Z","service":"api","msg":"request.completed","method":"GET","url":"/v1/admin/properties/3ab87d2a-0c78-4fac-aa15-515a733cc3ae/operations/requests?limit=20&status=all","statusCode":403,"requestId":"1bceca0d-dd23-4f54-87d4-049d1447b671"}
{"level":"info","time":"2026-07-28T09:49:07.552Z","service":"api","msg":"request.completed","method":"GET","url":"/v1/properties?organizationId=d215a186-f84d-4c7c-b75a-3189969999c2","statusCode":200,"requestId":"d1b42beb-dd7b-4537-990b-34e6d5de51de"}
{"level":"info","time":"2026-07-28T09:49:07.735Z","service":"api","msg":"request.completed","method":"OPTIONS","url":"/v1/auth/login","statusCode":204,"requestId":"8ff2e983-9481-4fbc-b98a-d744ea277d6b"}
{"level":"info","time":"2026-07-28T09:49:07.984Z","service":"api","msg":"request.completed","method":"POST","url":"/v1/auth/login","statusCode":200,"requestId":"033d7e72-3052-4fd6-a993-a49cf8979f46"}
{"level":"info","time":"2026-07-28T09:49:08.299Z","service":"api","msg":"request.completed","method":"GET","url":"/v1/me","statusCode":200,"requestId":"e63c4cb2-a8dd-484a-b0de-271bca0d4a24"}
{"level":"info","time":"2026-07-28T09:49:08.303Z","service":"api","msg":"request.completed","method":"GET","url":"/v1/organizations","statusCode":200,"requestId":"b4bc9570-fa58-4b7e-be75-6e62eff5aa34"}
{"level":"info","time":"2026-07-28T09:49:08.317Z","service":"api","msg":"request.completed","method":"GET","url":"/v1/properties?organizationId=d215a186-f84d-4c7c-b75a-3189969999c2","statusCode":200,"requestId":"807632b5-0d19-4672-8350-b1a66060f05a"}
{"level":"info","time":"2026-07-28T09:49:08.579Z","service":"api","msg":"request.completed","method":"GET","url":"/v1/me","statusCode":200,"requestId":"af0d3b52-4050-4f6b-81c4-f01e03e99b0f"}
{"level":"info","time":"2026-07-28T09:49:08.606Z","service":"api","msg":"request.completed","method":"GET","url":"/v1/organizations","statusCode":200,"requestId":"66aeb8a9-988b-4a8f-98aa-9b02e1ea796a"}
{"level":"info","time":"2026-07-28T09:49:08.868Z","service":"api","msg":"request.completed","method":"OPTIONS","url":"/v1/auth/login","statusCode":204,"requestId":"48178df1-9091-4a9f-9b7c-482686bf0000"}
{"level":"info","time":"2026-07-28T09:49:09.186Z","service":"api","msg":"request.completed","method":"POST","url":"/v1/auth/login","statusCode":200,"requestId":"6ab13c7d-3e69-4ee9-b901-f4d962bfe803"}
{"level":"info","time":"2026-07-28T09:49:09.501Z","service":"api","msg":"request.completed","method":"GET","url":"/v1/me","statusCode":200,"requestId":"4de036ee-14aa-42ed-b17d-001a5bb1f777"}
{"level":"info","time":"2026-07-28T09:49:09.505Z","service":"api","msg":"request.completed","method":"GET","url":"/v1/organizations","statusCode":200,"requestId":"378812b9-78c1-47ba-b9f2-7c25ebb1dfbc"}
{"level":"info","time":"2026-07-28T09:49:09.518Z","service":"api","msg":"request.completed","method":"GET","url":"/v1/properties?organizationId=d215a186-f84d-4c7c-b75a-3189969999c2","statusCode":200,"requestId":"d5ca8253-132b-47ad-97a5-a178d6b9be0a"}
{"level":"info","time":"2026-07-28T09:49:09.868Z","service":"api","msg":"request.completed","method":"OPTIONS","url":"/v1/auth/login","statusCode":204,"requestId":"45bc55bb-52ec-4ce0-a37b-57c4d3e54c3c"}
{"level":"info","time":"2026-07-28T09:49:10.110Z","service":"api","msg":"request.completed","method":"POST","url":"/v1/auth/login","statusCode":200,"requestId":"a8421840-fe64-4bb9-a29d-a294774797d5"}
{"level":"info","time":"2026-07-28T09:49:10.425Z","service":"api","msg":"request.completed","method":"GET","url":"/v1/me","statusCode":200,"requestId":"a9001fb1-0c37-4cf7-abe3-6a6682b2c386"}
{"level":"info","time":"2026-07-28T09:49:10.428Z","service":"api","msg":"request.completed","method":"GET","url":"/v1/organizations","statusCode":200,"requestId":"d566d3f0-f9b7-4cf2-ad85-53eb5cf71819"}
{"level":"info","time":"2026-07-28T09:49:10.441Z","service":"api","msg":"request.completed","method":"GET","url":"/v1/properties?organizationId=d215a186-f84d-4c7c-b75a-3189969999c2","statusCode":200,"requestId":"9bb529bd-4982-4ccc-902e-5f2c83fce4a4"}
{"level":"info","time":"2026-07-28T09:49:10.868Z","service":"api","msg":"request.completed","method":"OPTIONS","url":"/v1/auth/login","statusCode":204,"requestId":"9e9bfd92-57f0-434a-acb0-39ea421b922c"}
{"level":"info","time":"2026-07-28T09:49:11.103Z","service":"api","msg":"request.completed","method":"POST","url":"/v1/auth/login","statusCode":200,"requestId":"56173c1d-9761-4882-a450-857e9c8f5a9a"}
{"level":"info","time":"2026-07-28T09:49:11.415Z","service":"api","msg":"request.completed","method":"GET","url":"/v1/me","statusCode":200,"requestId":"d00468d0-cf13-4519-8622-bda88ae7bc25"}
{"level":"info","time":"2026-07-28T09:49:11.418Z","service":"api","msg":"request.completed","method":"GET","url":"/v1/organizations","statusCode":200,"requestId":"0780d655-bd60-43e8-bbb8-605bbf7959ca"}
{"level":"info","time":"2026-07-28T09:49:11.430Z","service":"api","msg":"request.completed","method":"GET","url":"/v1/properties?organizationId=d215a186-f84d-4c7c-b75a-3189969999c2","statusCode":200,"requestId":"56afc79e-d065-4ec0-9d52-bab690e53a7f"}
{"level":"info","time":"2026-07-28T09:49:11.867Z","service":"api","msg":"request.completed","method":"OPTIONS","url":"/v1/auth/login","statusCode":204,"requestId":"1ae8117a-16c5-4e8c-8158-c058080f5c58"}
{"level":"info","time":"2026-07-28T09:49:12.079Z","service":"api","msg":"request.completed","method":"POST","url":"/v1/auth/login","statusCode":200,"requestId":"87039d57-c246-4b25-8137-8d6ae2eaa1fa"}
{"level":"info","time":"2026-07-28T09:49:12.390Z","service":"api","msg":"request.completed","method":"GET","url":"/v1/me","statusCode":200,"requestId":"f7c80a33-f721-4d22-afa3-9d2cde3103a5"}
{"level":"info","time":"2026-07-28T09:49:12.394Z","service":"api","msg":"request.completed","method":"GET","url":"/v1/organizations","statusCode":200,"requestId":"9f687d4a-e71b-426d-80e2-1ffe192a7d9e"}
{"level":"info","time":"2026-07-28T09:49:12.408Z","service":"api","msg":"request.completed","method":"GET","url":"/v1/properties?organizationId=d215a186-f84d-4c7c-b75a-3189969999c2","statusCode":200,"requestId":"65e8c63e-bf73-4c7d-b35f-b5f19092b8fd"}
{"level":"info","time":"2026-07-28T09:49:12.867Z","service":"api","msg":"request.completed","method":"OPTIONS","url":"/v1/auth/login","statusCode":204,"requestId":"41a906ed-cae6-4438-9853-e17e2ce0271c"}
{"level":"info","time":"2026-07-28T09:49:13.079Z","service":"api","msg":"request.completed","method":"POST","url":"/v1/auth/login","statusCode":200,"requestId":"afc55145-7b91-4686-879c-6c9b7fb95f39"}
{"level":"info","time":"2026-07-28T09:49:13.390Z","service":"api","msg":"request.completed","method":"GET","url":"/v1/me","statusCode":200,"requestId":"4eff53ee-e642-4e97-ad6c-eba32a0f5198"}
{"level":"info","time":"2026-07-28T09:49:13.393Z","service":"api","msg":"request.completed","method":"GET","url":"/v1/organizations","statusCode":200,"requestId":"ea0840cb-349d-4443-99b2-49967c557ef2"}
{"level":"info","time":"2026-07-28T09:49:13.404Z","service":"api","msg":"request.completed","method":"GET","url":"/v1/properties?organizationId=d215a186-f84d-4c7c-b75a-3189969999c2","statusCode":200,"requestId":"4ffe4743-44da-4219-9e72-a77a26c16771"}
{"level":"info","time":"2026-07-28T09:49:13.766Z","service":"api","msg":"request.completed","method":"GET","url":"/v1/me","statusCode":200,"requestId":"19471b7e-a910-47da-924f-6c3392919060"}
{"level":"info","time":"2026-07-28T09:49:13.773Z","service":"api","msg":"request.completed","method":"GET","url":"/v1/organizations","statusCode":200,"requestId":"f2ff2dab-4e51-4d50-b148-ca2886379c5e"}
{"level":"info","time":"2026-07-28T09:49:13.789Z","service":"api","msg":"request.completed","method":"GET","url":"/v1/properties?organizationId=d215a186-f84d-4c7c-b75a-3189969999c2","statusCode":200,"requestId":"6410f00a-ff26-4f16-99fa-7040d5a3ff7b"}
{"level":"info","time":"2026-07-28T09:49:13.959Z","service":"api","msg":"request.completed","method":"OPTIONS","url":"/v1/auth/login","statusCode":204,"requestId":"0d661476-e23b-4a57-8fdf-d20e7b2970bd"}
{"level":"info","time":"2026-07-28T09:49:14.172Z","service":"api","msg":"request.completed","method":"POST","url":"/v1/auth/login","statusCode":200,"requestId":"38edd25a-63e5-44ab-a2c7-bab7368f81c2"}
{"level":"info","time":"2026-07-28T09:49:14.484Z","service":"api","msg":"request.completed","method":"GET","url":"/v1/me","statusCode":200,"requestId":"b43e7f73-617e-43f1-9a79-cd60faed8c0c"}
{"level":"info","time":"2026-07-28T09:49:14.487Z","service":"api","msg":"request.completed","method":"GET","url":"/v1/organizations","statusCode":200,"requestId":"e01fb1cf-917b-4b33-9cfa-a1ba662ab3f5"}
{"level":"info","time":"2026-07-28T09:49:14.500Z","service":"api","msg":"request.completed","method":"GET","url":"/v1/properties?organizationId=d215a186-f84d-4c7c-b75a-3189969999c2","statusCode":200,"requestId":"1d54d53d-8db8-4db6-bfcc-769359eb7d89"}
{"level":"info","time":"2026-07-28T09:49:15.015Z","service":"api","msg":"request.completed","method":"POST","url":"/v1/auth/login","statusCode":200,"requestId":"21f2c87f-390c-4789-8589-e714cda7ae45"}
{"level":"info","time":"2026-07-28T09:49:15.056Z","service":"api","msg":"request.completed","method":"GET","url":"/v1/me","statusCode":200,"requestId":"ff66cd86-47d5-4328-a026-ce27bab2b9fd"}
{"level":"info","time":"2026-07-28T09:49:15.058Z","service":"api","msg":"request.completed","method":"GET","url":"/v1/organizations","statusCode":200,"requestId":"051c1702-5492-48af-8568-267476153148"}
{"level":"info","time":"2026-07-28T09:49:15.062Z","service":"api","msg":"request.completed","method":"GET","url":"/v1/me","statusCode":200,"requestId":"5627cdda-46e4-4b6f-ac26-c57f5a35eb72"}
{"level":"info","time":"2026-07-28T09:49:15.067Z","service":"api","msg":"request.completed","method":"GET","url":"/v1/properties?organizationId=d215a186-f84d-4c7c-b75a-3189969999c2","statusCode":200,"requestId":"c06bc67f-224e-4301-ae54-3d3e9eea3dcc"}
{"level":"info","time":"2026-07-28T09:49:15.067Z","service":"api","msg":"request.completed","method":"GET","url":"/v1/properties/df1e1282-981b-4f9f-a5ee-34dad323efb5","statusCode":200,"requestId":"2c9563bd-54df-4235-8ca1-c80208d44dab"}
{"level":"info","time":"2026-07-28T09:49:15.107Z","service":"api","msg":"request.completed","method":"GET","url":"/v1/me","statusCode":200,"requestId":"b1826858-25bb-4a5c-8586-75b1cc00e7d4"}
{"level":"info","time":"2026-07-28T09:49:15.109Z","service":"api","msg":"request.completed","method":"GET","url":"/v1/organizations","statusCode":200,"requestId":"aa7874f0-14ff-4dbf-ba14-d040bcc87e0d"}
{"level":"info","time":"2026-07-28T09:49:15.113Z","service":"api","msg":"request.completed","method":"GET","url":"/v1/me","statusCode":200,"requestId":"9c57dc7c-ea07-48e4-8c66-0d9635657069"}
{"level":"info","time":"2026-07-28T09:49:15.118Z","service":"api","msg":"request.completed","method":"GET","url":"/v1/properties?organizationId=d215a186-f84d-4c7c-b75a-3189969999c2","statusCode":200,"requestId":"3e0b4671-692d-4f18-9795-91448c70d838"}
{"level":"info","time":"2026-07-28T09:49:15.119Z","service":"api","msg":"request.completed","method":"GET","url":"/v1/properties/df1e1282-981b-4f9f-a5ee-34dad323efb5/branding","statusCode":200,"requestId":"fd8fc6a4-c0c6-491f-b40b-b0f838ca86c8"}
{"level":"info","time":"2026-07-28T09:49:15.306Z","service":"api","msg":"request.completed","method":"POST","url":"/v1/uploads/presign","statusCode":200,"requestId":"4091d040-3a8d-4bf0-b8fa-d40b5f84a33e"}
{"level":"info","time":"2026-07-28T09:49:15.903Z","service":"api","msg":"request.completed","method":"POST","url":"/v1/uploads/complete","statusCode":200,"requestId":"3bb62189-03ae-4a3d-bbfd-81ce800b4e17"}
{"level":"info","time":"2026-07-28T09:49:16.080Z","service":"api","msg":"request.completed","method":"DELETE","url":"/v1/assets/558a39ec-bdf5-4a86-9be9-d58bc1463654","statusCode":200,"requestId":"00feccdf-e23e-47af-9796-2bdb2bf11831"}
{"level":"info","time":"2026-07-28T09:49:16.341Z","service":"api","msg":"request.completed","method":"OPTIONS","url":"/v1/auth/login","statusCode":204,"requestId":"d56c0a74-f9cb-43f7-ac10-9089ce9a2588"}
{"level":"info","time":"2026-07-28T09:49:16.575Z","service":"api","msg":"request.completed","method":"POST","url":"/v1/auth/login","statusCode":200,"requestId":"7b045c8f-ee7d-4cec-8598-746ba2a62d85"}
{"level":"info","time":"2026-07-28T09:49:16.888Z","service":"api","msg":"request.completed","method":"GET","url":"/v1/me","statusCode":200,"requestId":"16065112-5b85-4e5a-99be-a5ab60c4c25a"}
{"level":"info","time":"2026-07-28T09:49:16.893Z","service":"api","msg":"request.completed","method":"GET","url":"/v1/organizations","statusCode":200,"requestId":"b9d7418d-f420-401d-ab97-7b525230eee1"}
{"level":"info","time":"2026-07-28T09:49:16.903Z","service":"api","msg":"request.completed","method":"GET","url":"/v1/properties?organizationId=d215a186-f84d-4c7c-b75a-3189969999c2","statusCode":200,"requestId":"6e17a084-d99f-47fc-9f1e-46de6b51e677"}
{"level":"info","time":"2026-07-28T09:49:17.222Z","service":"api","msg":"request.completed","method":"GET","url":"/v1/me","statusCode":200,"requestId":"a375a049-454d-4520-a7f6-e66a0c68e73c"}
{"level":"info","time":"2026-07-28T09:49:17.225Z","service":"api","msg":"request.completed","method":"GET","url":"/v1/organizations","statusCode":200,"requestId":"6e3e0ea8-5356-4bd2-a641-83f6d130bf4c"}
{"level":"info","time":"2026-07-28T09:49:17.233Z","service":"api","msg":"request.completed","method":"GET","url":"/v1/properties?organizationId=d215a186-f84d-4c7c-b75a-3189969999c2","statusCode":200,"requestId":"2211c4c4-7e17-4617-a635-09382372e641"}
{"level":"info","time":"2026-07-28T09:49:17.258Z","service":"api","msg":"request.completed","method":"POST","url":"/v1/auth/logout","statusCode":200,"requestId":"98c64095-c469-4210-87db-1b400abc0216"}
{"level":"info","time":"2026-07-28T09:49:17.416Z","service":"api","msg":"request.completed","method":"OPTIONS","url":"/v1/auth/login","statusCode":204,"requestId":"71e63b62-d74d-48e3-b34e-0d3e13b69eb5"}
{"level":"info","time":"2026-07-28T09:49:17.634Z","service":"api","msg":"request.completed","method":"POST","url":"/v1/auth/login","statusCode":200,"requestId":"40377903-dc46-4527-9dc1-4e4539d21b4a"}
{"level":"info","time":"2026-07-28T09:49:17.951Z","service":"api","msg":"request.completed","method":"GET","url":"/v1/me","statusCode":200,"requestId":"1ac19c55-d53b-416d-8bad-579fc19b52aa"}
{"level":"info","time":"2026-07-28T09:49:17.957Z","service":"api","msg":"request.completed","method":"GET","url":"/v1/organizations","statusCode":200,"requestId":"f2fb9f3e-a884-4105-9c30-fcaaf591f50a"}
{"level":"info","time":"2026-07-28T09:49:17.968Z","service":"api","msg":"request.completed","method":"GET","url":"/v1/properties?organizationId=d215a186-f84d-4c7c-b75a-3189969999c2","statusCode":200,"requestId":"f6a5c1c2-e76d-4706-9bee-1ad78014b96e"}
{"level":"info","time":"2026-07-28T09:49:18.367Z","service":"api","msg":"request.completed","method":"OPTIONS","url":"/v1/auth/login","statusCode":204,"requestId":"94b74501-8e36-448e-9f77-960d91356793"}
{"level":"info","time":"2026-07-28T09:49:18.585Z","service":"api","msg":"request.completed","method":"POST","url":"/v1/auth/login","statusCode":200,"requestId":"a4e3eddf-6d73-4661-a69d-3abcb3a1e67f"}
{"level":"info","time":"2026-07-28T09:49:18.896Z","service":"api","msg":"request.completed","method":"GET","url":"/v1/me","statusCode":200,"requestId":"d0bd1347-a363-4fb3-afc9-9bf75cbd0c48"}
{"level":"info","time":"2026-07-28T09:49:18.900Z","service":"api","msg":"request.completed","method":"GET","url":"/v1/organizations","statusCode":200,"requestId":"10f43781-16c2-40a3-81a2-ffc59ba26d3c"}
{"level":"info","time":"2026-07-28T09:49:18.912Z","service":"api","msg":"request.completed","method":"GET","url":"/v1/properties?organizationId=d215a186-f84d-4c7c-b75a-3189969999c2","statusCode":200,"requestId":"f215ba10-8fdc-44d9-9662-ae31e91afa8a"}
{"level":"info","time":"2026-07-28T09:49:19.368Z","service":"api","msg":"request.completed","method":"OPTIONS","url":"/v1/auth/login","statusCode":204,"requestId":"0478b1ae-b0ef-45c3-b288-b5c9b1f4c1ce"}
{"level":"info","time":"2026-07-28T09:49:19.580Z","service":"api","msg":"request.completed","method":"POST","url":"/v1/auth/login","statusCode":200,"requestId":"05227487-7c91-47a5-9550-8410c488ca1e"}
{"level":"info","time":"2026-07-28T09:49:19.891Z","service":"api","msg":"request.completed","method":"GET","url":"/v1/me","statusCode":200,"requestId":"1cbd28a0-5a8b-45dd-a696-4659bf588ff0"}
/Users/huypq/Documents/Projects/guestportal/apps/api:
[ERR_PNPM_RECURSIVE_RUN_FIRST_FAIL] @guestportal/api@0.0.0 start: `node dist/server.js`
Command failed with signal "SIGTERM"
