• turbo 2.10.7

   • Packages in scope: @guestportal/admin-web, @guestportal/ai-tools, @guestportal/analytics, @guestportal/api, @guestportal/auth, @guestportal/config, @guestportal/contracts, @guestportal/db, @guestportal/embedding-service, @guestportal/eslint-config, @guestportal/guest-web, @guestportal/observability, @guestportal/rag, @guestportal/staff-web, @guestportal/storage, @guestportal/tenancy, @guestportal/test-kit, @guestportal/typescript-config, @guestportal/ui, @guestportal/worker
   • Running lint in 20 packages
   • Remote caching disabled

@guestportal/config:build: cache bypass, force executing 869f39729b1a8b1b
@guestportal/storage:build: cache bypass, force executing a1b68005047fd1c7
@guestportal/observability:build: cache bypass, force executing 26262074b9bf5080
@guestportal/contracts:build: cache bypass, force executing eb9099df2ada4263
@guestportal/test-kit:lint: cache bypass, force executing 8ba3e6c6010e9bd2
@guestportal/config:lint: cache bypass, force executing bd5b85afa4c4f359
@guestportal/storage:lint: cache bypass, force executing 1ecc22d7803fdd1b
@guestportal/embedding-service:lint: cache bypass, force executing 94706ddf71569211
@guestportal/observability:lint: cache bypass, force executing 88856b7150cf49b7
@guestportal/contracts:lint: cache bypass, force executing 6115b17912801ce0
@guestportal/observability:build: $ tsc -p tsconfig.json
@guestportal/config:lint: $ eslint .
@guestportal/storage:lint: $ eslint .
@guestportal/test-kit:lint: $ eslint .
@guestportal/config:build: $ tsc -p tsconfig.json
@guestportal/storage:build: $ tsc -p tsconfig.json
@guestportal/contracts:build: $ tsc -p tsconfig.json
@guestportal/embedding-service:lint: $ python3 -m compileall app
@guestportal/observability:lint: $ eslint .
@guestportal/contracts:lint: $ eslint .
@guestportal/embedding-service:lint: Listing 'app'...
@guestportal/rag:build: cache bypass, force executing 25bd400252082ba2
@guestportal/ai-tools:lint: cache bypass, force executing d25e67ba97b0d096
@guestportal/db:build: cache bypass, force executing 159794577ef3fc07
@guestportal/ui:build: cache bypass, force executing d0c4bbfafb3fd0ad
@guestportal/analytics:build: cache bypass, force executing f21cda56911d365e
@guestportal/db:lint: cache bypass, force executing 3749da601d0b1222
@guestportal/ai-tools:build: cache bypass, force executing af13861d8b50b242
@guestportal/ui:lint: cache bypass, force executing 5ff43dc2dabfad8e
@guestportal/analytics:lint: cache bypass, force executing 76189a3f5775591a
@guestportal/rag:lint: cache bypass, force executing 20c54f43f1d45cf1
@guestportal/analytics:build: $ tsc -p tsconfig.json
@guestportal/db:build: $ tsc -p tsconfig.json
@guestportal/ai-tools:lint: $ eslint .
@guestportal/rag:build: $ tsc -p tsconfig.json
@guestportal/ui:build: $ tsc -p tsconfig.json
@guestportal/ai-tools:build: $ tsc -p tsconfig.json
@guestportal/rag:lint: $ eslint .
@guestportal/ui:lint: $ eslint .
@guestportal/analytics:lint: $ eslint .
@guestportal/db:lint: $ eslint .
@guestportal/worker:lint: cache bypass, force executing d3c0f4e1b0cf04ed
@guestportal/worker:lint: $ eslint .
@guestportal/guest-web:lint: cache bypass, force executing 5995c5e189e120fd
@guestportal/staff-web:lint: cache bypass, force executing aec51c6607aa04a2
@guestportal/admin-web:lint: cache bypass, force executing 2a9a0980542298d6
@guestportal/auth:build: cache bypass, force executing 75de3b3b8e035992
@guestportal/auth:lint: cache bypass, force executing 1bed25df2c88d418
@guestportal/staff-web:lint: $ eslint .
@guestportal/admin-web:lint: $ eslint .
@guestportal/guest-web:lint: $ eslint .
@guestportal/auth:build: $ tsc -p tsconfig.json
@guestportal/auth:lint: $ eslint .
@guestportal/tenancy:build: cache bypass, force executing 590cee56fe066d67
@guestportal/tenancy:lint: cache bypass, force executing a706cbf31aa4b109
@guestportal/tenancy:lint: $ eslint .
@guestportal/tenancy:build: $ tsc -p tsconfig.json
@guestportal/api:lint: cache bypass, force executing 6d55fce18ade1e96
@guestportal/api:lint: $ eslint .

 Tasks:    29 successful, 29 total
Cached:    0 cached, 29 total
  Time:    11.707s 

