$ turbo run typecheck
• turbo 2.10.7

   • Packages in scope: @guestportal/admin-web, @guestportal/ai-tools, @guestportal/analytics, @guestportal/api, @guestportal/auth, @guestportal/config, @guestportal/contracts, @guestportal/db, @guestportal/embedding-service, @guestportal/eslint-config, @guestportal/guest-web, @guestportal/observability, @guestportal/rag, @guestportal/staff-web, @guestportal/storage, @guestportal/tenancy, @guestportal/test-kit, @guestportal/typescript-config, @guestportal/ui, @guestportal/worker
   • Running typecheck in 20 packages
   • Remote caching disabled

@guestportal/config:build: cache hit, replaying logs 869f39729b1a8b1b
@guestportal/embedding-service:typecheck: cache hit, replaying logs 0a7d01e5abacd86c
@guestportal/observability:build: cache hit, replaying logs 26262074b9bf5080
@guestportal/config:build: $ tsc -p tsconfig.json
@guestportal/observability:build: $ tsc -p tsconfig.json
@guestportal/config:typecheck: cache hit, replaying logs 307714ed6cf91df6
@guestportal/embedding-service:typecheck: $ python3 -m compileall app
@guestportal/embedding-service:typecheck: Listing 'app'...
@guestportal/contracts:typecheck: cache hit, replaying logs f4216567c9ef6140
@guestportal/config:typecheck: $ tsc -p tsconfig.json --noEmit
@guestportal/contracts:typecheck: $ tsc -p tsconfig.json --noEmit
@guestportal/observability:typecheck: cache hit, replaying logs 27a0515d77c95133
@guestportal/observability:typecheck: $ tsc -p tsconfig.json --noEmit
@guestportal/storage:typecheck: cache hit, replaying logs c1181dd83878c563
@guestportal/test-kit:typecheck: cache hit, replaying logs 511dcaac6f55f1ec
@guestportal/storage:typecheck: $ tsc -p tsconfig.json --noEmit
@guestportal/storage:build: cache hit, replaying logs a1b68005047fd1c7
@guestportal/storage:build: $ tsc -p tsconfig.json
@guestportal/test-kit:typecheck: $ tsc -p tsconfig.json --noEmit
@guestportal/contracts:build: cache hit, replaying logs eb9099df2ada4263
@guestportal/contracts:build: $ tsc -p tsconfig.json
@guestportal/analytics:build: cache hit, replaying logs f21cda56911d365e
@guestportal/analytics:build: $ tsc -p tsconfig.json
@guestportal/ai-tools:build: cache hit, replaying logs af13861d8b50b242
@guestportal/ai-tools:build: $ tsc -p tsconfig.json
@guestportal/db:build: cache hit, replaying logs 159794577ef3fc07
@guestportal/db:build: $ tsc -p tsconfig.json
@guestportal/ai-tools:typecheck: cache hit, replaying logs a0f2280b5c843901
@guestportal/db:typecheck: cache hit, replaying logs 6c229426c39651ac
@guestportal/ai-tools:typecheck: $ tsc -p tsconfig.json --noEmit
@guestportal/rag:typecheck: cache hit, replaying logs 77263ab5bb0fc121
@guestportal/db:typecheck: $ tsc -p tsconfig.json --noEmit
@guestportal/ui:build: cache hit, replaying logs d0c4bbfafb3fd0ad
@guestportal/ui:build: $ tsc -p tsconfig.json
@guestportal/rag:typecheck: $ tsc -p tsconfig.json --noEmit
@guestportal/analytics:typecheck: cache hit, replaying logs 68a28d8859657fac
@guestportal/ui:typecheck: cache hit, replaying logs 53fe4fb267134109
@guestportal/analytics:typecheck: $ tsc -p tsconfig.json --noEmit
@guestportal/ui:typecheck: $ tsc -p tsconfig.json --noEmit
@guestportal/rag:build: cache hit, replaying logs 25bd400252082ba2
@guestportal/rag:build: $ tsc -p tsconfig.json
@guestportal/auth:build: cache hit, replaying logs 75de3b3b8e035992
@guestportal/auth:build: $ tsc -p tsconfig.json
@guestportal/auth:typecheck: cache hit, replaying logs 39a7362bb60c319f
@guestportal/auth:typecheck: $ tsc -p tsconfig.json --noEmit
@guestportal/admin-web:typecheck: cache hit, replaying logs 5b5984398a6f2637
@guestportal/staff-web:typecheck: cache hit, replaying logs 6df6f64a5656f60a
@guestportal/staff-web:typecheck: $ tsc -p tsconfig.json --noEmit
@guestportal/guest-web:typecheck: cache hit, replaying logs 694a56e20811f493
@guestportal/admin-web:typecheck: $ tsc -p tsconfig.json --noEmit
@guestportal/guest-web:typecheck: $ tsc -p tsconfig.json --noEmit
@guestportal/worker:typecheck: cache hit, replaying logs bd7525458ce47226
@guestportal/tenancy:typecheck: cache hit, replaying logs 2ae1f82250e2f47b
@guestportal/worker:typecheck: $ tsc -p tsconfig.json --noEmit
@guestportal/tenancy:build: cache hit, replaying logs 590cee56fe066d67
@guestportal/tenancy:typecheck: $ tsc -p tsconfig.json --noEmit
@guestportal/tenancy:build: $ tsc -p tsconfig.json
@guestportal/api:typecheck: cache hit, replaying logs 4693705698d13625
@guestportal/api:typecheck: $ tsc -p tsconfig.json --noEmit

 Tasks:    29 successful, 29 total
Cached:    29 cached, 29 total
  Time:    19ms >>> FULL TURBO

