$ node scripts/run-phase10-lighthouse.mjs
$ tsc -p tsconfig.json
$ next build
   ▲ Next.js 15.5.21

   Creating an optimized production build ...
 ✓ Compiled successfully in 1492ms
   Linting and checking validity of types ...

 ⚠ The Next.js plugin was not detected in your ESLint configuration. See https://nextjs.org/docs/app/api-reference/config/eslint#migrating-existing-config
   Collecting page data ...
   Generating static pages (0/4) ...
   Generating static pages (1/4) 
   Generating static pages (2/4) 
   Generating static pages (3/4) 
 ✓ Generating static pages (4/4)
   Finalizing page optimization ...
   Collecting build traces ...

Route (app)                                 Size  First Load JS
┌ ○ /                                      123 B         102 kB
├ ○ /_not-found                            991 B         103 kB
├ ƒ /g/[qrToken]                           128 B         121 kB
├ ƒ /g/[qrToken]/chat                      128 B         121 kB
├ ƒ /g/[qrToken]/explore                   128 B         121 kB
├ ƒ /g/[qrToken]/food                      128 B         121 kB
├ ƒ /g/[qrToken]/guide                     128 B         121 kB
├ ƒ /g/[qrToken]/requests/[requestType]    128 B         121 kB
├ ƒ /g/[qrToken]/services                  128 B         121 kB
└ ƒ /g/[qrToken]/status                    127 B         121 kB
+ First Load JS shared by all             102 kB
  ├ chunks/127-4d40aa6cc03772b2.js       45.9 kB
  ├ chunks/efc7ba85-aa36d849d6c3c3e2.js  54.2 kB
  └ other shared chunks (total)          1.88 kB


○  (Static)   prerendered as static content
ƒ  (Dynamic)  server-rendered on demand

$ next build
   ▲ Next.js 15.5.21

   Creating an optimized production build ...
 ✓ Compiled successfully in 1475ms
   Linting and checking validity of types ...

 ⚠ The Next.js plugin was not detected in your ESLint configuration. See https://nextjs.org/docs/app/api-reference/config/eslint#migrating-existing-config
   Collecting page data ...
   Generating static pages (0/7) ...
   Generating static pages (1/7) 
   Generating static pages (3/7) 
   Generating static pages (5/7) 
 ✓ Generating static pages (7/7)
   Finalizing page optimization ...
   Collecting build traces ...

Route (app)                                 Size  First Load JS
┌ ○ /_not-found                            991 B         103 kB
├ ● /[locale]                              170 B         153 kB
├   ├ /vi
├   └ /en
├ ƒ /[locale]/[...slug]                    170 B         153 kB
└ ● /[locale]/login                      1.36 kB         115 kB
    ├ /vi/login
    └ /en/login
+ First Load JS shared by all             102 kB
  ├ chunks/127-4d40aa6cc03772b2.js       45.9 kB
  ├ chunks/efc7ba85-aa36d849d6c3c3e2.js  54.2 kB
  └ other shared chunks (total)          1.88 kB


ƒ Middleware                               46 kB

○  (Static)   prerendered as static content
●  (SSG)      prerendered as static HTML (uses generateStaticParams)
ƒ  (Dynamic)  server-rendered on demand

   ▲ Next.js 15.5.21
   ▲ Next.js 15.5.21
   - Local:        http://localhost:3010
   - Network:      http://192.168.1.184:3010

 ✓ Starting...
   - Local:        http://localhost:3110
   - Network:      http://192.168.1.184:3110

 ✓ Starting...
 ✓ Ready in 413ms
 ✓ Ready in 420ms
{"level":"info","time":"2026-07-28T09:06:59.309Z","service":"api","msg":"api.started","port":4010}
{"level":"info","time":"2026-07-28T09:06:59.574Z","service":"api","msg":"request.completed","method":"GET","url":"/health","statusCode":200,"requestId":"d3bdebdc-09e0-4fda-98f9-48d5ece56278"}
{"level":"info","time":"2026-07-28T09:06:59.874Z","service":"api","msg":"request.completed","method":"POST","url":"/v1/auth/login","statusCode":200,"requestId":"143dc45a-3182-4d92-b647-662f99684902"}
{"level":"info","time":"2026-07-28T09:06:59.883Z","service":"api","msg":"request.completed","method":"GET","url":"/v1/properties?organizationId=d215a186-f84d-4c7c-b75a-3189969999c2","statusCode":200,"requestId":"e5013e84-3f14-4798-b132-08a96ead2d20"}
{"level":"info","time":"2026-07-28T09:06:59.897Z","service":"api","msg":"request.completed","method":"GET","url":"/v1/properties/3ab87d2a-0c78-4fac-aa15-515a733cc3ae/locations","statusCode":200,"requestId":"02ea8706-56b5-4e20-a859-9886e1a5623a"}
{"level":"info","time":"2026-07-28T09:06:59.918Z","service":"api","msg":"request.completed","method":"POST","url":"/v1/properties/3ab87d2a-0c78-4fac-aa15-515a733cc3ae/qr-codes","statusCode":200,"requestId":"77e544b0-6b8e-42f1-84f7-383c8c5adc96"}
npm warn Unknown project config "auto-install-peers". This will stop working in the next major version of npm. See `npm help npmrc` for supported config options.
npm warn Unknown project config "strict-peer-dependencies". This will stop working in the next major version of npm. See `npm help npmrc` for supported config options.
npm warn Unknown project config "confirmModulesPurge". This will stop working in the next major version of npm. See `npm help npmrc` for supported config options.
npm warn Unknown project config "auto-install-peers". This will stop working in the next major version of npm. See `npm help npmrc` for supported config options.
npm warn Unknown project config "strict-peer-dependencies". This will stop working in the next major version of npm. See `npm help npmrc` for supported config options.
npm warn Unknown project config "confirmModulesPurge". This will stop working in the next major version of npm. See `npm help npmrc` for supported config options.
{
  "generatedAt": "2026-07-28T09:07:22.856Z",
  "environment": "local",
  "reports": [
    {
      "name": "guest-home-desktop",
      "url": "http://127.0.0.1:3010/g/rUYKVuwkWtcAgxbgapumZoc84O_bIFoZEVthBI2ZK1E",
      "report": "/Users/huypq/Documents/Projects/guestportal/evidence/phase-10/10.2/lighthouse/guest-home-desktop.json",
      "scores": {
        "performance": 1,
        "accessibility": 1,
        "bestPractices": 0.96
      },
      "target": {
        "minPerformance": 0.5,
        "minAccessibility": 0.9,
        "minBestPractices": 0.8
      },
      "passed": true
    },
    {
      "name": "admin-login-desktop",
      "url": "http://127.0.0.1:3110/vi/login",
      "report": "/Users/huypq/Documents/Projects/guestportal/evidence/phase-10/10.2/lighthouse/admin-login-desktop.json",
      "scores": {
        "performance": 1,
        "accessibility": 1,
        "bestPractices": 1
      },
      "target": {
        "minPerformance": 0.5,
        "minAccessibility": 0.9,
        "minBestPractices": 0.8
      },
      "passed": true
    }
  ],
  "passed": true
}
{"level":"info","time":"2026-07-28T09:07:03.794Z","service":"api","msg":"request.completed","method":"OPTIONS","url":"/v1/guest/sessions","statusCode":204,"requestId":"bc5191ad-ede5-4bb0-9593-50fbf045baf8"}
{"level":"info","time":"2026-07-28T09:07:03.806Z","service":"api","msg":"request.completed","method":"POST","url":"/v1/guest/sessions","statusCode":200,"requestId":"c96c3bee-c2c1-40a7-8bbf-05a2db2a4e4c"}
{"level":"info","time":"2026-07-28T09:07:03.816Z","service":"api","msg":"request.completed","method":"GET","url":"/v1/guest/portal","statusCode":200,"requestId":"3bc26f9f-382e-4239-92bf-f47f7b0db6c4"}
{"level":"info","time":"2026-07-28T09:07:07.873Z","service":"api","msg":"request.completed","method":"POST","url":"/v1/guest/sessions","statusCode":200,"requestId":"dbea36bf-2a44-4aaa-9612-479e8e645074"}
{"level":"info","time":"2026-07-28T09:07:07.879Z","service":"api","msg":"request.completed","method":"GET","url":"/v1/guest/portal","statusCode":200,"requestId":"92674b65-8209-4d76-a19a-61efe97a6e9d"}
